== C208B-A, realiste
   bande par N (lo/hi) : 1:160-566 2:197-385 3:210-325 4:217-295 5:222-277 6:226-265 7:229-256 8:229-250 9:228-245 10:229-241 11:229-237 12:227-235 13:224-232 14:224-230 15:222-231 16:221-229 17:220-230 18:220-229 19:218-231 20:218-229
   suiveur (decalage -2 in) : 2 echecs / 7092, marge min -0.41, 1er centile 0.96 ; complet 199/18867
   ordre (bras) : 307 263 231 206 231 231 206 200 256 181 256 181 168 282 155 282 155 136 294 307
   moyenne des k premieres : 307 285 267 252 248 245 239 234 237 231 233 229 224 228 224 227 223 218 222 226
   recuit depuis le suiveur : 0 echecs, marge min +0.46, 1er centile 1.03 ; complet 337
   ordre (bras) : 294 155 231 307 231 181 282 206 231 200 256 206 168 256 155 263 136 282 181 307
== C208B-B, realiste
   bande par N (lo/hi) : 1:228-623 2:231-414 3:233-344 4:235-309 5:236-288 6:238-274 7:238-264 8:238-257 9:238-251 10:238-246 11:238-242 12:234-239 13:231-237 14:230-234 15:227-235 16:227-236 17:225-234 18:224-236 19:223-235 20:222-237
   suiveur (decalage -2 in) : 6 echecs / 6850, marge min -0.52, 1er centile 0.84 ; complet 548/18867
   ordre (bras) : 307 307 256 206 231 206 231 231 200 256 181 181 263 168 155 294 155 282 136 282
   moyenne des k premieres : 307 307 290 269 262 252 249 247 242 243 238 233 235 230 225 230 225 228 224 226
   recuit depuis le suiveur : 0 echecs, marge min +0.12, 1er centile 0.83 ; complet 594
   ordre (bras) : 294 282 256 181 307 136 307 181 231 263 200 206 168 256 155 231 206 231 155 282
== deux avions, realiste
   bande par N (lo/hi) : 1:228-566 2:231-385 3:233-325 4:235-295 5:236-277 6:238-265 7:238-256 8:238-250 9:238-245 10:238-241 11:238-237 12:234-235 13:231-232 14:230-230 15:227-231 16:227-229 17:225-230 18:224-229 19:223-231 20:222-229
   suiveur (decalage -2 in) : 73 echecs / 13942, marge min -1.01, 1er centile 0.32 ; complet 210/18867
   ordre (bras) : 307 307 206 231 231 206 231 200 256 181 256 181 168 263 155 282 155 282 136 294
   moyenne des k premieres : 307 307 273 263 256 248 246 240 242 236 238 233 228 230 225 229 225 228 223 226
   recuit depuis le suiveur : 29 echecs, marge min -1.08, 1er centile 0.46 ; complet 127
   ordre (bras) : 307 307 206 181 263 181 256 231 231 206 231 155 256 200 136 282 168 282 155 294
== deux avions, realiste + fuel <= 1900 + moy 75-105
   bande par N (lo/hi) : 1:185-603 2:208-403 3:216-337 4:221-304 5:225-284 6:227-271 7:229-261 8:231-254 9:233-249 10:233-244 11:233-241 12:230-238 13:228-235 14:227-233 15:225-231 16:223-229 17:223-230 18:222-229 19:220-231 20:215-229
   suiveur (decalage -2 in) : 15 echecs / 9799, marge min -0.66, 1er centile 0.65 ; complet 136/18867
   ordre (bras) : 307 294 231 206 231 206 231 200 256 181 256 181 168 263 155 282 155 282 136 307
   moyenne des k premieres : 307 301 278 260 254 246 244 238 240 234 236 232 227 229 224 228 224 227 222 226
   recuit depuis le suiveur : 1 echecs, marge min -0.26, 1er centile 0.89 ; complet 221
   ordre (bras) : 256 282 155 294 307 155 200 231 231 231 263 181 206 206 181 256 136 282 168 307
== C208B-A, complet
   bande par N (lo/hi) : 1:166-535 2:200-370 3:212-315 4:219-287 5:224-271 6:227-259 7:229-252 8:229-246 9:228-241 10:229-237 11:229-234 12:227-232 13:229-230 14:227-228 15:226-228 16:223-229 17:223-228 18:222-229 19:220-228 20:220-229
   suiveur (decalage -2 in) : 22 echecs / 9604, marge min -0.84, 1er centile 0.67 ; complet 225/18867
   ordre (bras) : 307 256 231 206 231 206 231 200 256 181 181 263 168 282 155 282 155 294 136 307
   moyenne des k premieres : 307 282 265 250 246 240 238 234 236 231 226 229 224 228 224 227 223 227 222 226
   recuit depuis le suiveur : 5 echecs, marge min -0.35, 1er centile 0.72 ; complet 452
   ordre (bras) : 206 294 307 155 181 256 282 168 263 206 200 231 231 181 256 155 282 136 231 307
== C208B-B, complet
   bande par N (lo/hi) : 1:228-587 2:232-396 3:234-332 4:235-300 5:237-281 6:238-268 7:238-259 8:238-252 9:238-247 10:238-243 11:238-239 12:238-236 13:236-234 14:234-234 15:233-232 16:230-233 17:229-234 18:228-233 19:225-235 20:225-233
   suiveur (decalage -2 in) : 54 echecs / 9263, marge min -1.01, 1er centile 0.27 ; complet 563/18867
   ordre (bras) : 307 307 231 206 231 231 206 200 256 181 256 181 263 168 282 155 282 155 294 136
   moyenne des k premieres : 307 307 282 263 256 252 246 240 242 236 238 233 235 230 234 229 232 228 231 226
   recuit depuis le suiveur : 23 echecs, marge min -1.27, 1er centile 0.44 ; complet 513
   ordre (bras) : 282 294 155 307 307 168 181 256 256 181 231 206 155 263 231 206 200 231 136 282
