=== C208B-A : ordre d origine (bras) : 234 234 209 210 258 258 222 258 282 282 185 186 136 162 185 294 149 161 307 307
    bras moyen des k premiers : 234 234 226 222 229 234 232 235 241 245 239 235 227 223 220 225 220 217 222 226
  -- forfait 90 kg, pilote 80
  enveloppe complete (avant + arriere + MTOW): 0 echecs / 297 (0.0 %)  {}
  critere des planches (arriere + MTOW)      : 0 echecs / 297 (0.0 %)  {}
  -- forfait 80 kg, pilote 86
  enveloppe complete (avant + arriere + MTOW): 1 echecs / 329 (0.3 %)  {'avant': 1}
     par N     : 18:1
     par masse : 80:1
     par fuel  : 800:1
     pire : N=18 masse 80 kg fuel 800 pilote 86 -> CG 198.93 in (32.17 %MAC) avant
  critere des planches (arriere + MTOW)      : 0 echecs / 329 (0.0 %)  {}
  -- poids moyen 60 a 120 kg (pas 5), pilotes 80/86
  enveloppe complete (avant + arriere + MTOW): 299 echecs / 7801 (3.8 %)  {'arriere': 248, 'avant': 51}
     par N     : 10:127 11:80 12:41 13:5 14:8 15:13 17:5 18:20
     par masse : 60:22 65:14 70:8 75:5 80:2 100:19 105:47 110:63 115:63 120:56
     par fuel  : 200:24 300:24 400:23 500:22 600:23 700:21 800:23 900:20 1000:19 1100:16 1200:16 1300:14 1400:12 1500:11 1600:7 1700:4 1800:6 1900:4 2000:3 2100:3 2200:2 2224:2
     pire : N=10 masse 120 kg fuel 200 pilote 80 -> CG 206.78 in (43.99 %MAC) arriere
  critere des planches (arriere + MTOW)      : 248 echecs / 7801 (3.2 %)  {'arriere': 248}
     par N     : 10:127 11:80 12:41
     par masse : 100:19 105:47 110:63 115:63 120:56
     par fuel  : 200:24 300:24 400:23 500:22 600:23 700:21 800:21 900:19 1000:17 1100:14 1200:13 1300:12 1400:8 1500:5 1600:2
     pire : N=10 masse 120 kg fuel 200 pilote 80 -> CG 206.78 in (43.99 %MAC) arriere
  -- poids moyen 70 a 110 kg, pilotes 80/86
  enveloppe complete (avant + arriere + MTOW): 144 echecs / 5354 (2.7 %)  {'arriere': 129, 'avant': 15}
     par N     : 10:77 11:41 12:11 14:2 15:4 18:9
     par masse : 70:8 75:5 80:2 100:19 105:47 110:63
     par fuel  : 200:12 300:12 400:11 500:10 600:11 700:9 800:11 900:10 1000:11 1100:10 1200:10 1300:8 1400:6 1500:7 1600:4 1800:2
     pire : N=18 masse 70 kg fuel 1100 pilote 86 -> CG 198.28 in (31.19 %MAC) avant
  critere des planches (arriere + MTOW)      : 129 echecs / 5354 (2.4 %)  {'arriere': 129}
     par N     : 10:77 11:41 12:11
     par masse : 100:19 105:47 110:63
     par fuel  : 200:12 300:12 400:11 500:10 600:11 700:9 800:9 900:9 1000:9 1100:8 1200:8 1300:8 1400:6 1500:5 1600:2
     pire : N=10 masse 110 kg fuel 200 pilote 80 -> CG 205.69 in (42.35 %MAC) arriere
  -- poids moyen 70 a 110 kg, pilotes 65 a 110
  enveloppe complete (avant + arriere + MTOW): 279 echecs / 10663 (2.6 %)  {'arriere': 238, 'avant': 41}
     par N     : 4:3 10:147 11:72 12:19 13:1 14:5 15:14 17:3 18:15
     par masse : 70:22 75:10 80:4 85:2 100:31 105:86 110:124
     par fuel  : 200:18 300:18 400:18 500:19 600:18 700:19 800:20 900:21 1000:21 1100:22 1200:19 1300:18 1400:15 1500:12 1600:9 1700:5 1800:3 1900:1 2200:1 2224:2
     pire : N=4 masse 105 kg fuel 2224 pilote 110 -> CG 194.88 in (26.06 %MAC) avant
  critere des planches (arriere + MTOW)      : 238 echecs / 10663 (2.2 %)  {'arriere': 238}
     par N     : 10:147 11:72 12:19
     par masse : 100:31 105:85 110:122
     par fuel  : 200:18 300:18 400:18 500:18 600:18 700:18 800:18 900:18 1000:18 1100:17 1200:16 1300:14 1400:12 1500:9 1600:5 1700:2 1800:1
     pire : N=10 masse 110 kg fuel 200 pilote 65 -> CG 206.00 in (42.81 %MAC) arriere

=== C208B-B : ordre d origine (bras) : 237 237 212 213 261 261 225 261 285 285 188 189 139 165 188 297 152 164 310 310
    bras moyen des k premiers : 237 237 229 225 232 237 235 238 244 248 242 238 230 226 223 228 223 220 225 229
  -- forfait 90 kg, pilote 80
  enveloppe complete (avant + arriere + MTOW): 8 echecs / 286 (2.8 %)  {'avant': 8}
     par N     : 3:1 4:3 5:2 7:2
     par masse : 90:8
     par fuel  : 2100:1 2200:3 2224:4
     pire : N=3 masse 90 kg fuel 2224 pilote 80 -> CG 193.17 in (23.50 %MAC) avant
  critere des planches (arriere + MTOW)      : 0 echecs / 286 (0.0 %)  {}
  -- forfait 80 kg, pilote 86
  enveloppe complete (avant + arriere + MTOW): 14 echecs / 318 (4.4 %)  {'avant': 14}
     par N     : 3:2 4:3 5:2 7:2 14:1 15:2 18:2
     par masse : 80:14
     par fuel  : 600:1 700:1 1100:1 1200:1 1400:1 2100:1 2200:4 2224:4
     pire : N=3 masse 80 kg fuel 2200 pilote 86 -> CG 192.76 in (22.87 %MAC) avant
  critere des planches (arriere + MTOW)      : 0 echecs / 318 (0.0 %)  {}
  -- poids moyen 60 a 120 kg (pas 5), pilotes 80/86
  enveloppe complete (avant + arriere + MTOW): 446 echecs / 7555 (5.9 %)  {'arriere': 126, 'avant': 320}
     par N     : 3:39 4:80 5:45 6:10 7:29 8:1 10:72 11:35 12:20 13:10 14:23 15:31 16:3 17:12 18:34 19:2
     par masse : 60:50 65:37 70:29 75:23 80:23 85:18 90:18 95:18 100:20 105:21 110:47 115:72 120:70
     par fuel  : 200:13 300:13 400:13 500:15 600:14 700:16 800:13 900:14 1000:12 1100:14 1200:15 1300:15 1400:16 1500:13 1600:11 1700:12 1800:7 1900:7 2000:14 2100:29 2200:76 2224:94
     pire : N=3 masse 60 kg fuel 2224 pilote 86 -> CG 192.17 in (21.99 %MAC) avant
  critere des planches (arriere + MTOW)      : 126 echecs / 7555 (1.7 %)  {'arriere': 126}
     par N     : 10:72 11:35 12:19
     par masse : 110:26 115:50 120:50
     par fuel  : 200:13 300:13 400:13 500:13 600:13 700:13 800:11 900:10 1000:8 1100:7 1200:6 1300:4 1400:2
     pire : N=10 masse 120 kg fuel 200 pilote 80 -> CG 206.03 in (42.87 %MAC) arriere
  -- poids moyen 70 a 110 kg, pilotes 80/86
  enveloppe complete (avant + arriere + MTOW): 217 echecs / 5176 (4.2 %)  {'arriere': 26, 'avant': 191}
     par N     : 3:29 4:56 5:33 6:4 7:27 8:1 10:26 13:1 14:9 15:13 17:2 18:16
     par masse : 70:29 75:23 80:23 85:18 90:18 95:18 100:20 105:21 110:47
     par fuel  : 200:2 300:2 400:2 500:4 600:3 700:5 800:4 900:6 1000:4 1100:5 1200:7 1300:5 1400:8 1500:5 1600:2 1700:2 1800:1 2000:4 2100:19 2200:58 2224:69
     pire : N=3 masse 70 kg fuel 2200 pilote 86 -> CG 192.45 in (22.42 %MAC) avant
  critere des planches (arriere + MTOW)      : 26 echecs / 5176 (0.5 %)  {'arriere': 26}
     par N     : 10:26
     par masse : 110:26
     par fuel  : 200:2 300:2 400:2 500:2 600:2 700:2 800:2 900:2 1000:2 1100:2 1200:2 1300:2 1400:2
     pire : N=10 masse 110 kg fuel 200 pilote 80 -> CG 204.85 in (41.09 %MAC) arriere
  -- poids moyen 70 a 110 kg, pilotes 65 a 110
  enveloppe complete (avant + arriere + MTOW): 566 echecs / 10294 (5.5 %)  {'arriere': 65, 'avant': 501}
     par N     : 1:18 2:18 3:64 4:121 5:70 6:35 7:62 8:18 10:54 11:11 13:6 14:21 15:29 17:11 18:28
     par masse : 70:77 75:64 80:57 85:50 90:51 95:51 100:50 105:64 110:102
     par fuel  : 200:6 300:5 400:6 500:7 600:8 700:10 800:12 900:12 1000:15 1100:12 1200:15 1300:13 1400:14 1500:11 1600:6 1700:5 1800:2 1900:9 2000:30 2100:72 2200:141 2224:155
     pire : N=1 masse 70 kg fuel 2200 pilote 110 -> CG 190.75 in (19.85 %MAC) avant
  critere des planches (arriere + MTOW)      : 65 echecs / 10294 (0.6 %)  {'arriere': 65}
     par N     : 10:54 11:11
     par masse : 105:14 110:51
     par fuel  : 200:5 300:5 400:5 500:5 600:5 700:5 800:5 900:5 1000:5 1100:5 1200:5 1300:4 1400:4 1500:2
     pire : N=10 masse 110 kg fuel 200 pilote 65 -> CG 205.15 in (41.54 %MAC) arriere

