18867 scenarios (dont 13942 realistes)

Pivot unique, lourds d abord : echecs (realiste / complet), marge min realiste
pivot                       distance                      equilibre
 215     35.2 % /  30.3 %   min  -5.8    30.4 % /  26.2 %   min  -5.0
 220     14.5 % /  12.5 %   min  -3.6    18.7 % /  16.1 %   min  -4.2
 225      9.1 % /   8.0 %   min  -3.3    10.3 % /   8.9 %   min  -3.5
 230      7.2 % /   6.4 %   min  -2.9     5.5 % /   5.1 %   min  -2.7
 235      4.8 % /   5.4 %   min  -4.0     4.6 % /   4.9 %   min  -2.6
 240     10.1 % /  10.3 %   min  -6.0     7.0 % /   7.6 %   min  -4.1
 245     17.2 % /  17.8 %   min  -9.0    18.3 % /  18.0 %   min  -6.8
 250     19.8 % /  20.0 %   min  -9.0    24.7 % /  23.9 %   min  -9.0

Ordre equilibre pour quelques pivots (bras des places dans l ordre) :
  225 : 231 231 206 231 206 256 200 256 181 263 181 282 168 282 155 294 155 307 136 307
  230 : 231 231 231 206 256 206 256 200 263 181 282 181 282 168 294 155 307 155 307 136
  235 : 231 231 231 256 206 256 206 263 200 282 181 282 181 294 168 307 155 307 155 136
  240 : 231 256 231 231 256 206 263 282 206 200 282 181 294 181 307 168 307 155 155 136

=== famille distance, marge cible 0.0 in
  scenarios couverts par au moins un pivot : 18864/18867 (realiste 13940/13942)
  fuel 2 (1200)              rate realiste   212 ( 1.52 %)  complet   285 ( 1.51 %)   pivots 0:225 1:235
  fuel 3 (900,1600)          rate realiste   111 ( 0.80 %)  complet   181 ( 0.96 %)   pivots 0:225 1:235 2:245
  masse 2 (1100)             rate realiste   219 ( 1.57 %)  complet   292 ( 1.55 %)   pivots 0:235 1:230
  masse 3 (800,1300)         rate realiste   107 ( 0.77 %)  complet   163 ( 0.86 %)   pivots 0:245 1:235 2:225
  masse 4 (600,1000,1400)    rate realiste   170 ( 1.22 %)  complet   233 ( 1.23 %)   pivots 0:245 1:235 2:230 3:225
  fuel 2 x masse 2           rate realiste   212 ( 1.52 %)  complet   285 ( 1.51 %)   pivots 0:225 1:225 2:235 3:235
  fuel 2 x masse 3           rate realiste    42 ( 0.30 %)  complet    85 ( 0.45 %)   pivots 0:220 1:230 2:225 3:245 4:235
  fuel 3 x masse 3           rate realiste    57 ( 0.41 %)  complet   100 ( 0.53 %)   pivots 0:220 1:225 2:225 3:235 4:235 5:225 6:245 7:235
  fuel 2 x N 3 (8,14)        rate realiste   134 ( 0.96 %)  complet   193 ( 1.02 %)   pivots 0:220 1:225 2:225 3:245 4:235 5:235
  fuel 3 x N 3 (8,14)        rate realiste    76 ( 0.55 %)  complet   144 ( 0.76 %)   pivots 0:210 1:225 2:225 3:230 4:235 5:230 6:245 7:245 8:235
  fuel 2 x N 4 (6,11,16)     rate realiste    77 ( 0.55 %)  complet   194 ( 1.03 %)   pivots 0:210 1:225 2:230 3:225 4:245 5:245 6:235 7:225

=== famille distance, marge cible 0.5 in
  scenarios couverts par au moins un pivot : 18846/18867 (realiste 13929/13942)
  fuel 2 (1200)              rate realiste   508 ( 3.64 %)  complet   668 ( 3.54 %)   pivots 0:230 1:235
  fuel 3 (900,1600)          rate realiste   249 ( 1.79 %)  complet   362 ( 1.92 %)   pivots 0:230 1:235 2:245
  masse 2 (1100)             rate realiste   516 ( 3.70 %)  complet   678 ( 3.59 %)   pivots 0:235 1:230
  masse 3 (800,1300)         rate realiste   274 ( 1.97 %)  complet   398 ( 2.11 %)   pivots 0:250 1:235 2:230
  masse 4 (600,1000,1400)    rate realiste   330 ( 2.37 %)  complet   438 ( 2.32 %)   pivots 0:250 1:235 2:230 3:230
  fuel 2 x masse 2           rate realiste   422 ( 3.03 %)  complet   586 ( 3.11 %)   pivots 0:230 1:230 2:245 3:235
  fuel 2 x masse 3           rate realiste   119 ( 0.85 %)  complet   193 ( 1.02 %)   pivots 0:220 1:230 2:230 3:250 4:235
  fuel 3 x masse 3           rate realiste   158 ( 1.13 %)  complet   235 ( 1.25 %)   pivots 0:220 1:225 2:230 3:235 4:235 5:225 6:250 7:235
  fuel 2 x N 3 (8,14)        rate realiste   256 ( 1.84 %)  complet   365 ( 1.93 %)   pivots 0:220 1:230 2:230 3:250 4:235 5:235
  fuel 3 x N 3 (8,14)        rate realiste   188 ( 1.35 %)  complet   297 ( 1.57 %)   pivots 0:210 1:225 2:230 3:230 4:235 5:230 6:250 7:245 8:235
  fuel 2 x N 4 (6,11,16)     rate realiste   212 ( 1.52 %)  complet   377 ( 2.00 %)   pivots 0:210 1:225 2:230 3:230 4:250 5:245 6:235 7:225

=== famille equilibre, marge cible 0.0 in
  scenarios couverts par au moins un pivot : 18867/18867 (realiste 13942/13942)
  fuel 2 (1200)              rate realiste   125 ( 0.90 %)  complet   198 ( 1.05 %)   pivots 0:230 1:240
  fuel 3 (900,1600)          rate realiste    70 ( 0.50 %)  complet    74 ( 0.39 %)   pivots 0:225 1:230 2:245
  masse 2 (1100)             rate realiste    91 ( 0.65 %)  complet   166 ( 0.88 %)   pivots 0:240 1:230
  masse 3 (800,1300)         rate realiste    47 ( 0.34 %)  complet    58 ( 0.31 %)   pivots 0:245 1:235 2:225
  masse 4 (600,1000,1400)    rate realiste    36 ( 0.26 %)  complet    48 ( 0.25 %)   pivots 0:245 1:240 2:230 3:225
  fuel 2 x masse 2           rate realiste    84 ( 0.60 %)  complet   102 ( 0.54 %)   pivots 0:230 1:225 2:240 3:235
  fuel 2 x masse 3           rate realiste    31 ( 0.22 %)  complet    38 ( 0.20 %)   pivots 0:220 1:230 2:225 3:245 4:235
  fuel 3 x masse 3           rate realiste     6 ( 0.04 %)  complet     6 ( 0.03 %)   pivots 0:215 1:225 2:225 3:230 4:235 5:230 6:245 7:240
  fuel 2 x N 3 (8,14)        rate realiste    56 ( 0.40 %)  complet    71 ( 0.38 %)   pivots 0:220 1:230 2:225 3:245 4:240 5:235
  fuel 3 x N 3 (8,14)        rate realiste    19 ( 0.14 %)  complet    28 ( 0.15 %)   pivots 0:210 1:225 2:225 3:225 4:235 5:230 6:245 7:240 8:235
  fuel 2 x N 4 (6,11,16)     rate realiste    47 ( 0.34 %)  complet   104 ( 0.55 %)   pivots 0:210 1:225 2:230 3:225 4:245 5:245 6:235 7:235

=== famille equilibre, marge cible 0.5 in
  scenarios couverts par au moins un pivot : 18856/18867 (realiste 13936/13942)
  fuel 2 (1200)              rate realiste   393 ( 2.82 %)  complet   566 ( 3.00 %)   pivots 0:230 1:240
  fuel 3 (900,1600)          rate realiste   213 ( 1.53 %)  complet   245 ( 1.30 %)   pivots 0:225 1:235 2:245
  masse 2 (1100)             rate realiste   360 ( 2.58 %)  complet   580 ( 3.07 %)   pivots 0:240 1:230
  masse 3 (800,1300)         rate realiste   202 ( 1.45 %)  complet   253 ( 1.34 %)   pivots 0:245 1:235 2:225
  masse 4 (600,1000,1400)    rate realiste   134 ( 0.96 %)  complet   194 ( 1.03 %)   pivots 0:255 1:240 2:230 3:225
  fuel 2 x masse 2           rate realiste   332 ( 2.38 %)  complet   505 ( 2.68 %)   pivots 0:230 1:230 2:240 3:235
  fuel 2 x masse 3           rate realiste   121 ( 0.87 %)  complet   146 ( 0.77 %)   pivots 0:225 1:230 2:225 3:245 4:235
  fuel 3 x masse 3           rate realiste    81 ( 0.58 %)  complet   102 ( 0.54 %)   pivots 0:215 1:230 2:225 3:230 4:235 5:230 6:245 7:240
  fuel 2 x N 3 (8,14)        rate realiste   176 ( 1.26 %)  complet   240 ( 1.27 %)   pivots 0:220 1:230 2:225 3:250 4:240 5:235
  fuel 3 x N 3 (8,14)        rate realiste    96 ( 0.69 %)  complet   139 ( 0.74 %)   pivots 0:215 1:225 2:225 3:230 4:235 5:230 6:250 7:240 8:235
  fuel 2 x N 4 (6,11,16)     rate realiste   156 ( 1.12 %)  complet   256 ( 1.36 %)   pivots 0:210 1:225 2:230 3:225 4:255 5:245 6:235 7:235
