-- The CXX compiler identification is GNU 13.3.0
-- Detecting CXX compiler ABI info
-- Detecting CXX compiler ABI info - done
-- Check for working CXX compiler: /usr/bin/c++ - skipped
-- Detecting CXX compile features
-- Detecting CXX compile features - done
-- The C compiler identification is GNU 13.3.0
-- Detecting C compiler ABI info
-- Detecting C compiler ABI info - done
-- Check for working C compiler: /usr/bin/gcc - skipped
-- Detecting C compile features
-- Detecting C compile features - done
-- HIGHS version: 1.9.0
-- Git hash: 66f735e
-- Build C++ library: ON
-- Build Fortran: OFF
-- Build CSharp: OFF
-- Build Python: OFF
-- Build all tests: OFF
-- ZLIB: ON
-- Build type: Release
-- Looking for C++ include sys/types.h
-- Looking for C++ include sys/types.h - found
-- Looking for C++ include stdint.h
-- Looking for C++ include stdint.h - found
-- Looking for C++ include stddef.h
-- Looking for C++ include stddef.h - found
-- Check size of long
-- Check size of long - done
-- Found long size: 8
-- Check size of long long
-- Check size of long long - done
-- Found long long size: 8
-- Check size of int64_t
-- Check size of int64_t - done
-- Found int64_t size: 8
-- Check size of unsigned long
-- Check size of unsigned long - done
-- Found unsigned long size: 8
-- Check size of unsigned long long
-- Check size of unsigned long long - done
-- Found unsigned long long size: 8
-- Check size of uint64_t
-- Check size of uint64_t - done
-- Found uint64_t size: 8
-- Check size of int *
-- Check size of int * - done
-- Found int * size: 8
-- IPO / LTO supported by compiler: YES
-- IPO / LTO: disabled by default when building a static library; set CMAKE_INTERPROCEDURAL_OPTIMIZATION=ON to enable
-- Performing Test HIGHS_HAVE_MM_PAUSE
-- Performing Test HIGHS_HAVE_MM_PAUSE - Success
-- Performing Test HIGHS_HAVE_BUILTIN_CLZ
-- Performing Test HIGHS_HAVE_BUILTIN_CLZ - Success
-- Performing Test COMPILER_SUPPORTS_POPCNT
-- Performing Test COMPILER_SUPPORTS_POPCNT - Success
-- Default multithreading: disabled
-- Could NOT find ZLIB (missing: ZLIB_LIBRARY ZLIB_INCLUDE_DIR) (Required is at least version "1.2.3")
-- FAST_BUILD set to on.
-- Build examples: OFF
-- Build C++ example: OFF
-- Build CSharp example: OFF
-- Build dotnet package: OFF
-- No CSharp support
-- Performing Test CMAKE_HAVE_LIBC_PTHREAD
-- Performing Test CMAKE_HAVE_LIBC_PTHREAD - Success
-- Found Threads: TRUE  
-- Performing Test HAVE_CXX_ATOMICS_WITHOUT_LIB
-- Performing Test HAVE_CXX_ATOMICS_WITHOUT_LIB - Success
-- Performing Test HAVE_CXX_ATOMICS64_WITHOUT_LIB
-- Performing Test HAVE_CXX_ATOMICS64_WITHOUT_LIB - Success
-- Performing Test COMPILER_HAS_HIDDEN_VISIBILITY
-- Performing Test COMPILER_HAS_HIDDEN_VISIBILITY - Success
-- Performing Test COMPILER_HAS_HIDDEN_INLINE_VISIBILITY
-- Performing Test COMPILER_HAS_HIDDEN_INLINE_VISIBILITY - Success
-- Performing Test COMPILER_HAS_DEPRECATED_ATTR
-- Performing Test COMPILER_HAS_DEPRECATED_ATTR - Success
-- .Net: Use .Net Framework 2.1 support: ON
-- Configuring done (5.8s)
-- Generating done (0.0s)
-- Build files have been written to: /home/jules/Documents/centrage_c208/heuristique_remplissage/placement_cpp/build
[1/178] Building CXX object HiGHS/src/CMakeFiles/highs.dir/io/HighsIO.cpp.o
[2/178] Building CXX object HiGHS/src/CMakeFiles/highs.dir/io/LoadOptions.cpp.o
[3/178] Building CXX object HiGHS/src/CMakeFiles/highs.dir/io/Filereader.cpp.o
[4/178] Building CXX object HiGHS/src/CMakeFiles/highs.dir/io/FilereaderMps.cpp.o
[5/178] Building CXX object HiGHS/src/CMakeFiles/highs.dir/lp_data/HighsDebug.cpp.o
[6/178] Building CXX object HiGHS/src/CMakeFiles/highs.dir/lp_data/HighsCallback.cpp.o
[7/178] Building CXX object HiGHS/src/CMakeFiles/highs.dir/io/FilereaderEms.cpp.o
[8/178] Building CXX object HiGHS/src/CMakeFiles/highs.dir/io/HMPSIO.cpp.o
[9/178] Building CXX object HiGHS/src/CMakeFiles/highs.dir/lp_data/HighsInfo.cpp.o
[10/178] Building CXX object HiGHS/src/CMakeFiles/highs.dir/ipm/IpxWrapper.cpp.o
[11/178] Building CXX object HiGHS/src/CMakeFiles/highs.dir/lp_data/HighsInfoDebug.cpp.o
[12/178] Building CXX object HiGHS/src/CMakeFiles/highs.dir/interfaces/highs_c_api.cpp.o
[13/178] Building CXX object HiGHS/src/CMakeFiles/highs.dir/lp_data/HighsDeprecated.cpp.o
[14/178] Building CXX object HiGHS/src/CMakeFiles/highs.dir/__/extern/filereaderlp/reader.cpp.o
[15/178] Building CXX object HiGHS/src/CMakeFiles/highs.dir/io/FilereaderLp.cpp.o
[16/178] Building CXX object HiGHS/src/CMakeFiles/highs.dir/io/HMpsFF.cpp.o
[17/178] Building CXX object HiGHS/src/CMakeFiles/highs.dir/lp_data/HighsOptions.cpp.o
[18/178] Building CXX object HiGHS/src/CMakeFiles/highs.dir/lp_data/HighsLp.cpp.o
[19/178] Building CXX object HiGHS/src/CMakeFiles/highs.dir/lp_data/HighsIis.cpp.o
[20/178] Building CXX object HiGHS/src/CMakeFiles/highs.dir/lp_data/HighsStatus.cpp.o
[21/178] Building CXX object HiGHS/src/CMakeFiles/highs.dir/lp_data/HighsSolutionDebug.cpp.o
[22/178] Building CXX object HiGHS/src/CMakeFiles/highs.dir/lp_data/HighsSolution.cpp.o
[23/178] Building CXX object HiGHS/src/CMakeFiles/highs.dir/lp_data/HighsSolve.cpp.o
[24/178] Building CXX object HiGHS/src/CMakeFiles/highs.dir/lp_data/HighsRanging.cpp.o
[25/178] Building CXX object HiGHS/src/CMakeFiles/highs.dir/lp_data/HighsModelUtils.cpp.o
[26/178] Building CXX object HiGHS/src/CMakeFiles/highs.dir/mip/HighsConflictPool.cpp.o
[27/178] Building CXX object HiGHS/src/CMakeFiles/highs.dir/mip/HighsDebugSol.cpp.o
[28/178] Building CXX object HiGHS/src/CMakeFiles/highs.dir/mip/HighsDynamicRowMatrix.cpp.o
[29/178] Building CXX object HiGHS/src/CMakeFiles/highs.dir/mip/HighsGFkSolve.cpp.o
[30/178] Building CXX object HiGHS/src/CMakeFiles/highs.dir/lp_data/HighsLpUtils.cpp.o
[31/178] Building CXX object HiGHS/src/CMakeFiles/highs.dir/mip/HighsLpAggregator.cpp.o
[32/178] Building CXX object HiGHS/src/CMakeFiles/highs.dir/lp_data/HighsInterface.cpp.o
[33/178] Building CXX object HiGHS/src/CMakeFiles/highs.dir/mip/HighsMipAnalysis.cpp.o
[34/178] Building CXX object HiGHS/src/CMakeFiles/highs.dir/mip/HighsCutPool.cpp.o
[35/178] Building CXX object HiGHS/src/CMakeFiles/highs.dir/lp_data/Highs.cpp.o
[36/178] Building CXX object HiGHS/src/CMakeFiles/highs.dir/mip/HighsCutGeneration.cpp.o
[37/178] Building CXX object HiGHS/src/CMakeFiles/highs.dir/mip/HighsObjectiveFunction.cpp.o
[38/178] Building CXX object HiGHS/src/CMakeFiles/highs.dir/mip/HighsImplications.cpp.o
[39/178] Building CXX object HiGHS/src/CMakeFiles/highs.dir/mip/HighsLpRelaxation.cpp.o
[40/178] Building CXX object HiGHS/src/CMakeFiles/highs.dir/mip/HighsNodeQueue.cpp.o
[41/178] Building CXX object HiGHS/src/CMakeFiles/highs.dir/mip/HighsMipSolver.cpp.o
[42/178] Building CXX object HiGHS/src/CMakeFiles/highs.dir/mip/HighsPathSeparator.cpp.o
[43/178] Building CXX object HiGHS/src/CMakeFiles/highs.dir/mip/HighsDomain.cpp.o
[44/178] Building CXX object HiGHS/src/CMakeFiles/highs.dir/mip/HighsPseudocost.cpp.o
[45/178] Building CXX object HiGHS/src/CMakeFiles/highs.dir/mip/HighsModkSeparator.cpp.o
[46/178] Building CXX object HiGHS/src/CMakeFiles/highs.dir/mip/HighsSeparator.cpp.o
[47/178] Building CXX object HiGHS/src/CMakeFiles/highs.dir/mip/HighsMipSolverData.cpp.o
[48/178] Building CXX object HiGHS/src/CMakeFiles/highs.dir/model/HighsHessian.cpp.o
[49/178] Building CXX object HiGHS/src/CMakeFiles/highs.dir/mip/HighsSeparation.cpp.o
[50/178] Building CXX object HiGHS/src/CMakeFiles/highs.dir/model/HighsModel.cpp.o
[51/178] Building CXX object HiGHS/src/CMakeFiles/highs.dir/mip/HighsRedcostFixing.cpp.o
[52/178] Building CXX object CMakeFiles/placement.dir/placement.cpp.o
[53/178] Building CXX object HiGHS/src/CMakeFiles/highs.dir/model/HighsHessianUtils.cpp.o
[54/178] Building CXX object HiGHS/src/CMakeFiles/highs.dir/pdlp/CupdlpWrapper.cpp.o
[55/178] Building CXX object HiGHS/src/CMakeFiles/highs.dir/parallel/HighsTaskExecutor.cpp.o
[56/178] Building CXX object HiGHS/src/CMakeFiles/highs.dir/mip/HighsPrimalHeuristics.cpp.o
[57/178] Building CXX object HiGHS/src/CMakeFiles/highs.dir/presolve/ICrashUtil.cpp.o
[58/178] Building CXX object HiGHS/src/CMakeFiles/highs.dir/presolve/HighsPostsolveStack.cpp.o
[59/178] Building CXX object HiGHS/src/CMakeFiles/highs.dir/presolve/ICrashX.cpp.o
[60/178] Building CXX object HiGHS/src/CMakeFiles/highs.dir/presolve/HPresolveAnalysis.cpp.o
[61/178] Building CXX object HiGHS/src/CMakeFiles/highs.dir/mip/HighsTransformedLp.cpp.o
[62/178] Building CXX object HiGHS/src/CMakeFiles/highs.dir/presolve/ICrash.cpp.o
[63/178] Building CXX object HiGHS/src/CMakeFiles/highs.dir/qpsolver/perturbation.cpp.o
[64/178] Building CXX object HiGHS/src/CMakeFiles/highs.dir/presolve/PresolveComponent.cpp.o
[65/178] Building CXX object HiGHS/src/CMakeFiles/highs.dir/mip/HighsTableauSeparator.cpp.o
[66/178] Building CXX object HiGHS/src/CMakeFiles/highs.dir/mip/HighsSearch.cpp.o
[67/178] Building CXX object HiGHS/src/CMakeFiles/highs.dir/qpsolver/ratiotest.cpp.o
[68/178] Building CXX object HiGHS/src/CMakeFiles/highs.dir/qpsolver/scaling.cpp.o
[69/178] Building CXX object HiGHS/src/CMakeFiles/highs.dir/qpsolver/a_asm.cpp.o
[70/178] Building CXX object HiGHS/src/CMakeFiles/highs.dir/mip/HighsCliqueTable.cpp.o
[71/178] Building CXX object HiGHS/src/CMakeFiles/highs.dir/simplex/HEkkControl.cpp.o
[72/178] Building CXX object HiGHS/src/CMakeFiles/highs.dir/qpsolver/basis.cpp.o
[73/178] Building CXX object HiGHS/src/CMakeFiles/highs.dir/simplex/HEkkInterface.cpp.o
[74/178] Building CXX object HiGHS/src/CMakeFiles/highs.dir/simplex/HEkkDebug.cpp.o
[75/178] Building CXX object HiGHS/src/CMakeFiles/highs.dir/qpsolver/a_quass.cpp.o
[76/178] Building CXX object HiGHS/src/CMakeFiles/highs.dir/simplex/HEkkDualRHS.cpp.o
[77/178] Building CXX object HiGHS/src/CMakeFiles/highs.dir/simplex/HEkkDualRow.cpp.o
[78/178] Building CXX object HiGHS/src/CMakeFiles/highs.dir/simplex/HSimplexDebug.cpp.o
[79/178] Building CXX object HiGHS/src/CMakeFiles/highs.dir/qpsolver/quass.cpp.o
[80/178] Building CXX object HiGHS/src/CMakeFiles/highs.dir/simplex/HSimplex.cpp.o
[81/178] Building CXX object HiGHS/src/CMakeFiles/highs.dir/simplex/HSimplexNlaDebug.cpp.o
[82/178] Building CXX object HiGHS/src/CMakeFiles/highs.dir/simplex/HSimplexReport.cpp.o
[83/178] Building CXX object HiGHS/src/CMakeFiles/highs.dir/simplex/HSimplexNlaProductForm.cpp.o
[84/178] Building CXX object HiGHS/src/CMakeFiles/highs.dir/simplex/HSimplexNlaFreeze.cpp.o
[85/178] Building CXX object HiGHS/src/CMakeFiles/highs.dir/simplex/HEkkPrimal.cpp.o
[86/178] Building CXX object HiGHS/src/CMakeFiles/highs.dir/simplex/HighsSimplexAnalysis.cpp.o
[87/178] Building CXX object HiGHS/src/CMakeFiles/highs.dir/simplex/HEkkDual.cpp.o
[88/178] Building CXX object HiGHS/src/CMakeFiles/highs.dir/simplex/HEkkDualMulti.cpp.o
[89/178] Building CXX object HiGHS/src/CMakeFiles/highs.dir/test/KktCh2.cpp.o
[90/178] Building CXX object HiGHS/src/CMakeFiles/highs.dir/util/HFactorDebug.cpp.o
[91/178] Building CXX object HiGHS/src/CMakeFiles/highs.dir/test/DevKkt.cpp.o
[92/178] Building CXX object HiGHS/src/CMakeFiles/highs.dir/util/HighsHash.cpp.o
[93/178] Building CXX object HiGHS/src/CMakeFiles/highs.dir/simplex/HSimplexNla.cpp.o
[94/178] Building CXX object HiGHS/src/CMakeFiles/highs.dir/util/HFactorExtend.cpp.o
[95/178] Building CXX object HiGHS/src/CMakeFiles/highs.dir/util/HighsLinearSumBounds.cpp.o
[96/178] Building CXX object HiGHS/src/CMakeFiles/highs.dir/util/HFactorRefactor.cpp.o
[97/178] Building CXX object HiGHS/src/CMakeFiles/highs.dir/util/HighsMatrixPic.cpp.o
[98/178] Building CXX object HiGHS/src/CMakeFiles/highs.dir/util/HFactorUtils.cpp.o
[99/178] Building CXX object HiGHS/src/CMakeFiles/highs.dir/util/HighsSort.cpp.o
[100/178] Building CXX object HiGHS/src/CMakeFiles/highs.dir/util/HSet.cpp.o
[101/178] Building C object HiGHS/src/CMakeFiles/highs.dir/pdlp/cupdlp/cupdlp_cs.c.o
[102/178] Building CXX object HiGHS/src/CMakeFiles/highs.dir/util/stringutil.cpp.o
[103/178] Building CXX object HiGHS/src/CMakeFiles/highs.dir/presolve/HighsSymmetry.cpp.o
[104/178] Building C object HiGHS/src/CMakeFiles/highs.dir/pdlp/cupdlp/cupdlp_proj.c.o
[105/178] Building C object HiGHS/src/CMakeFiles/highs.dir/pdlp/cupdlp/cupdlp_restart.c.o
[106/178] Building C object HiGHS/src/CMakeFiles/highs.dir/pdlp/cupdlp/cupdlp_scaling_cuda.c.o
[107/178] Building C object HiGHS/src/CMakeFiles/highs.dir/pdlp/cupdlp/cupdlp_step.c.o
[108/178] Building C object HiGHS/src/CMakeFiles/highs.dir/pdlp/cupdlp/cupdlp_linalg.c.o
[109/178] Building CXX object HiGHS/src/CMakeFiles/highs.dir/util/HighsMatrixUtils.cpp.o
[110/178] Building CXX object HiGHS/src/CMakeFiles/highs.dir/simplex/HEkk.cpp.o
[111/178] Building C object HiGHS/src/CMakeFiles/highs.dir/pdlp/cupdlp/cupdlp_solver.c.o
[112/178] Building C object HiGHS/src/CMakeFiles/highs.dir/pdlp/cupdlp/cupdlp_utils.c.o
[113/178] Building CXX object HiGHS/src/CMakeFiles/highs.dir/util/HVectorBase.cpp.o
[114/178] Building CXX object HiGHS/src/CMakeFiles/highs.dir/ipm/ipx/basiclu_kernel.cc.o
[115/178] Building CXX object HiGHS/src/CMakeFiles/highs.dir/ipm/ipx/basiclu_wrapper.cc.o
[116/178] Building CXX object HiGHS/src/CMakeFiles/highs.dir/ipm/ipx/diagonal_precond.cc.o
[117/178] Building CXX object HiGHS/src/CMakeFiles/highs.dir/ipm/ipx/conjugate_residuals.cc.o
[118/178] Building CXX object HiGHS/src/CMakeFiles/highs.dir/util/HighsUtils.cpp.o
[119/178] Building CXX object HiGHS/src/CMakeFiles/highs.dir/ipm/ipx/indexed_vector.cc.o
[120/178] Building CXX object HiGHS/src/CMakeFiles/highs.dir/util/HighsSparseMatrix.cpp.o
[121/178] Building CXX object HiGHS/src/CMakeFiles/highs.dir/ipm/ipx/info.cc.o
[122/178] Building CXX object HiGHS/src/CMakeFiles/highs.dir/ipm/ipx/forrest_tomlin.cc.o
[123/178] Building CXX object HiGHS/src/CMakeFiles/highs.dir/ipm/ipx/crossover.cc.o
[124/178] Building CXX object HiGHS/src/CMakeFiles/highs.dir/ipm/ipx/guess_basis.cc.o
[125/178] Building CXX object HiGHS/src/CMakeFiles/highs.dir/util/HFactor.cpp.o
[126/178] Building CXX object HiGHS/src/CMakeFiles/highs.dir/ipm/ipx/basis.cc.o
[127/178] Building CXX object HiGHS/src/CMakeFiles/highs.dir/ipm/ipx/control.cc.o
[128/178] Building CXX object HiGHS/src/CMakeFiles/highs.dir/ipm/ipx/kkt_solver_diag.cc.o
[129/178] Building CXX object HiGHS/src/CMakeFiles/highs.dir/ipm/ipx/ipx_c.cc.o
[130/178] Building CXX object HiGHS/src/CMakeFiles/highs.dir/ipm/ipx/linear_operator.cc.o
[131/178] Building CXX object HiGHS/src/CMakeFiles/highs.dir/ipm/ipx/kkt_solver.cc.o
[132/178] Building CXX object HiGHS/src/CMakeFiles/highs.dir/ipm/ipx/kkt_solver_basis.cc.o
[133/178] Building CXX object HiGHS/src/CMakeFiles/highs.dir/ipm/ipx/iterate.cc.o
[134/178] Building CXX object HiGHS/src/CMakeFiles/highs.dir/ipm/ipx/lu_update.cc.o
[135/178] Building CXX object HiGHS/src/CMakeFiles/highs.dir/ipm/ipx/lu_factorization.cc.o
[136/178] Building CXX object HiGHS/src/CMakeFiles/highs.dir/ipm/ipx/ipm.cc.o
[137/178] Building CXX object HiGHS/src/CMakeFiles/highs.dir/ipm/ipx/sparse_utils.cc.o
[138/178] Building CXX object HiGHS/src/CMakeFiles/highs.dir/ipm/ipx/timer.cc.o
[139/178] Building C object HiGHS/src/CMakeFiles/highs.dir/ipm/basiclu/basiclu_factorize.c.o
[140/178] Building C object HiGHS/src/CMakeFiles/highs.dir/ipm/basiclu/basiclu_get_factors.c.o
[141/178] Building C object HiGHS/src/CMakeFiles/highs.dir/ipm/basiclu/basiclu_initialize.c.o
[142/178] Building C object HiGHS/src/CMakeFiles/highs.dir/ipm/basiclu/basiclu_solve_dense.c.o
[143/178] Building CXX object HiGHS/src/CMakeFiles/highs.dir/ipm/ipx/normal_matrix.cc.o
[144/178] Building C object HiGHS/src/CMakeFiles/highs.dir/ipm/basiclu/basiclu_solve_for_update.c.o
[145/178] Building C object HiGHS/src/CMakeFiles/highs.dir/ipm/basiclu/basiclu_object.c.o
[146/178] Building CXX object HiGHS/src/CMakeFiles/highs.dir/ipm/ipx/maxvolume.cc.o
[147/178] Building C object HiGHS/src/CMakeFiles/highs.dir/ipm/basiclu/basiclu_update.c.o
[148/178] Building C object HiGHS/src/CMakeFiles/highs.dir/ipm/basiclu/basiclu_solve_sparse.c.o
[149/178] Building C object HiGHS/src/CMakeFiles/highs.dir/ipm/basiclu/lu_factorize_bump.c.o
[150/178] Building C object HiGHS/src/CMakeFiles/highs.dir/ipm/basiclu/lu_dfs.c.o
[151/178] Building C object HiGHS/src/CMakeFiles/highs.dir/ipm/basiclu/lu_condest.c.o
[152/178] Building C object HiGHS/src/CMakeFiles/highs.dir/ipm/basiclu/lu_build_factors.c.o
[153/178] Building C object HiGHS/src/CMakeFiles/highs.dir/ipm/basiclu/lu_garbage_perm.c.o
[154/178] Building C object HiGHS/src/CMakeFiles/highs.dir/ipm/basiclu/lu_file.c.o
[155/178] Building C object HiGHS/src/CMakeFiles/highs.dir/ipm/basiclu/lu_initialize.c.o
[156/178] Building C object HiGHS/src/CMakeFiles/highs.dir/ipm/basiclu/lu_matrix_norm.c.o
[157/178] Building CXX object HiGHS/src/CMakeFiles/highs.dir/ipm/ipx/starting_basis.cc.o
[158/178] Building CXX object HiGHS/src/CMakeFiles/highs.dir/ipm/ipx/splitted_normal_matrix.cc.o
[159/178] Building C object HiGHS/src/CMakeFiles/highs.dir/ipm/basiclu/lu_internal.c.o
[160/178] Building C object HiGHS/src/CMakeFiles/highs.dir/ipm/basiclu/lu_markowitz.c.o
[161/178] Building C object HiGHS/src/CMakeFiles/highs.dir/ipm/basiclu/lu_solve_dense.c.o
[162/178] Building C object HiGHS/src/CMakeFiles/highs.dir/ipm/basiclu/lu_residual_test.c.o
[163/178] Building C object HiGHS/src/CMakeFiles/highs.dir/ipm/basiclu/lu_setup_bump.c.o
[164/178] Building CXX object HiGHS/src/CMakeFiles/highs.dir/ipm/ipx/lp_solver.cc.o
[165/178] Building C object HiGHS/src/CMakeFiles/highs.dir/ipm/basiclu/lu_solve_symbolic.c.o
[166/178] Building C object HiGHS/src/CMakeFiles/highs.dir/ipm/basiclu/lu_solve_sparse.c.o
[167/178] Building C object HiGHS/src/CMakeFiles/highs.dir/ipm/basiclu/lu_solve_for_update.c.o
[168/178] Building C object HiGHS/src/CMakeFiles/highs.dir/ipm/basiclu/lu_solve_triangular.c.o
[169/178] Building CXX object HiGHS/src/CMakeFiles/highs.dir/ipm/ipx/sparse_matrix.cc.o
[170/178] Building C object HiGHS/src/CMakeFiles/highs.dir/ipm/basiclu/lu_singletons.c.o
[171/178] Building CXX object HiGHS/src/CMakeFiles/highs.dir/ipm/ipx/utils.cc.o
[172/178] Building C object HiGHS/src/CMakeFiles/highs.dir/ipm/basiclu/lu_pivot.c.o
[173/178] Building C object HiGHS/src/CMakeFiles/highs.dir/ipm/basiclu/lu_update.c.o
[174/178] Building CXX object HiGHS/src/CMakeFiles/highs.dir/ipm/ipx/symbolic_invert.cc.o
[175/178] Building CXX object HiGHS/src/CMakeFiles/highs.dir/ipm/ipx/model.cc.o
[176/178] Building CXX object HiGHS/src/CMakeFiles/highs.dir/presolve/HPresolve.cpp.o
[177/178] Linking CXX static library lib/libhighs.a
[178/178] Linking CXX executable placement
-rwxrwxr-x 1 jules jules 4311544 Sep  4 16:18 build/placement
