[1/234] 2026-07-03-4.pdf       PC6-A N= ignore (avion non Caravan)
[2/234] 2026-07-03-6.pdf       PC6-A N= ignore (avion non Caravan)
[3/234] 2026-07-03-5.pdf       PC6-A N= ignore (avion non Caravan)
[4/234] 2026-07-03-2.pdf       PC6-A N= ignore (avion non Caravan)
[5/234] 2026-07-03-1.pdf       PC6-A N= ignore (avion non Caravan)
[6/234] 2026-07-03-3.pdf       PC6-A N= ignore (avion non Caravan)
[7/234] 2026-07-03-7.pdf       PC6-A N= ignore (avion non Caravan)
[8/234] 2026-07-03-8.pdf       PC6-A N= ignore (avion non Caravan)
[9/234] 2026-07-04-13.pdf      C208B-B N=16 ECHEC MTOW : masse au decollage 9094 lbs > MTOW 9062 (depassement 15 kg)
[10/234] 2026-07-04-1.pdf       C208B-B N= ignore (carburant_absent)  [carburant_absent]
[11/234] 2026-07-04-11.pdf      C208B-B N=17 ECHEC MTOW : masse au decollage 9301 lbs > MTOW 9062 (depassement 109 kg)
[12/234] 2026-07-04-12.pdf      C208B-B N=16 ECHEC MTOW : masse au decollage 9253 lbs > MTOW 9062 (depassement 87 kg)
[13/234] 2026-07-04-14.pdf      C208B-B N=17 ECHEC MTOW : masse au decollage 9110 lbs > MTOW 9062 (depassement 22 kg)
[14/234] 2026-07-04-15.pdf      C208B-B N=18 ECHEC MTOW : masse au decollage 9182 lbs > MTOW 9062 (depassement 54 kg)
[15/234] 2026-07-04-2.pdf       C208B-B N= ignore (carburant_absent)  [carburant_absent]
[16/234] 2026-07-04-3.pdf       C208B-B N= ignore (carburant_absent)  [carburant_absent]
[17/234] 2026-07-04-4.pdf       C208B-B N= ignore (carburant_absent)  [carburant_absent]
[18/234] 2026-07-04-17.pdf      C208B-B N=15 ok marge +0.62 / largage +0.68 in, 1 s
[19/234] 2026-07-04-10.pdf      C208B-B N=11 ok marge +0.92 / largage +3.19 in, 10 s (non prouve)
[20/234] 2026-07-04-16.pdf      C208B-B N=15 ok marge +1.10 / largage +1.09 in, 13 s (non prouve)
[21/234] 2026-07-04-18.pdf      C208B-B N=15 ok marge +0.57 / largage +0.53 in, 14 s (non prouve)
[22/234] 2026-07-04-9.pdf       C208B-B N=18 ECHEC MTOW : masse au decollage 9144 lbs > MTOW 9062 (depassement 37 kg)
[23/234] 2026-07-04-19.pdf      C208B-B N=13 ok marge +0.52 / largage +1.71 in, 14 s (non prouve)
[24/234] 2026-07-04-6.pdf       C208B-B N=15 ok marge +0.59 / largage +0.56 in, 13 s (non prouve)
[25/234] 2026-07-04-5.pdf       C208B-B N=14 ok marge +0.57 / largage +1.24 in, 15 s (non prouve)
[26/234] 2026-07-05-12.pdf      C208B-B N=18 ECHEC MTOW : masse au decollage 9129 lbs > MTOW 9062 (depassement 30 kg)
[27/234] 2026-07-05-11.pdf      C208B-B N=9 ok marge +1.23 / largage +3.69 in, 8 s
[28/234] 2026-07-04-8.pdf       C208B-B N=15 ok marge +1.14 / largage +1.24 in, 14 s (non prouve)
[29/234] 2026-07-04-7.pdf       C208B-B N=15 ok marge +0.74 / largage +0.61 in, 18 s (non prouve)
[30/234] 2026-07-05-2.pdf       C208B-B N=15 ok marge +0.59 / largage +0.51 in, 14 s (non prouve)
[31/234] 2026-07-05-4.pdf       C208B-B N=10 ok marge +0.55 / largage +2.75 in, 7 s
[32/234] 2026-07-05-7.pdf       C208B-B N=17 ECHEC MTOW : masse au decollage 9239 lbs > MTOW 9062 (depassement 80 kg)
[33/234] 2026-07-05-8.pdf       C208B-B N=16 ECHEC MTOW : masse au decollage 9118 lbs > MTOW 9062 (depassement 25 kg)
[34/234] 2026-07-05-9.pdf       C208B-B N=16 ECHEC MTOW : masse au decollage 9173 lbs > MTOW 9062 (depassement 50 kg)
[35/234] 2026-07-05-10.pdf      C208B-B N=16 ok marge +0.81 / largage +0.82 in, 19 s (non prouve)
[36/234] 2026-07-05-1.pdf       C208B-B N=16 ok marge +0.67 / largage +0.54 in, 20 s (non prouve)
[37/234] 2026-07-05-3.pdf       C208B-B N=17 ok marge +0.56 / largage +0.57 in, 12 s (non prouve)
[38/234] 2026-07-10-2.pdf       C208B-A N=6 ok marge +0.92 / largage +3.66 in, 2 s
[39/234] 2026-07-10-4.pdf       C208B-A N=7 ok marge +0.82 / largage +3.19 in, 6 s
[40/234] 2026-07-05-6.pdf       C208B-B N=15 ok marge +0.55 / largage +1.96 in, 14 s (non prouve)
[41/234] 2026-07-10-7.pdf       C208B-B N= ignore (carburant_absent)  [carburant_absent]
[42/234] 2026-07-10-3.pdf       C208B-A N=10 ok marge +0.67 / largage +2.37 in, 11 s
[43/234] 2026-07-05-5.pdf       C208B-B N=18 ok marge +0.51 / largage +0.51 in, 16 s (non prouve)
[44/234] 2026-07-10-1.pdf       C208B-A N=11 ok marge +0.93 / largage +2.74 in, 12 s (non prouve)
[45/234] 2026-07-10-5.pdf       C208B-A N=9 ok marge +0.93 / largage +3.03 in, 12 s (non prouve)
[46/234] 2026-07-10-6.pdf       C208B-A N=7 ok marge +0.54 / largage +3.52 in, 8 s
[47/234] 2026-07-11-10.pdf      C208B-A N=15 ok marge +0.63 / largage +2.57 in, 10 s (non prouve)
[48/234] 2026-07-11-11.pdf      C208B-A N=14 ok marge +0.51 / largage +2.59 in, 12 s (non prouve)
[49/234] 2026-07-11-3.pdf       C208B-A N=16 ok marge +0.62 / largage +0.83 in, 6 s
[50/234] 2026-07-11-12.pdf      C208B-A N=17 ok marge +0.51 / largage +1.14 in, 14 s (non prouve)
[51/234] 2026-07-11-7.pdf       C208B-A N=18 ECHEC MTOW : masse au decollage 9066 lbs > MTOW 9062 (depassement 2 kg)
[52/234] 2026-07-11-1.pdf       C208B-A N=13 ok marge +0.57 / largage +2.56 in, 15 s (non prouve)
[53/234] 2026-07-11-4.pdf       C208B-A N=10 ok marge +0.54 / largage +2.77 in, 7 s
[54/234] 2026-07-11-2.pdf       C208B-A N=16 ok marge +0.72 / largage +0.75 in, 20 s (non prouve)
[55/234] 2026-07-11-5.pdf       C208B-A N=18 ok (groupes non ordonnes) marge +0.75 / largage +0.58 in, 12 s (non prouve)
[56/234] 2026-07-11-9.pdf       C208B-A N=14 ok marge +0.69 / largage +1.98 in, 12 s (non prouve)
[57/234] 2026-07-11-6.pdf       C208B-A N=18 ok marge +0.61 / largage +0.68 in, 15 s (non prouve)
[58/234] 2026-07-12-1.pdf       C208B-A N=17 ok marge +0.56 / largage +0.52 in, 12 s
[59/234] 2026-07-11-8.pdf       C208B-A N=17 ok marge +0.81 / largage +0.87 in, 19 s (non prouve)
[60/234] 2026-07-12-2.pdf       C208B-A N=10 ok marge +0.50 / largage +2.30 in, 11 s (non prouve)
[61/234] 2026-07-14-13.pdf      C208B-A N=11 ok marge +1.43 / largage +3.15 in, 3 s
[62/234] 2026-07-14-1.pdf       C208B-A N=15 ok marge +0.92 / largage +1.30 in, 13 s (non prouve)
[63/234] 2026-07-14-10.pdf      C208B-A N=17 ok marge +0.77 / largage +0.66 in, 13 s (non prouve)
[64/234] 2026-07-14-11.pdf      C208B-A N=17 ok marge +0.52 / largage +0.67 in, 14 s (non prouve)
[65/234] 2026-07-14-12.pdf      C208B-A N=17 ok marge +0.51 / largage +0.50 in, 12 s (non prouve)
[66/234] 2026-07-14-14.pdf      C208B-A N=13 ok marge +0.57 / largage +2.28 in, 11 s
[67/234] 2026-07-14-16.pdf      C208B-A N=12 ok marge +0.68 / largage +3.03 in, 13 s
[68/234] 2026-07-14-15.pdf      C208B-A N=16 ok marge +0.71 / largage +1.33 in, 14 s (non prouve)
[69/234] 2026-07-14-2.pdf       C208B-A N=11 ok marge +0.59 / largage +2.44 in, 13 s (non prouve)
[70/234] 2026-07-14-3.pdf       C208B-A N=15 ok marge +0.50 / largage +1.41 in, 16 s (non prouve)
[71/234] 2026-07-14-5.pdf       C208B-A N=17 ok marge +0.62 / largage +0.60 in, 14 s (non prouve)
[72/234] 2026-07-14-4.pdf       C208B-A N=14 ok marge +1.10 / largage +2.86 in, 18 s (non prouve)
[73/234] 2026-07-15-2.pdf       C208B-B N=9 ok marge +0.69 / largage +3.16 in, 3 s
[74/234] 2026-07-14-6.pdf       C208B-A N=18 ok marge +0.70 / largage +0.63 in, 15 s (non prouve)
[75/234] 2026-07-14-7.pdf       C208B-A N=16 ok marge +0.55 / largage +1.60 in, 13 s (non prouve)
[76/234] 2026-07-14-8.pdf       C208B-A N=18 ok marge +0.55 / largage +0.68 in, 16 s (non prouve)
[77/234] 2026-07-14-9.pdf       C208B-A N=15 ok marge +0.70 / largage +2.99 in, 13 s (non prouve)
[78/234] 2026-07-15-4.pdf       C208B-B N=9 ok marge +1.30 / largage +3.79 in, 7 s
[79/234] 2026-07-15-5.pdf       C208B-B N=14 ok marge +0.66 / largage +2.75 in, 9 s
[80/234] 2026-07-15-1.pdf       C208B-B N=14 ok marge +0.51 / largage +2.04 in, 16 s (non prouve)
[81/234] 2026-07-16-1.pdf       C208B-B N=16 ECHEC MTOW : masse au decollage 9116 lbs > MTOW 9062 (depassement 25 kg)
[82/234] 2026-07-15-7.pdf       C208B-B N=16 ok marge +0.63 / largage +0.58 in, 5 s
[83/234] 2026-07-16-3.pdf       C208B-B N=6 ok marge +2.67 / largage +5.78 in, 0 s
[84/234] 2026-07-15-3.pdf       C208B-B N=14 ok marge +0.53 / largage +2.68 in, 14 s (non prouve)
[85/234] 2026-07-16-4.pdf       C208B-B N=14 ok marge +0.63 / largage +1.37 in, 4 s
[86/234] 2026-07-18-1.pdf       C208B-A N=16 ECHEC MTOW : masse au decollage 9122 lbs > MTOW 9062 (depassement 27 kg)
[87/234] 2026-07-18-10.pdf      C208B-A N=17 ECHEC MTOW : masse au decollage 9262 lbs > MTOW 9062 (depassement 91 kg)
[88/234] 2026-07-18-11.pdf      C208B-A N=18 ECHEC MTOW : masse au decollage 9234 lbs > MTOW 9062 (depassement 78 kg)
[89/234] 2026-07-15-6.pdf       C208B-B N=12 ok marge +0.58 / largage +2.17 in, 12 s (non prouve)
[90/234] 2026-07-15-8.pdf       C208B-B N=13 ok marge +0.59 / largage +2.47 in, 9 s
[91/234] 2026-07-15-9.pdf       C208B-B N=12 ok marge +0.61 / largage +3.65 in, 12 s (non prouve)
[92/234] 2026-07-16-2.pdf       C208B-B N=14 ok marge +0.60 / largage +1.09 in, 14 s (non prouve)
[93/234] 2026-07-17-1.pdf       C208B-A N=11 ok marge +0.52 / largage +2.64 in, 12 s
[94/234] 2026-07-18-14.pdf      C208B-A N=15 ok marge +0.52 / largage +1.16 in, 12 s (non prouve)
[95/234] 2026-07-18-2.pdf       C208B-A N=17 ECHEC MTOW : masse au decollage 9387 lbs > MTOW 9062 (depassement 147 kg)
[96/234] 2026-07-18-15.pdf      C208B-A N=16 ok marge +0.50 / largage +0.48 in, 10 s
[97/234] 2026-07-18-4.pdf       C208B-A N=18 ECHEC MTOW : masse au decollage 9173 lbs > MTOW 9062 (depassement 50 kg)
[98/234] 2026-07-18-5.pdf       C208B-A N=18 ECHEC MTOW : masse au decollage 9105 lbs > MTOW 9062 (depassement 19 kg)
[99/234] 2026-07-18-13.pdf      C208B-A N=18 ok (groupes non ordonnes) marge +1.93 / largage +0.56 in, 14 s (non prouve)
[100/234] 2026-07-18-16.pdf      C208B-A N=16 ok marge +0.50 / largage +1.12 in, 10 s
[101/234] 2026-07-18-8.pdf       C208B-A N=15 ECHEC MTOW : masse au decollage 9166 lbs > MTOW 9062 (depassement 47 kg)
[102/234] 2026-07-18-17.pdf      C208B-A N=9 ok marge +0.76 / largage +2.82 in, 10 s
[103/234] 2026-07-19-1.pdf       C208B-A N=16 ECHEC MTOW : masse au decollage 9283 lbs > MTOW 9062 (depassement 100 kg)
[104/234] 2026-07-18-12.pdf      C208B-A N=17 ok marge +0.69 / largage +0.68 in, 20 s (non prouve)
[105/234] 2026-07-19-11.pdf      C208B-A N=17 ECHEC MTOW : masse au decollage 9110 lbs > MTOW 9062 (depassement 22 kg)
[106/234] 2026-07-18-9.pdf       C208B-A N=15 ok marge +0.55 / largage +0.65 in, 5 s
[107/234] 2026-07-19-13.pdf      C208B-A N=18 ECHEC MTOW : masse au decollage 9134 lbs > MTOW 9062 (depassement 33 kg)
[108/234] 2026-07-18-3.pdf       C208B-A N=17 ok marge +0.59 / largage +0.54 in, 14 s (non prouve)
[109/234] 2026-07-19-2.pdf       C208B-A N=16 ECHEC MTOW : masse au decollage 9227 lbs > MTOW 9062 (depassement 75 kg)
[110/234] 2026-07-18-7.pdf       C208B-A N=19 ok marge +0.62 / largage +0.72 in, 12 s (non prouve)
[111/234] 2026-07-19-10.pdf      C208B-A N=16 ok marge +0.53 / largage +0.52 in, 9 s
[112/234] 2026-07-18-6.pdf       C208B-A N=17 ok marge +0.51 / largage +0.50 in, 14 s (non prouve)
[113/234] 2026-07-19-12.pdf      C208B-A N=15 ok marge +0.67 / largage +2.48 in, 13 s (non prouve)
[114/234] 2026-07-19-14.pdf      C208B-A N=11 ok marge +0.73 / largage +2.35 in, 11 s (non prouve)
[115/234] 2026-07-19-5.pdf       C208B-A N=17 ok marge +0.56 / largage +0.56 in, 7 s
[116/234] 2026-07-19-9.pdf       C208B-A N=17 ECHEC MTOW : masse au decollage 9400 lbs > MTOW 9062 (depassement 153 kg)
[117/234] 2026-07-20-1.pdf       C208B-A N=16 ECHEC MTOW : masse au decollage 9157 lbs > MTOW 9062 (depassement 43 kg)
[118/234] 2026-07-19-3.pdf       C208B-A N=15 ok marge +2.60 / largage +1.15 in, 16 s (non prouve)
[119/234] 2026-07-19-6.pdf       C208B-A N=17 ok marge +0.69 / largage +0.61 in, 14 s (non prouve)
[120/234] 2026-07-19-7.pdf       C208B-A N=18 ok (groupes non ordonnes) marge +0.73 / largage +0.67 in, 11 s (non prouve)
[121/234] 2026-07-19-4.pdf       C208B-A N=15 ok marge +0.52 / largage +1.84 in, 17 s (non prouve)
[122/234] 2026-07-20-13.pdf      C208B-A N=20 ECHEC MTOW : masse au decollage 9331 lbs > MTOW 9062 (depassement 122 kg)
[123/234] 2026-07-20-14.pdf      C208B-A N=20 ECHEC MTOW : masse au decollage 9188 lbs > MTOW 9062 (depassement 57 kg)
[124/234] 2026-07-19-8.pdf       C208B-A N=15 ok marge +0.57 / largage +0.56 in, 11 s (non prouve)
[125/234] 2026-07-20-10.pdf      C208B-A N=19 ok marge +0.58 / largage +0.57 in, 15 s (non prouve)
[126/234] 2026-07-20-11.pdf      C208B-A N=10 ok marge +0.84 / largage +3.20 in, 12 s (non prouve)
[127/234] 2026-07-20-3.pdf       C208B-A N=13 ok marge +0.64 / largage +2.72 in, 11 s
[128/234] 2026-07-20-12.pdf      C208B-A N=15 ok marge +0.60 / largage +0.60 in, 14 s (non prouve)
[129/234] 2026-07-20-2.pdf       C208B-A N=16 ok marge +0.61 / largage +0.63 in, 20 s (non prouve)
[130/234] 2026-07-20-15.pdf      C208B-A N=20 ok marge +0.51 / largage +1.03 in, 20 s (non prouve)
[131/234] 2026-07-20-4.pdf       C208B-A N=14 ok marge +0.63 / largage +2.35 in, 13 s (non prouve)
[132/234] 2026-07-21-1.pdf       C208B-A N=18 ECHEC MTOW : masse au decollage 9458 lbs > MTOW 9062 (depassement 180 kg)
[133/234] 2026-07-21-10.pdf      C208B-A N=20 ECHEC MTOW : masse au decollage 9681 lbs > MTOW 9062 (depassement 281 kg)
[134/234] 2026-07-21-11.pdf      C208B-A N=20 ECHEC MTOW : masse au decollage 9504 lbs > MTOW 9062 (depassement 201 kg)
[135/234] 2026-07-21-12.pdf      C208B-A N=20 ECHEC MTOW : masse au decollage 9423 lbs > MTOW 9062 (depassement 164 kg)
[136/234] 2026-07-21-13.pdf      C208B-A N=20 ECHEC MTOW : masse au decollage 9277 lbs > MTOW 9062 (depassement 98 kg)
[137/234] 2026-07-21-14.pdf      C208B-A N=20 ECHEC MTOW : masse au decollage 9220 lbs > MTOW 9062 (depassement 72 kg)
[138/234] 2026-07-21-15.pdf      C208B-A N=20 ECHEC MTOW : masse au decollage 9154 lbs > MTOW 9062 (depassement 42 kg)
[139/234] 2026-07-20-5.pdf       C208B-A N=14 ok marge +0.61 / largage +2.19 in, 15 s (non prouve)
[140/234] 2026-07-21-3.pdf       C208B-A N=19 ECHEC MTOW : masse au decollage 9198 lbs > MTOW 9062 (depassement 62 kg)
[141/234] 2026-07-21-4.pdf       C208B-A N=20 ECHEC MTOW : masse au decollage 9418 lbs > MTOW 9062 (depassement 162 kg)
[142/234] 2026-07-21-5.pdf       C208B-A N=20 ECHEC MTOW : masse au decollage 9273 lbs > MTOW 9062 (depassement 96 kg)
[143/234] 2026-07-21-6.pdf       C208B-A N=20 ECHEC MTOW : masse au decollage 9263 lbs > MTOW 9062 (depassement 91 kg)
[144/234] 2026-07-20-7.pdf       C208B-A N=17 ok marge +0.63 / largage +0.87 in, 13 s (non prouve)
[145/234] 2026-07-21-8.pdf       C208B-A N=20 ECHEC MTOW : masse au decollage 9079 lbs > MTOW 9062 (depassement 8 kg)
[146/234] 2026-07-21-9.pdf       C208B-A N=20 ECHEC MTOW : masse au decollage 9556 lbs > MTOW 9062 (depassement 224 kg)
[147/234] 2026-07-22-1.pdf       C208B-A N=18 ECHEC MTOW : masse au decollage 9313 lbs > MTOW 9062 (depassement 114 kg)
[148/234] 2026-07-22-10.pdf      C208B-A N=18 ECHEC MTOW : masse au decollage 9127 lbs > MTOW 9062 (depassement 29 kg)
[149/234] 2026-07-22-11.pdf      C208B-A N=18 ECHEC MTOW : masse au decollage 9087 lbs > MTOW 9062 (depassement 11 kg)
[150/234] 2026-07-22-12.pdf      C208B-A N=18 ECHEC MTOW : masse au decollage 9090 lbs > MTOW 9062 (depassement 13 kg)
[151/234] 2026-07-20-8.pdf       C208B-A N=12 ok marge +0.53 / largage +2.36 in, 7 s
[152/234] 2026-07-20-6.pdf       C208B-A N=16 ok marge +0.67 / largage +1.36 in, 15 s (non prouve)
[153/234] 2026-07-20-9.pdf       C208B-A N=18 ok marge +0.53 / largage +0.60 in, 12 s (non prouve)
[154/234] 2026-07-22-2-1.pdf     C208B-B N=16 ECHEC MTOW : masse au decollage 9125 lbs > MTOW 9062 (depassement 29 kg)
[155/234] 2026-07-21-2.pdf       C208B-A N=17 ok (groupes non ordonnes) marge +0.93 / largage +0.95 in, 16 s (non prouve)
[156/234] 2026-07-22-2-3.pdf     C208B-B N= ignore (carburant_absent)  [carburant_absent]
[157/234] 2026-07-22-2-4.pdf     C208B-B N=17 ECHEC MTOW : masse au decollage 9211 lbs > MTOW 9062 (depassement 68 kg)
[158/234] 2026-07-22-2-5.pdf     C208B-B N=20 ECHEC MTOW : masse au decollage 9669 lbs > MTOW 9062 (depassement 275 kg)
[159/234] 2026-07-22-2.pdf       C208B-A N=18 ECHEC MTOW : masse au decollage 9218 lbs > MTOW 9062 (depassement 71 kg)
[160/234] 2026-07-22-3.pdf       C208B-A N=20 ECHEC MTOW : masse au decollage 9536 lbs > MTOW 9062 (depassement 215 kg)
[161/234] 2026-07-22-4.pdf       C208B-A N=20 ECHEC MTOW : masse au decollage 9448 lbs > MTOW 9062 (depassement 175 kg)
[162/234] 2026-07-22-5.pdf       C208B-A N=20 ECHEC MTOW : masse au decollage 9145 lbs > MTOW 9062 (depassement 38 kg)
[163/234] 2026-07-22-14.pdf      C208B-A N=19 ok (groupes non ordonnes) marge +0.61 / largage +0.50 in, 12 s (non prouve)
[164/234] 2026-07-21-7.pdf       C208B-A N=17 ok marge +0.96 / largage +1.30 in, 14 s (non prouve)
[165/234] 2026-07-22-13.pdf      C208B-A N=15 ok marge +0.50 / largage +2.48 in, 14 s (non prouve)
[166/234] 2026-07-22-9.pdf       C208B-A N=18 ECHEC MTOW : masse au decollage 9452 lbs > MTOW 9062 (depassement 177 kg)
[167/234] 2026-07-23-1.pdf       C208B-A N= ignore (carburant_absent)  [carburant_absent]
[168/234] 2026-07-23-10.pdf      C208B-A N=17 ECHEC MTOW : masse au decollage 9195 lbs > MTOW 9062 (depassement 60 kg)
[169/234] 2026-07-23-11.pdf      C208B-A N=18 ECHEC MTOW : masse au decollage 9167 lbs > MTOW 9062 (depassement 48 kg)
[170/234] 2026-07-22-15.pdf      C208B-A N=16 ok marge +0.51 / largage +1.86 in, 18 s (non prouve)
[171/234] 2026-07-23-13.pdf      C208B-A N=19 ECHEC MTOW : masse au decollage 9168 lbs > MTOW 9062 (depassement 48 kg)
[172/234] 2026-07-23-12.pdf      C208B-A N=17 ok marge +0.15 / largage +0.16 in, 8 s
[173/234] 2026-07-22-6.pdf       C208B-A N=18 ok marge +0.62 / largage +1.45 in, 12 s (non prouve)
[174/234] 2026-07-22-2-2.pdf     C208B-B N=14 ok marge +0.59 / largage +1.75 in, 18 s (non prouve)
[175/234] 2026-07-22-8.pdf       C208B-A N=20 ok (groupes non ordonnes) marge +1.22 / largage +0.69 in, 13 s (non prouve)
[176/234] 2026-07-22-7.pdf       C208B-A N=20 ok (groupes non ordonnes) marge +0.53 / largage +0.53 in, 17 s (non prouve)
[177/234] 2026-07-23-14.pdf      C208B-A N=19 ok marge +0.63 / largage +1.09 in, 14 s (non prouve)
[178/234] 2026-07-23-2.pdf       C208B-A N=17 ok marge +0.72 / largage +0.69 in, 13 s (non prouve)
[179/234] 2026-07-23-15.pdf      C208B-A N=19 ok (groupes non ordonnes) marge +0.50 / largage +0.69 in, 15 s (non prouve)
[180/234] 2026-07-23-3.pdf       C208B-A N=18 ok (groupes non ordonnes) marge +0.53 / largage +0.54 in, 13 s (non prouve)
[181/234] 2026-07-23-9.pdf       C208B-A N= ignore (carburant_absent)  [carburant_absent]
[182/234] 2026-07-24-1.pdf       C208B-A N=17 ECHEC MTOW : masse au decollage 9253 lbs > MTOW 9062 (depassement 87 kg)
[183/234] 2026-07-24-2.pdf       C208B-A N=18 ECHEC MTOW : masse au decollage 9321 lbs > MTOW 9062 (depassement 118 kg)
[184/234] 2026-07-23-4.pdf       C208B-A N=18 ok marge +0.50 / largage +0.56 in, 10 s
[185/234] 2026-07-23-6.pdf       C208B-A N=20 ok marge +1.31 / largage +0.24 in, 9 s
[186/234] 2026-07-23-5.pdf       C208B-A N=20 ok marge +1.10 / largage +0.50 in, 13 s
[187/234] 2026-07-24-3.pdf       C208B-A N=17 ok marge +0.59 / largage +0.53 in, 13 s (non prouve)
[188/234] 2026-07-24-7.pdf       C208B-A N=20 ECHEC MTOW : masse au decollage 9088 lbs > MTOW 9062 (depassement 12 kg)
[189/234] 2026-07-24-4.pdf       C208B-A N=18 ok marge +1.37 / largage +0.60 in, 14 s (non prouve)
[190/234] 2026-07-23-7.pdf       C208B-A N=19 ok marge +0.58 / largage +0.98 in, 17 s (non prouve)
[191/234] 2026-07-24-5.pdf       C208B-A N=17 ok marge +0.51 / largage +0.81 in, 13 s
[192/234] 2026-07-24-6.pdf       C208B-A N=17 ok marge +0.69 / largage +0.80 in, 13 s (non prouve)
[193/234] 2026-07-27-1.pdf       C208B-A N=18 ECHEC MTOW : masse au decollage 9309 lbs > MTOW 9062 (depassement 112 kg)
[194/234] 2026-07-27-2.pdf       C208B-A N=18 ECHEC MTOW : masse au decollage 9248 lbs > MTOW 9062 (depassement 85 kg)
[195/234] 2026-07-23-8.pdf       C208B-A N=20 ok marge +0.85 / largage +0.57 in, 20 s (non prouve)
[196/234] 2026-07-27-4.pdf       C208B-A N=19 ECHEC MTOW : masse au decollage 9213 lbs > MTOW 9062 (depassement 68 kg)
[197/234] 2026-07-26-1.pdf       C208B-A N=16 ok marge +0.30 / largage +0.34 in, 9 s
[198/234] 2026-07-26-3.pdf       C208B-A N=15 ok marge +0.54 / largage +1.72 in, 13 s (non prouve)
[199/234] 2026-07-26-4.pdf       C208B-A N=14 ok marge +0.57 / largage +2.94 in, 12 s (non prouve)
[200/234] 2026-07-26-2.pdf       C208B-A N=15 ok marge +0.50 / largage +1.88 in, 15 s (non prouve)
[201/234] 2026-07-27-3.pdf       C208B-A N=17 ok marge +0.59 / largage +0.82 in, 13 s
[202/234] 2026-07-28-11.pdf      C208B-A N=17 ECHEC MTOW : masse au decollage 9088 lbs > MTOW 9062 (depassement 12 kg)
[203/234] 2026-07-27-5.pdf       C208B-A N=11 ok marge +0.52 / largage +2.65 in, 14 s (non prouve)
[204/234] 2026-07-27-6.pdf       C208B-A N=18 ok marge +0.51 / largage +0.52 in, 14 s (non prouve)
[205/234] 2026-07-27-7.pdf       C208B-A N=17 ok (groupes non ordonnes) marge +0.87 / largage +0.83 in, 11 s (non prouve)
[206/234] 2026-07-28-10.pdf      C208B-A N=16 ok marge +0.48 / largage +0.48 in, 14 s (non prouve)
[207/234] 2026-07-28-1.pdf       C208B-A N=16 ok marge +0.66 / largage +0.51 in, 15 s (non prouve)
[208/234] 2026-07-28-12.pdf      C208B-A N=17 ok marge +0.53 / largage +0.22 in, 12 s (non prouve)
[209/234] 2026-07-28-13.pdf      C208B-A N=18 ok marge +1.50 / largage +0.53 in, 12 s (non prouve)
[210/234] 2026-07-28-14.pdf      C208B-A N=16 ok marge +0.54 / largage +1.13 in, 13 s (non prouve)
[211/234] 2026-07-28-15.pdf      C208B-A N=18 ok marge +0.62 / largage +1.36 in, 14 s (non prouve)
[212/234] 2026-07-28-3.pdf       C208B-A N=15 ok marge +0.61 / largage +1.66 in, 12 s (non prouve)
[213/234] 2026-07-28-2.pdf       C208B-A N=17 ok (groupes non ordonnes) marge +1.11 / largage +0.77 in, 14 s (non prouve)
[214/234] 2026-07-28-17.pdf      C208B-A N=15 ok marge +0.51 / largage +2.74 in, 15 s (non prouve)
[215/234] 2026-07-28-16.pdf      C208B-A N=14 ok marge +0.77 / largage +3.16 in, 17 s (non prouve)
[216/234] 2026-07-28-5.pdf       C208B-A N=19 ok marge +0.46 / largage +0.45 in, 13 s (non prouve)
[217/234] 2026-07-29-1pdf        C208B-A N=16 ECHEC MTOW : masse au decollage 9091 lbs > MTOW 9062 (depassement 13 kg)  [groupes 7/6]
[218/234] 2026-07-29-2.pdf       C208B-A N=17 ECHEC MTOW : masse au decollage 9143 lbs > MTOW 9062 (depassement 37 kg)
[219/234] 2026-07-28-4.pdf       C208B-A N=18 ok marge +0.66 / largage +0.53 in, 20 s (non prouve)
[220/234] 2026-07-28-8.pdf       C208B-A N=15 ok marge +0.30 / largage +0.30 in, 12 s
[221/234] 2026-07-28-7.pdf       C208B-A N=19 ok marge +0.55 / largage +0.83 in, 13 s (non prouve)
[222/234] 2026-07-28-9.pdf       C208B-A N=16 ok marge +0.57 / largage +0.52 in, 14 s (non prouve)
[223/234] 2026-07-29-3.pdf       C208B-A N=9 ok marge +0.57 / largage +3.55 in, 11 s (non prouve)  [groupes 5/4]
[224/234] 2026-07-28-6.pdf       C208B-A N=17 ok marge +0.63 / largage +0.92 in, 19 s (non prouve)
[225/234] 2026-07-29-6.pdf       C208B-A N=12 ok marge +0.58 / largage +2.39 in, 7 s  [groupes 8/6]
[226/234] 2026-07-29-4.pdf       C208B-A N=14 ok marge +0.61 / largage +2.24 in, 13 s (non prouve)
[227/234] 2026-07-29-5.pdf       C208B-A N=16 ok marge +0.66 / largage +0.71 in, 14 s (non prouve)
[228/234] 2026-07-30-2.pdf       C208B-A N=15 ok marge +0.70 / largage +1.23 in, 12 s (non prouve)
[229/234] 2026-07-30-1.pdf       C208B-A N=18 ok marge +1.50 / largage +0.34 in, 18 s (non prouve)
[230/234] 2026-07-30-3.pdf       C208B-A N=15 ok marge +0.54 / largage +2.62 in, 15 s (non prouve)
[231/234] 2026-07-30-4.pdf       C208B-A N=14 ok marge +1.05 / largage +2.64 in, 14 s (non prouve)
[232/234] 2026-07-30-6.pdf       C208B-A N=17 ok marge +0.63 / largage +0.73 in, 15 s (non prouve)
[233/234] 2026-07-30-7.pdf       C208B-A N=19 ok marge +0.76 / largage +0.72 in, 15 s (non prouve)
[234/234] 2026-07-30-5.pdf       C208B-A N=18 ok (groupes non ordonnes) marge +1.77 / largage +0.62 in, 25 s (non prouve)

234 fiches x tirages, 154 placees, 356 s
   142  ok
    64  ECHEC MTOW
    12  ok (groupes non ordonnes)
     8  ignore (avion non Caravan)
     8  ignore (carburant_absent)
marge decollage : min +0.15, mediane +0.61 in ; marge largage : min +0.16, mediane +1.06 in ; optimum prouve 38/154 ; groupes non ordonnes 12
   2026-07-04-1.pdf ignore (carburant_absent) carburant_absent
   2026-07-04-11.pdf ECHEC MTOW : masse au decollage 9301 lbs > MTOW 9062 (depassement 109 kg) 
   2026-07-04-12.pdf ECHEC MTOW : masse au decollage 9253 lbs > MTOW 9062 (depassement 87 kg) 
   2026-07-04-13.pdf ECHEC MTOW : masse au decollage 9094 lbs > MTOW 9062 (depassement 15 kg) 
   2026-07-04-14.pdf ECHEC MTOW : masse au decollage 9110 lbs > MTOW 9062 (depassement 22 kg) 
   2026-07-04-15.pdf ECHEC MTOW : masse au decollage 9182 lbs > MTOW 9062 (depassement 54 kg) 
   2026-07-04-2.pdf ignore (carburant_absent) carburant_absent
   2026-07-04-3.pdf ignore (carburant_absent) carburant_absent
   2026-07-04-4.pdf ignore (carburant_absent) carburant_absent
   2026-07-04-9.pdf ECHEC MTOW : masse au decollage 9144 lbs > MTOW 9062 (depassement 37 kg) 
   2026-07-05-12.pdf ECHEC MTOW : masse au decollage 9129 lbs > MTOW 9062 (depassement 30 kg) 
   2026-07-05-7.pdf ECHEC MTOW : masse au decollage 9239 lbs > MTOW 9062 (depassement 80 kg) 
   2026-07-05-8.pdf ECHEC MTOW : masse au decollage 9118 lbs > MTOW 9062 (depassement 25 kg) 
   2026-07-05-9.pdf ECHEC MTOW : masse au decollage 9173 lbs > MTOW 9062 (depassement 50 kg) 
   2026-07-10-7.pdf ignore (carburant_absent) carburant_absent
   2026-07-11-7.pdf ECHEC MTOW : masse au decollage 9066 lbs > MTOW 9062 (depassement 2 kg) 
   2026-07-16-1.pdf ECHEC MTOW : masse au decollage 9116 lbs > MTOW 9062 (depassement 25 kg) 
   2026-07-18-1.pdf ECHEC MTOW : masse au decollage 9122 lbs > MTOW 9062 (depassement 27 kg) 
   2026-07-18-10.pdf ECHEC MTOW : masse au decollage 9262 lbs > MTOW 9062 (depassement 91 kg) 
   2026-07-18-11.pdf ECHEC MTOW : masse au decollage 9234 lbs > MTOW 9062 (depassement 78 kg) 
   2026-07-18-2.pdf ECHEC MTOW : masse au decollage 9387 lbs > MTOW 9062 (depassement 147 kg) 
   2026-07-18-4.pdf ECHEC MTOW : masse au decollage 9173 lbs > MTOW 9062 (depassement 50 kg) 
   2026-07-18-5.pdf ECHEC MTOW : masse au decollage 9105 lbs > MTOW 9062 (depassement 19 kg) 
   2026-07-18-8.pdf ECHEC MTOW : masse au decollage 9166 lbs > MTOW 9062 (depassement 47 kg) 
   2026-07-19-1.pdf ECHEC MTOW : masse au decollage 9283 lbs > MTOW 9062 (depassement 100 kg) 
   2026-07-19-11.pdf ECHEC MTOW : masse au decollage 9110 lbs > MTOW 9062 (depassement 22 kg) 
   2026-07-19-13.pdf ECHEC MTOW : masse au decollage 9134 lbs > MTOW 9062 (depassement 33 kg) 
   2026-07-19-2.pdf ECHEC MTOW : masse au decollage 9227 lbs > MTOW 9062 (depassement 75 kg) 
   2026-07-19-9.pdf ECHEC MTOW : masse au decollage 9400 lbs > MTOW 9062 (depassement 153 kg) 
   2026-07-20-1.pdf ECHEC MTOW : masse au decollage 9157 lbs > MTOW 9062 (depassement 43 kg) 
   2026-07-20-13.pdf ECHEC MTOW : masse au decollage 9331 lbs > MTOW 9062 (depassement 122 kg) 
   2026-07-20-14.pdf ECHEC MTOW : masse au decollage 9188 lbs > MTOW 9062 (depassement 57 kg) 
   2026-07-21-1.pdf ECHEC MTOW : masse au decollage 9458 lbs > MTOW 9062 (depassement 180 kg) 
   2026-07-21-10.pdf ECHEC MTOW : masse au decollage 9681 lbs > MTOW 9062 (depassement 281 kg) 
   2026-07-21-11.pdf ECHEC MTOW : masse au decollage 9504 lbs > MTOW 9062 (depassement 201 kg) 
   2026-07-21-12.pdf ECHEC MTOW : masse au decollage 9423 lbs > MTOW 9062 (depassement 164 kg) 
   2026-07-21-13.pdf ECHEC MTOW : masse au decollage 9277 lbs > MTOW 9062 (depassement 98 kg) 
   2026-07-21-14.pdf ECHEC MTOW : masse au decollage 9220 lbs > MTOW 9062 (depassement 72 kg) 
   2026-07-21-15.pdf ECHEC MTOW : masse au decollage 9154 lbs > MTOW 9062 (depassement 42 kg) 
   2026-07-21-3.pdf ECHEC MTOW : masse au decollage 9198 lbs > MTOW 9062 (depassement 62 kg) 
   2026-07-21-4.pdf ECHEC MTOW : masse au decollage 9418 lbs > MTOW 9062 (depassement 162 kg) 
   2026-07-21-5.pdf ECHEC MTOW : masse au decollage 9273 lbs > MTOW 9062 (depassement 96 kg) 
   2026-07-21-6.pdf ECHEC MTOW : masse au decollage 9263 lbs > MTOW 9062 (depassement 91 kg) 
   2026-07-21-8.pdf ECHEC MTOW : masse au decollage 9079 lbs > MTOW 9062 (depassement 8 kg) 
   2026-07-21-9.pdf ECHEC MTOW : masse au decollage 9556 lbs > MTOW 9062 (depassement 224 kg) 
   2026-07-22-1.pdf ECHEC MTOW : masse au decollage 9313 lbs > MTOW 9062 (depassement 114 kg) 
   2026-07-22-10.pdf ECHEC MTOW : masse au decollage 9127 lbs > MTOW 9062 (depassement 29 kg) 
   2026-07-22-11.pdf ECHEC MTOW : masse au decollage 9087 lbs > MTOW 9062 (depassement 11 kg) 
   2026-07-22-12.pdf ECHEC MTOW : masse au decollage 9090 lbs > MTOW 9062 (depassement 13 kg) 
   2026-07-22-2-1.pdf ECHEC MTOW : masse au decollage 9125 lbs > MTOW 9062 (depassement 29 kg) 
   2026-07-22-2-3.pdf ignore (carburant_absent) carburant_absent
   2026-07-22-2-4.pdf ECHEC MTOW : masse au decollage 9211 lbs > MTOW 9062 (depassement 68 kg) 
   2026-07-22-2-5.pdf ECHEC MTOW : masse au decollage 9669 lbs > MTOW 9062 (depassement 275 kg) 
   2026-07-22-2.pdf ECHEC MTOW : masse au decollage 9218 lbs > MTOW 9062 (depassement 71 kg) 
   2026-07-22-3.pdf ECHEC MTOW : masse au decollage 9536 lbs > MTOW 9062 (depassement 215 kg) 
   2026-07-22-4.pdf ECHEC MTOW : masse au decollage 9448 lbs > MTOW 9062 (depassement 175 kg) 
   2026-07-22-5.pdf ECHEC MTOW : masse au decollage 9145 lbs > MTOW 9062 (depassement 38 kg) 
   2026-07-22-9.pdf ECHEC MTOW : masse au decollage 9452 lbs > MTOW 9062 (depassement 177 kg) 
   2026-07-23-1.pdf ignore (carburant_absent) carburant_absent
   2026-07-23-10.pdf ECHEC MTOW : masse au decollage 9195 lbs > MTOW 9062 (depassement 60 kg) 
   2026-07-23-11.pdf ECHEC MTOW : masse au decollage 9167 lbs > MTOW 9062 (depassement 48 kg) 
   2026-07-23-13.pdf ECHEC MTOW : masse au decollage 9168 lbs > MTOW 9062 (depassement 48 kg) 
   2026-07-23-9.pdf ignore (carburant_absent) carburant_absent
   2026-07-24-1.pdf ECHEC MTOW : masse au decollage 9253 lbs > MTOW 9062 (depassement 87 kg) 
   2026-07-24-2.pdf ECHEC MTOW : masse au decollage 9321 lbs > MTOW 9062 (depassement 118 kg) 
   2026-07-24-7.pdf ECHEC MTOW : masse au decollage 9088 lbs > MTOW 9062 (depassement 12 kg) 
   2026-07-27-1.pdf ECHEC MTOW : masse au decollage 9309 lbs > MTOW 9062 (depassement 112 kg) 
   2026-07-27-2.pdf ECHEC MTOW : masse au decollage 9248 lbs > MTOW 9062 (depassement 85 kg) 
   2026-07-27-4.pdf ECHEC MTOW : masse au decollage 9213 lbs > MTOW 9062 (depassement 68 kg) 
   2026-07-28-11.pdf ECHEC MTOW : masse au decollage 9088 lbs > MTOW 9062 (depassement 12 kg) 
   2026-07-29-1pdf ECHEC MTOW : masse au decollage 9091 lbs > MTOW 9062 (depassement 13 kg) groupes 7/6
   2026-07-29-2.pdf ECHEC MTOW : masse au decollage 9143 lbs > MTOW 9062 (depassement 37 kg) 
   2026-07-29-3.pdf ok groupes 5/4
   2026-07-29-6.pdf ok groupes 8/6
