[1/702] 2026-07-03-1.pdf       PC6-A N= ignore (avion non Caravan)
[2/702] 2026-07-03-2.pdf       PC6-A N= ignore (avion non Caravan)
[3/702] 2026-07-03-1.pdf       PC6-A N= ignore (avion non Caravan)
[4/702] 2026-07-03-2.pdf       PC6-A N= ignore (avion non Caravan)
[5/702] 2026-07-03-1.pdf       PC6-A N= ignore (avion non Caravan)
[6/702] 2026-07-03-2.pdf       PC6-A N= ignore (avion non Caravan)
[7/702] 2026-07-03-3.pdf       PC6-A N= ignore (avion non Caravan)
[8/702] 2026-07-03-3.pdf       PC6-A N= ignore (avion non Caravan)
[9/702] 2026-07-03-3.pdf       PC6-A N= ignore (avion non Caravan)
[10/702] 2026-07-03-4.pdf       PC6-A N= ignore (avion non Caravan)
[11/702] 2026-07-03-4.pdf       PC6-A N= ignore (avion non Caravan)
[12/702] 2026-07-03-4.pdf       PC6-A N= ignore (avion non Caravan)
[13/702] 2026-07-03-5.pdf       PC6-A N= ignore (avion non Caravan)
[14/702] 2026-07-03-5.pdf       PC6-A N= ignore (avion non Caravan)
[15/702] 2026-07-03-5.pdf       PC6-A N= ignore (avion non Caravan)
[16/702] 2026-07-03-6.pdf       PC6-A N= ignore (avion non Caravan)
[17/702] 2026-07-03-6.pdf       PC6-A N= ignore (avion non Caravan)
[18/702] 2026-07-03-7.pdf       PC6-A N= ignore (avion non Caravan)
[19/702] 2026-07-03-7.pdf       PC6-A N= ignore (avion non Caravan)
[20/702] 2026-07-03-6.pdf       PC6-A N= ignore (avion non Caravan)
[21/702] 2026-07-03-7.pdf       PC6-A N= ignore (avion non Caravan)
[22/702] 2026-07-04-1.pdf       C208B-B N= ignore (carburant_absent)  [carburant_absent]
[23/702] 2026-07-03-8.pdf       PC6-A N= ignore (avion non Caravan)
[24/702] 2026-07-03-8.pdf       PC6-A N= ignore (avion non Caravan)
[25/702] 2026-07-03-8.pdf       PC6-A N= ignore (avion non Caravan)
[26/702] 2026-07-04-1.pdf       C208B-B N= ignore (carburant_absent)  [carburant_absent]
[27/702] 2026-07-04-1.pdf       C208B-B N= ignore (carburant_absent)  [carburant_absent]
[28/702] 2026-07-04-12.pdf      C208B-B N=16 ECHEC MTOW : masse au decollage 9253 lbs > MTOW 9062 (depassement 87 kg)
[29/702] 2026-07-04-11.pdf      C208B-B N=17 ECHEC MTOW : masse au decollage 9302 lbs > MTOW 9062 (depassement 109 kg)
[30/702] 2026-07-04-11.pdf      C208B-B N=17 ECHEC MTOW : masse au decollage 9302 lbs > MTOW 9062 (depassement 109 kg)
[31/702] 2026-07-04-11.pdf      C208B-B N=17 ECHEC MTOW : masse au decollage 9301 lbs > MTOW 9062 (depassement 109 kg)
[32/702] 2026-07-04-12.pdf      C208B-B N=16 ECHEC MTOW : masse au decollage 9253 lbs > MTOW 9062 (depassement 87 kg)
[33/702] 2026-07-04-12.pdf      C208B-B N=16 ECHEC MTOW : masse au decollage 9253 lbs > MTOW 9062 (depassement 87 kg)
[34/702] 2026-07-04-13.pdf      C208B-B N=16 ECHEC MTOW : masse au decollage 9095 lbs > MTOW 9062 (depassement 15 kg)
[35/702] 2026-07-04-13.pdf      C208B-B N=16 ECHEC MTOW : masse au decollage 9095 lbs > MTOW 9062 (depassement 15 kg)
[36/702] 2026-07-04-14.pdf      C208B-B N=17 ECHEC MTOW : masse au decollage 9110 lbs > MTOW 9062 (depassement 22 kg)
[37/702] 2026-07-04-13.pdf      C208B-B N=16 ECHEC MTOW : masse au decollage 9094 lbs > MTOW 9062 (depassement 15 kg)
[38/702] 2026-07-04-14.pdf      C208B-B N=17 ECHEC MTOW : masse au decollage 9110 lbs > MTOW 9062 (depassement 22 kg)
[39/702] 2026-07-04-15.pdf      C208B-B N=18 ECHEC MTOW : masse au decollage 9183 lbs > MTOW 9062 (depassement 55 kg)
[40/702] 2026-07-04-14.pdf      C208B-B N=17 ECHEC MTOW : masse au decollage 9110 lbs > MTOW 9062 (depassement 22 kg)
[41/702] 2026-07-04-15.pdf      C208B-B N=18 ECHEC MTOW : masse au decollage 9183 lbs > MTOW 9062 (depassement 55 kg)
[42/702] 2026-07-04-15.pdf      C208B-B N=18 ECHEC MTOW : masse au decollage 9182 lbs > MTOW 9062 (depassement 55 kg)
[43/702] 2026-07-04-17.pdf      C208B-B N=15 ok marge +1.92 / largage +0.25 in, 2 s
[44/702] 2026-07-04-17.pdf      C208B-B N=15 ok marge +0.55 / largage +0.42 in, 3 s
[45/702] 2026-07-04-17.pdf      C208B-B N=15 ok marge +0.67 / largage +0.19 in, 2 s
[46/702] 2026-07-04-10.pdf      C208B-B N=11 ok marge +0.55 / largage +2.47 in, 10 s (non prouve)
[47/702] 2026-07-04-10.pdf      C208B-B N=11 ok marge +0.51 / largage +2.73 in, 10 s (non prouve)
[48/702] 2026-07-04-10.pdf      C208B-B N=11 ok marge +0.61 / largage +2.41 in, 11 s (non prouve)
[49/702] 2026-07-04-16.pdf      C208B-B N=15 ok marge +0.58 / largage +1.68 in, 11 s (non prouve)
[50/702] 2026-07-04-16.pdf      C208B-B N=15 ok marge +0.66 / largage +1.59 in, 11 s (non prouve)
[51/702] 2026-07-04-2.pdf       C208B-B N= ignore (carburant_absent)  [carburant_absent]
[52/702] 2026-07-04-2.pdf       C208B-B N= ignore (carburant_absent)  [carburant_absent]
[53/702] 2026-07-04-2.pdf       C208B-B N= ignore (carburant_absent)  [carburant_absent]
[54/702] 2026-07-04-3.pdf       C208B-B N= ignore (carburant_absent)  [carburant_absent]
[55/702] 2026-07-04-3.pdf       C208B-B N= ignore (carburant_absent)  [carburant_absent]
[56/702] 2026-07-04-3.pdf       C208B-B N= ignore (carburant_absent)  [carburant_absent]
[57/702] 2026-07-04-4.pdf       C208B-B N= ignore (carburant_absent)  [carburant_absent]
[58/702] 2026-07-04-4.pdf       C208B-B N= ignore (carburant_absent)  [carburant_absent]
[59/702] 2026-07-04-16.pdf      C208B-B N=15 ok marge +1.02 / largage +1.40 in, 12 s (non prouve)
[60/702] 2026-07-04-4.pdf       C208B-B N= ignore (carburant_absent)  [carburant_absent]
[61/702] 2026-07-04-18.pdf      C208B-B N=15 ok marge +0.53 / largage +0.26 in, 12 s (non prouve)
[62/702] 2026-07-04-19.pdf      C208B-B N=13 ok marge +0.67 / largage +2.05 in, 12 s (non prouve)
[63/702] 2026-07-04-18.pdf      C208B-B N=15 ok marge +0.67 / largage +0.08 in, 20 s (non prouve)
[64/702] 2026-07-04-5.pdf       C208B-B N=14 ok marge +0.74 / largage +1.01 in, 12 s (non prouve)
[65/702] 2026-07-04-19.pdf      C208B-B N=13 ok marge +1.17 / largage +1.85 in, 12 s (non prouve)
[66/702] 2026-07-04-5.pdf       C208B-B N=14 ok marge +0.69 / largage +0.99 in, 12 s (non prouve)
[67/702] 2026-07-04-19.pdf      C208B-B N=13 ok marge +0.56 / largage +1.91 in, 14 s (non prouve)
[68/702] 2026-07-04-5.pdf       C208B-B N=14 ok marge +0.85 / largage +1.50 in, 11 s (non prouve)
[69/702] 2026-07-04-18.pdf      C208B-B N=15 ok marge +0.65 / largage +0.03 in, 17 s (non prouve)
[70/702] 2026-07-04-6.pdf       C208B-B N=15 ok marge +0.64 / largage +0.79 in, 11 s (non prouve)
[71/702] 2026-07-04-6.pdf       C208B-B N=15 ok marge +0.73 / largage +0.15 in, 12 s (non prouve)
[72/702] 2026-07-04-9.pdf       C208B-B N=18 ECHEC MTOW : masse au decollage 9144 lbs > MTOW 9062 (depassement 37 kg)
[73/702] 2026-07-04-9.pdf       C208B-B N=18 ECHEC MTOW : masse au decollage 9144 lbs > MTOW 9062 (depassement 37 kg)
[74/702] 2026-07-04-9.pdf       C208B-B N=18 ECHEC MTOW : masse au decollage 9144 lbs > MTOW 9062 (depassement 37 kg)
[75/702] 2026-07-04-6.pdf       C208B-B N=15 ok marge +0.68 / largage +0.55 in, 12 s (non prouve)
[76/702] 2026-07-04-7.pdf       C208B-B N=15 ok marge +0.71 / largage +0.02 in, 13 s (non prouve)
[77/702] 2026-07-04-7.pdf       C208B-B N=15 ok marge +0.51 / largage +0.17 in, 12 s (non prouve)
[78/702] 2026-07-04-7.pdf       C208B-B N=15 ok marge +0.63 / largage +0.23 in, 13 s (non prouve)
[79/702] 2026-07-04-8.pdf       C208B-B N=15 ok marge +0.67 / largage +0.99 in, 11 s (non prouve)
[80/702] 2026-07-04-8.pdf       C208B-B N=15 ok marge +0.66 / largage +1.39 in, 12 s (non prouve)
[81/702] 2026-07-05-1.pdf       C208B-B N=16 ok marge +0.60 / largage +0.18 in, 12 s (non prouve)
[82/702] 2026-07-04-8.pdf       C208B-B N=15 ok marge +0.60 / largage +0.85 in, 12 s (non prouve)
[83/702] 2026-07-05-1.pdf       C208B-B N=16 ok marge +0.57 / largage +0.19 in, 12 s (non prouve)
[84/702] 2026-07-05-12.pdf      C208B-B N=18 ECHEC MTOW : masse au decollage 9129 lbs > MTOW 9062 (depassement 30 kg)
[85/702] 2026-07-05-12.pdf      C208B-B N=18 ECHEC MTOW : masse au decollage 9129 lbs > MTOW 9062 (depassement 30 kg)
[86/702] 2026-07-05-12.pdf      C208B-B N=18 ECHEC MTOW : masse au decollage 9129 lbs > MTOW 9062 (depassement 31 kg)
[87/702] 2026-07-05-11.pdf      C208B-B N=9 ok marge +1.27 / largage +3.64 in, 9 s
[88/702] 2026-07-05-1.pdf       C208B-B N=16 ok marge +0.69 / largage +0.19 in, 12 s (non prouve)
[89/702] 2026-07-05-10.pdf      C208B-B N=16 ok marge +0.97 / largage +0.36 in, 13 s (non prouve)
[90/702] 2026-07-05-10.pdf      C208B-B N=16 ok marge +0.81 / largage +0.01 in, 12 s (non prouve)
[91/702] 2026-07-05-10.pdf      C208B-B N=16 ok marge +0.62 / largage +0.20 in, 12 s (non prouve)
[92/702] 2026-07-05-11.pdf      C208B-B N=9 ok marge +1.67 / largage +3.73 in, 8 s
[93/702] 2026-07-05-11.pdf      C208B-B N=9 ok marge +0.69 / largage +3.02 in, 8 s
[94/702] 2026-07-05-2.pdf       C208B-B N=15 ok marge +0.51 / largage +0.26 in, 12 s (non prouve)
[95/702] 2026-07-05-2.pdf       C208B-B N=15 ok marge +0.58 / largage +1.66 in, 11 s (non prouve)
[96/702] 2026-07-05-2.pdf       C208B-B N=15 ok marge +0.61 / largage +0.50 in, 11 s (non prouve)
[97/702] 2026-07-05-3.pdf       C208B-B N=17 ok marge +0.55 / largage +0.08 in, 11 s (non prouve)
[98/702] 2026-07-05-3.pdf       C208B-B N=17 ok marge +0.60 / largage +0.02 in, 11 s (non prouve)
[99/702] 2026-07-05-3.pdf       C208B-B N=17 ok marge +0.53 / largage +0.20 in, 11 s (non prouve)
[100/702] 2026-07-05-4.pdf       C208B-B N=10 ok marge +0.62 / largage +2.76 in, 9 s
[101/702] 2026-07-05-4.pdf       C208B-B N=10 ok marge +0.64 / largage +2.87 in, 10 s
[102/702] 2026-07-05-7.pdf       C208B-B N=17 ECHEC MTOW : masse au decollage 9239 lbs > MTOW 9062 (depassement 80 kg)
[103/702] 2026-07-05-7.pdf       C208B-B N=17 ECHEC MTOW : masse au decollage 9239 lbs > MTOW 9062 (depassement 80 kg)
[104/702] 2026-07-05-7.pdf       C208B-B N=17 ECHEC MTOW : masse au decollage 9239 lbs > MTOW 9062 (depassement 81 kg)
[105/702] 2026-07-05-8.pdf       C208B-B N=16 ECHEC MTOW : masse au decollage 9117 lbs > MTOW 9062 (depassement 25 kg)
[106/702] 2026-07-05-8.pdf       C208B-B N=16 ECHEC MTOW : masse au decollage 9118 lbs > MTOW 9062 (depassement 25 kg)
[107/702] 2026-07-05-8.pdf       C208B-B N=16 ECHEC MTOW : masse au decollage 9118 lbs > MTOW 9062 (depassement 25 kg)
[108/702] 2026-07-05-9.pdf       C208B-B N=16 ECHEC MTOW : masse au decollage 9172 lbs > MTOW 9062 (depassement 50 kg)
[109/702] 2026-07-05-9.pdf       C208B-B N=16 ECHEC MTOW : masse au decollage 9173 lbs > MTOW 9062 (depassement 50 kg)
[110/702] 2026-07-05-9.pdf       C208B-B N=16 ECHEC MTOW : masse au decollage 9173 lbs > MTOW 9062 (depassement 50 kg)
[111/702] 2026-07-05-4.pdf       C208B-B N=10 ok marge +0.55 / largage +2.85 in, 11 s (non prouve)
[112/702] 2026-07-05-5.pdf       C208B-B N=18 ok marge +0.65 / largage +0.01 in, 12 s (non prouve)
[113/702] 2026-07-05-6.pdf       C208B-B N=15 ok marge +0.58 / largage +1.79 in, 11 s (non prouve)
[114/702] 2026-07-05-6.pdf       C208B-B N=15 ok marge +0.62 / largage +2.33 in, 11 s (non prouve)
[115/702] 2026-07-05-5.pdf       C208B-B N=18 ok marge +0.50 / largage +0.02 in, 13 s (non prouve)
[116/702] 2026-07-05-5.pdf       C208B-B N=18 ok marge +0.89 / largage +0.01 in, 13 s (non prouve)
[117/702] 2026-07-10-2.pdf       C208B-A N=6 ok marge +0.71 / largage +3.42 in, 2 s
[118/702] 2026-07-10-2.pdf       C208B-A N=6 ok marge +0.70 / largage +4.11 in, 2 s
[119/702] 2026-07-10-2.pdf       C208B-A N=6 ok marge +0.55 / largage +3.95 in, 1 s
[120/702] 2026-07-05-6.pdf       C208B-B N=15 ok marge +0.54 / largage +0.84 in, 12 s (non prouve)
[121/702] 2026-07-10-1.pdf       C208B-A N=11 ok marge +0.52 / largage +2.35 in, 11 s (non prouve)
[122/702] 2026-07-10-1.pdf       C208B-A N=11 ok marge +0.52 / largage +3.01 in, 11 s (non prouve)
[123/702] 2026-07-10-4.pdf       C208B-A N=7 ok marge +0.56 / largage +2.91 in, 6 s
[124/702] 2026-07-10-4.pdf       C208B-A N=7 ok marge +1.05 / largage +3.41 in, 6 s
[125/702] 2026-07-10-1.pdf       C208B-A N=11 ok marge +0.63 / largage +2.50 in, 11 s (non prouve)
[126/702] 2026-07-10-3.pdf       C208B-A N=10 ok marge +0.56 / largage +2.25 in, 9 s
[127/702] 2026-07-10-3.pdf       C208B-A N=10 ok marge +0.53 / largage +2.48 in, 10 s (non prouve)
[128/702] 2026-07-10-4.pdf       C208B-A N=7 ok marge +1.07 / largage +3.67 in, 9 s
[129/702] 2026-07-10-7.pdf       C208B-B N= ignore (carburant_absent)  [carburant_absent]
[130/702] 2026-07-10-7.pdf       C208B-B N= ignore (carburant_absent)  [carburant_absent]
[131/702] 2026-07-10-3.pdf       C208B-A N=10 ok marge +0.71 / largage +2.52 in, 11 s (non prouve)
[132/702] 2026-07-10-7.pdf       C208B-B N= ignore (carburant_absent)  [carburant_absent]
[133/702] 2026-07-10-5.pdf       C208B-A N=9 ok marge +0.81 / largage +3.02 in, 6 s
[134/702] 2026-07-10-6.pdf       C208B-A N=7 ok marge +0.98 / largage +3.85 in, 6 s
[135/702] 2026-07-10-5.pdf       C208B-A N=9 ok marge +0.55 / largage +2.80 in, 10 s (non prouve)
[136/702] 2026-07-10-5.pdf       C208B-A N=9 ok marge +0.54 / largage +2.87 in, 11 s (non prouve)
[137/702] 2026-07-10-6.pdf       C208B-A N=7 ok marge +1.08 / largage +3.76 in, 8 s
[138/702] 2026-07-10-6.pdf       C208B-A N=7 ok marge +0.54 / largage +3.11 in, 8 s
[139/702] 2026-07-11-1.pdf       C208B-A N=13 ok marge +0.77 / largage +2.86 in, 11 s (non prouve)
[140/702] 2026-07-11-1.pdf       C208B-A N=13 ok marge +0.53 / largage +2.29 in, 11 s (non prouve)
[141/702] 2026-07-11-1.pdf       C208B-A N=13 ok marge +0.56 / largage +2.67 in, 11 s (non prouve)
[142/702] 2026-07-11-10.pdf      C208B-A N=15 ok marge +0.69 / largage +2.57 in, 11 s (non prouve)
[143/702] 2026-07-11-10.pdf      C208B-A N=15 ok marge +0.74 / largage +2.36 in, 11 s (non prouve)
[144/702] 2026-07-11-11.pdf      C208B-A N=14 ok marge +0.71 / largage +2.10 in, 11 s (non prouve)
[145/702] 2026-07-11-10.pdf      C208B-A N=15 ok marge +0.53 / largage +2.49 in, 11 s (non prouve)
[146/702] 2026-07-11-11.pdf      C208B-A N=14 ok marge +0.71 / largage +1.77 in, 11 s (non prouve)
[147/702] 2026-07-11-11.pdf      C208B-A N=14 ok marge +0.57 / largage +2.43 in, 11 s (non prouve)
[148/702] 2026-07-11-3.pdf       C208B-A N=16 ok marge +0.62 / largage +0.27 in, 3 s
[149/702] 2026-07-11-12.pdf      C208B-A N=17 ok marge +0.71 / largage +1.18 in, 12 s (non prouve)
[150/702] 2026-07-11-12.pdf      C208B-A N=17 ok marge +1.34 / largage +1.01 in, 11 s (non prouve)
[151/702] 2026-07-11-12.pdf      C208B-A N=17 ok marge +0.86 / largage +1.18 in, 11 s (non prouve)
[152/702] 2026-07-11-3.pdf       C208B-A N=16 ok marge +0.68 / largage +0.59 in, 5 s
[153/702] 2026-07-11-4.pdf       C208B-A N=10 ok marge +0.66 / largage +2.56 in, 5 s
[154/702] 2026-07-11-3.pdf       C208B-A N=16 ok marge +0.53 / largage +0.56 in, 7 s
[155/702] 2026-07-11-4.pdf       C208B-A N=10 ok marge +0.52 / largage +2.79 in, 4 s
[156/702] 2026-07-11-5.pdf       C208B-A N=18 ok marge +0.16 / largage +0.27 in, 1 s
[157/702] 2026-07-11-2.pdf       C208B-A N=16 ok marge +0.69 / largage +1.45 in, 11 s (non prouve)
[158/702] 2026-07-11-2.pdf       C208B-A N=16 ok marge +0.67 / largage +0.99 in, 11 s (non prouve)
[159/702] 2026-07-11-7.pdf       C208B-A N=18 ECHEC MTOW : masse au decollage 9067 lbs > MTOW 9062 (depassement 2 kg)
[160/702] 2026-07-11-7.pdf       C208B-A N=18 ECHEC MTOW : masse au decollage 9066 lbs > MTOW 9062 (depassement 2 kg)
[161/702] 2026-07-11-7.pdf       C208B-A N=18 ECHEC MTOW : masse au decollage 9066 lbs > MTOW 9062 (depassement 2 kg)
[162/702] 2026-07-11-2.pdf       C208B-A N=16 ok marge +0.56 / largage +0.34 in, 13 s (non prouve)
[163/702] 2026-07-11-4.pdf       C208B-A N=10 ok marge +0.57 / largage +2.31 in, 7 s
[164/702] 2026-07-11-5.pdf       C208B-A N=18 ok (groupes non ordonnes) marge +0.88 / largage +0.04 in, 11 s (non prouve)
[165/702] 2026-07-11-5.pdf       C208B-A N=18 ok (groupes non ordonnes) marge +1.04 / largage +0.24 in, 11 s (non prouve)
[166/702] 2026-07-11-6.pdf       C208B-A N=18 ok marge +0.67 / largage +0.26 in, 12 s (non prouve)
[167/702] 2026-07-11-6.pdf       C208B-A N=18 ok marge +1.81 / largage +0.34 in, 12 s (non prouve)
[168/702] 2026-07-11-8.pdf       C208B-A N=17 ok marge +0.56 / largage +0.26 in, 11 s (non prouve)
[169/702] 2026-07-11-6.pdf       C208B-A N=18 ok marge +0.87 / largage +0.06 in, 12 s (non prouve)
[170/702] 2026-07-11-8.pdf       C208B-A N=17 ok marge +0.76 / largage +1.00 in, 12 s (non prouve)
[171/702] 2026-07-11-8.pdf       C208B-A N=17 ok marge +0.82 / largage +0.03 in, 11 s (non prouve)
[172/702] 2026-07-11-9.pdf       C208B-A N=14 ok marge +0.66 / largage +1.94 in, 11 s (non prouve)
[173/702] 2026-07-11-9.pdf       C208B-A N=14 ok marge +0.56 / largage +2.68 in, 10 s (non prouve)
[174/702] 2026-07-11-9.pdf       C208B-A N=14 ok marge +0.56 / largage +1.94 in, 11 s (non prouve)
[175/702] 2026-07-12-2.pdf       C208B-A N=10 ok marge +0.52 / largage +2.42 in, 11 s (non prouve)
[176/702] 2026-07-12-1.pdf       C208B-A N=17 ok marge +0.76 / largage +0.24 in, 11 s (non prouve)
[177/702] 2026-07-12-1.pdf       C208B-A N=17 ok marge +0.56 / largage +0.11 in, 11 s (non prouve)
[178/702] 2026-07-12-1.pdf       C208B-A N=17 ok marge +0.57 / largage +0.56 in, 13 s (non prouve)
[179/702] 2026-07-12-2.pdf       C208B-A N=10 ok marge +0.72 / largage +2.46 in, 11 s (non prouve)
[180/702] 2026-07-12-2.pdf       C208B-A N=10 ok marge +0.56 / largage +2.79 in, 11 s (non prouve)
[181/702] 2026-07-14-1.pdf       C208B-A N=15 ok marge +0.50 / largage +0.01 in, 12 s (non prouve)
[182/702] 2026-07-14-1.pdf       C208B-A N=15 ok marge +0.72 / largage +0.05 in, 11 s (non prouve)
[183/702] 2026-07-14-1.pdf       C208B-A N=15 ok marge +0.58 / largage +0.06 in, 13 s (non prouve)
[184/702] 2026-07-14-10.pdf      C208B-A N=17 ok marge +0.50 / largage +0.29 in, 12 s (non prouve)
[185/702] 2026-07-14-10.pdf      C208B-A N=17 ok marge +0.84 / largage +0.05 in, 14 s (non prouve)
[186/702] 2026-07-14-11.pdf      C208B-A N=17 ok marge +0.66 / largage +0.02 in, 12 s (non prouve)
[187/702] 2026-07-14-13.pdf      C208B-A N=11 ok marge +1.04 / largage +2.87 in, 1 s
[188/702] 2026-07-14-13.pdf      C208B-A N=11 ok marge +0.65 / largage +2.55 in, 1 s
[189/702] 2026-07-14-13.pdf      C208B-A N=11 ok marge +0.58 / largage +2.60 in, 1 s
[190/702] 2026-07-14-10.pdf      C208B-A N=17 ok marge +0.52 / largage +0.88 in, 16 s (non prouve)
[191/702] 2026-07-14-11.pdf      C208B-A N=17 ok marge +0.55 / largage +0.49 in, 12 s (non prouve)
[192/702] 2026-07-14-11.pdf      C208B-A N=17 ok marge +0.76 / largage +0.21 in, 11 s (non prouve)
[193/702] 2026-07-14-12.pdf      C208B-A N=17 ok marge +0.63 / largage +0.20 in, 11 s (non prouve)
[194/702] 2026-07-14-12.pdf      C208B-A N=17 ok marge +0.55 / largage +0.53 in, 12 s (non prouve)
[195/702] 2026-07-14-12.pdf      C208B-A N=17 ok marge +1.29 / largage +0.09 in, 13 s (non prouve)
[196/702] 2026-07-14-14.pdf      C208B-A N=13 ok marge +0.51 / largage +2.73 in, 11 s (non prouve)
[197/702] 2026-07-14-14.pdf      C208B-A N=13 ok marge +0.70 / largage +2.72 in, 11 s (non prouve)
[198/702] 2026-07-14-14.pdf      C208B-A N=13 ok marge +0.61 / largage +2.34 in, 11 s (non prouve)
[199/702] 2026-07-14-15.pdf      C208B-A N=16 ok marge +0.58 / largage +2.47 in, 11 s (non prouve)
[200/702] 2026-07-14-15.pdf      C208B-A N=16 ok marge +0.57 / largage +1.62 in, 12 s (non prouve)
[201/702] 2026-07-14-16.pdf      C208B-A N=12 ok marge +0.72 / largage +2.65 in, 10 s
[202/702] 2026-07-14-15.pdf      C208B-A N=16 ok marge +0.73 / largage +2.10 in, 11 s (non prouve)
[203/702] 2026-07-14-16.pdf      C208B-A N=12 ok marge +0.72 / largage +3.11 in, 12 s (non prouve)
[204/702] 2026-07-14-2.pdf       C208B-A N=11 ok marge +0.56 / largage +2.76 in, 11 s (non prouve)
[205/702] 2026-07-14-16.pdf      C208B-A N=12 ok marge +0.56 / largage +2.47 in, 11 s (non prouve)
[206/702] 2026-07-14-2.pdf       C208B-A N=11 ok marge +0.85 / largage +2.92 in, 11 s (non prouve)
[207/702] 2026-07-14-2.pdf       C208B-A N=11 ok marge +0.75 / largage +2.29 in, 11 s (non prouve)
[208/702] 2026-07-14-3.pdf       C208B-A N=15 ok marge +0.90 / largage +0.58 in, 10 s (non prouve)
[209/702] 2026-07-14-3.pdf       C208B-A N=15 ok marge +0.68 / largage +0.75 in, 11 s (non prouve)
[210/702] 2026-07-14-3.pdf       C208B-A N=15 ok marge +1.53 / largage +1.34 in, 13 s (non prouve)
[211/702] 2026-07-14-4.pdf       C208B-A N=14 ok marge +0.77 / largage +2.95 in, 12 s (non prouve)
[212/702] 2026-07-14-4.pdf       C208B-A N=14 ok marge +1.15 / largage +2.80 in, 12 s (non prouve)
[213/702] 2026-07-14-5.pdf       C208B-A N=17 ok marge +0.71 / largage +0.51 in, 11 s (non prouve)
[214/702] 2026-07-14-4.pdf       C208B-A N=14 ok marge +0.56 / largage +2.17 in, 12 s (non prouve)
[215/702] 2026-07-14-5.pdf       C208B-A N=17 ok marge +0.69 / largage +0.04 in, 11 s (non prouve)
[216/702] 2026-07-14-5.pdf       C208B-A N=17 ok marge +0.78 / largage +0.03 in, 12 s (non prouve)
[217/702] 2026-07-14-6.pdf       C208B-A N=18 ok marge +0.71 / largage +0.05 in, 14 s (non prouve)
[218/702] 2026-07-14-6.pdf       C208B-A N=18 ok marge +0.82 / largage +0.02 in, 12 s (non prouve)
[219/702] 2026-07-14-7.pdf       C208B-A N=16 ok marge +0.54 / largage +1.15 in, 11 s (non prouve)
[220/702] 2026-07-14-7.pdf       C208B-A N=16 ok marge +0.66 / largage +0.68 in, 11 s (non prouve)
[221/702] 2026-07-14-7.pdf       C208B-A N=16 ok marge +0.66 / largage +1.35 in, 12 s (non prouve)
[222/702] 2026-07-14-6.pdf       C208B-A N=18 ok marge +0.77 / largage +0.09 in, 14 s (non prouve)
[223/702] 2026-07-14-9.pdf       C208B-A N=15 ok marge +0.52 / largage +2.09 in, 11 s (non prouve)
[224/702] 2026-07-14-8.pdf       C208B-A N=18 ok marge +0.86 / largage +0.08 in, 20 s (non prouve)
[225/702] 2026-07-14-9.pdf       C208B-A N=15 ok marge +0.57 / largage +1.84 in, 11 s (non prouve)
[226/702] 2026-07-14-9.pdf       C208B-A N=15 ok marge +0.80 / largage +1.87 in, 11 s (non prouve)
[227/702] 2026-07-14-8.pdf       C208B-A N=18 ok marge +0.75 / largage +0.19 in, 14 s (non prouve)
[228/702] 2026-07-15-1.pdf       C208B-B N=14 ok marge +0.77 / largage +2.18 in, 11 s (non prouve)
[229/702] 2026-07-15-1.pdf       C208B-B N=14 ok marge +0.54 / largage +1.89 in, 12 s (non prouve)
[230/702] 2026-07-15-2.pdf       C208B-B N=9 ok marge +0.53 / largage +3.69 in, 3 s
[231/702] 2026-07-15-2.pdf       C208B-B N=9 ok marge +0.62 / largage +3.26 in, 5 s
[232/702] 2026-07-15-2.pdf       C208B-B N=9 ok marge +0.75 / largage +3.76 in, 4 s
[233/702] 2026-07-15-4.pdf       C208B-B N=9 ok marge +0.52 / largage +2.84 in, 2 s
[234/702] 2026-07-14-8.pdf       C208B-A N=18 ok (groupes non ordonnes) marge +0.91 / largage +0.05 in, 24 s (non prouve)
[235/702] 2026-07-15-4.pdf       C208B-B N=9 ok marge +0.68 / largage +3.64 in, 4 s
[236/702] 2026-07-15-1.pdf       C208B-B N=14 ok marge +0.55 / largage +2.10 in, 12 s (non prouve)
[237/702] 2026-07-15-4.pdf       C208B-B N=9 ok marge +1.36 / largage +3.88 in, 7 s
[238/702] 2026-07-15-3.pdf       C208B-B N=14 ok marge +0.63 / largage +2.01 in, 11 s (non prouve)
[239/702] 2026-07-15-3.pdf       C208B-B N=14 ok marge +0.87 / largage +1.14 in, 11 s (non prouve)
[240/702] 2026-07-15-5.pdf       C208B-B N=14 ok marge +0.53 / largage +2.51 in, 6 s
[241/702] 2026-07-15-3.pdf       C208B-B N=14 ok marge +0.99 / largage +2.41 in, 11 s (non prouve)
[242/702] 2026-07-15-7.pdf       C208B-B N=16 ok marge +0.53 / largage +0.30 in, 1 s
[243/702] 2026-07-15-5.pdf       C208B-B N=14 ok marge +0.54 / largage +2.68 in, 5 s
[244/702] 2026-07-15-5.pdf       C208B-B N=14 ok marge +0.55 / largage +2.90 in, 7 s
[245/702] 2026-07-15-7.pdf       C208B-B N=16 ok marge +0.59 / largage +0.09 in, 4 s
[246/702] 2026-07-15-7.pdf       C208B-B N=16 ok marge +0.66 / largage +0.45 in, 6 s
[247/702] 2026-07-15-6.pdf       C208B-B N=12 ok marge +0.61 / largage +2.78 in, 11 s (non prouve)
[248/702] 2026-07-15-6.pdf       C208B-B N=12 ok marge +0.59 / largage +2.72 in, 11 s (non prouve)
[249/702] 2026-07-16-1.pdf       C208B-B N=16 ECHEC MTOW : masse au decollage 9116 lbs > MTOW 9062 (depassement 25 kg)
[250/702] 2026-07-16-1.pdf       C208B-B N=16 ECHEC MTOW : masse au decollage 9116 lbs > MTOW 9062 (depassement 24 kg)
[251/702] 2026-07-16-1.pdf       C208B-B N=16 ECHEC MTOW : masse au decollage 9115 lbs > MTOW 9062 (depassement 24 kg)
[252/702] 2026-07-15-6.pdf       C208B-B N=12 ok marge +0.84 / largage +2.66 in, 11 s (non prouve)
[253/702] 2026-07-15-8.pdf       C208B-B N=13 ok marge +0.58 / largage +2.54 in, 11 s (non prouve)
[254/702] 2026-07-15-8.pdf       C208B-B N=13 ok marge +0.51 / largage +2.50 in, 11 s (non prouve)
[255/702] 2026-07-15-8.pdf       C208B-B N=13 ok marge +0.51 / largage +2.45 in, 11 s (non prouve)
[256/702] 2026-07-16-3.pdf       C208B-B N=6 ok marge +2.85 / largage +5.51 in, 1 s
[257/702] 2026-07-16-3.pdf       C208B-B N=6 ok marge +3.21 / largage +5.95 in, 1 s
[258/702] 2026-07-16-3.pdf       C208B-B N=6 ok marge +2.88 / largage +5.81 in, 1 s
[259/702] 2026-07-15-9.pdf       C208B-B N=12 ok marge +0.70 / largage +3.32 in, 10 s
[260/702] 2026-07-15-9.pdf       C208B-B N=12 ok marge +0.55 / largage +2.66 in, 11 s (non prouve)
[261/702] 2026-07-15-9.pdf       C208B-B N=12 ok marge +0.82 / largage +3.56 in, 11 s (non prouve)
[262/702] 2026-07-16-4.pdf       C208B-B N=14 ok marge +0.51 / largage +1.66 in, 7 s
[263/702] 2026-07-16-4.pdf       C208B-B N=14 ok marge +1.01 / largage +1.91 in, 6 s
[264/702] 2026-07-18-1.pdf       C208B-A N=16 ECHEC MTOW : masse au decollage 9122 lbs > MTOW 9062 (depassement 27 kg)
[265/702] 2026-07-18-1.pdf       C208B-A N=16 ECHEC MTOW : masse au decollage 9122 lbs > MTOW 9062 (depassement 27 kg)
[266/702] 2026-07-18-1.pdf       C208B-A N=16 ECHEC MTOW : masse au decollage 9122 lbs > MTOW 9062 (depassement 27 kg)
[267/702] 2026-07-18-10.pdf      C208B-A N=17 ECHEC MTOW : masse au decollage 9262 lbs > MTOW 9062 (depassement 91 kg)
[268/702] 2026-07-18-10.pdf      C208B-A N=17 ECHEC MTOW : masse au decollage 9263 lbs > MTOW 9062 (depassement 91 kg)
[269/702] 2026-07-16-4.pdf       C208B-B N=14 ok marge +0.57 / largage +1.14 in, 7 s
[270/702] 2026-07-18-10.pdf      C208B-A N=17 ECHEC MTOW : masse au decollage 9262 lbs > MTOW 9062 (depassement 91 kg)
[271/702] 2026-07-18-11.pdf      C208B-A N=18 ECHEC MTOW : masse au decollage 9234 lbs > MTOW 9062 (depassement 78 kg)
[272/702] 2026-07-18-11.pdf      C208B-A N=18 ECHEC MTOW : masse au decollage 9234 lbs > MTOW 9062 (depassement 78 kg)
[273/702] 2026-07-16-2.pdf       C208B-B N=14 ok marge +0.51 / largage +0.73 in, 11 s (non prouve)
[274/702] 2026-07-18-11.pdf      C208B-A N=18 ECHEC MTOW : masse au decollage 9234 lbs > MTOW 9062 (depassement 78 kg)
[275/702] 2026-07-16-2.pdf       C208B-B N=14 ok marge +0.97 / largage +0.61 in, 11 s (non prouve)
[276/702] 2026-07-16-2.pdf       C208B-B N=14 ok marge +0.52 / largage +0.90 in, 11 s (non prouve)
[277/702] 2026-07-17-1.pdf       C208B-A N=11 ok marge +0.53 / largage +3.02 in, 10 s (non prouve)
[278/702] 2026-07-18-13.pdf      C208B-A N=18 ok marge +0.34 / largage +0.10 in, 7 s
[279/702] 2026-07-17-1.pdf       C208B-A N=11 ok marge +0.62 / largage +2.40 in, 11 s (non prouve)
[280/702] 2026-07-17-1.pdf       C208B-A N=11 ok marge +0.52 / largage +2.89 in, 11 s (non prouve)
[281/702] 2026-07-18-12.pdf      C208B-A N=17 ok marge +0.69 / largage +0.73 in, 11 s (non prouve)
[282/702] 2026-07-18-12.pdf      C208B-A N=17 ok marge +1.05 / largage +0.24 in, 11 s (non prouve)
[283/702] 2026-07-18-12.pdf      C208B-A N=17 ok marge +1.31 / largage +0.15 in, 11 s (non prouve)
[284/702] 2026-07-18-13.pdf      C208B-A N=18 ok (groupes non ordonnes) marge +0.68 / largage +0.02 in, 13 s (non prouve)
[285/702] 2026-07-18-14.pdf      C208B-A N=15 ok marge +0.62 / largage +0.68 in, 11 s (non prouve)
[286/702] 2026-07-18-14.pdf      C208B-A N=15 ok marge +1.33 / largage +2.23 in, 11 s (non prouve)
[287/702] 2026-07-18-14.pdf      C208B-A N=15 ok marge +0.57 / largage +2.72 in, 11 s (non prouve)
[288/702] 2026-07-18-15.pdf      C208B-A N=16 ok marge +0.62 / largage +0.12 in, 10 s
[289/702] 2026-07-18-13.pdf      C208B-A N=18 ok (groupes non ordonnes) marge +0.81 / largage +0.39 in, 15 s (non prouve)
[290/702] 2026-07-18-15.pdf      C208B-A N=16 ok marge +0.72 / largage +0.03 in, 12 s (non prouve)
[291/702] 2026-07-18-2.pdf       C208B-A N=17 ECHEC MTOW : masse au decollage 9387 lbs > MTOW 9062 (depassement 147 kg)
[292/702] 2026-07-18-2.pdf       C208B-A N=17 ECHEC MTOW : masse au decollage 9387 lbs > MTOW 9062 (depassement 147 kg)
[293/702] 2026-07-18-2.pdf       C208B-A N=17 ECHEC MTOW : masse au decollage 9387 lbs > MTOW 9062 (depassement 147 kg)
[294/702] 2026-07-18-16.pdf      C208B-A N=16 ok marge +0.56 / largage +2.13 in, 10 s
[295/702] 2026-07-18-16.pdf      C208B-A N=16 ok marge +0.79 / largage +1.09 in, 6 s
[296/702] 2026-07-18-15.pdf      C208B-A N=16 ok marge +0.68 / largage +0.02 in, 15 s (non prouve)
[297/702] 2026-07-18-4.pdf       C208B-A N=18 ECHEC MTOW : masse au decollage 9173 lbs > MTOW 9062 (depassement 50 kg)
[298/702] 2026-07-18-4.pdf       C208B-A N=18 ECHEC MTOW : masse au decollage 9173 lbs > MTOW 9062 (depassement 50 kg)
[299/702] 2026-07-18-4.pdf       C208B-A N=18 ECHEC MTOW : masse au decollage 9173 lbs > MTOW 9062 (depassement 50 kg)
[300/702] 2026-07-18-5.pdf       C208B-A N=18 ECHEC MTOW : masse au decollage 9104 lbs > MTOW 9062 (depassement 19 kg)
[301/702] 2026-07-18-5.pdf       C208B-A N=18 ECHEC MTOW : masse au decollage 9104 lbs > MTOW 9062 (depassement 19 kg)
[302/702] 2026-07-18-5.pdf       C208B-A N=18 ECHEC MTOW : masse au decollage 9104 lbs > MTOW 9062 (depassement 19 kg)
[303/702] 2026-07-18-17.pdf      C208B-A N=9 ok marge +0.65 / largage +2.50 in, 7 s
[304/702] 2026-07-18-16.pdf      C208B-A N=16 ok marge +0.55 / largage +1.65 in, 9 s
[305/702] 2026-07-18-17.pdf      C208B-A N=9 ok marge +0.63 / largage +2.52 in, 8 s
[306/702] 2026-07-18-17.pdf      C208B-A N=9 ok marge +0.57 / largage +2.52 in, 8 s
[307/702] 2026-07-18-3.pdf       C208B-A N=17 ok marge +0.59 / largage +0.01 in, 11 s (non prouve)
[308/702] 2026-07-18-3.pdf       C208B-A N=17 ok marge +0.89 / largage +0.02 in, 11 s (non prouve)
[309/702] 2026-07-18-8.pdf       C208B-A N=15 ECHEC MTOW : masse au decollage 9167 lbs > MTOW 9062 (depassement 48 kg)
[310/702] 2026-07-18-8.pdf       C208B-A N=15 ECHEC MTOW : masse au decollage 9166 lbs > MTOW 9062 (depassement 47 kg)
[311/702] 2026-07-18-8.pdf       C208B-A N=15 ECHEC MTOW : masse au decollage 9166 lbs > MTOW 9062 (depassement 47 kg)
[312/702] 2026-07-18-7.pdf       C208B-A N=19 ok marge +0.87 / largage +0.20 in, 8 s
[313/702] 2026-07-18-3.pdf       C208B-A N=17 ok marge +0.68 / largage +0.07 in, 11 s (non prouve)
[314/702] 2026-07-18-6.pdf       C208B-A N=17 ok marge +0.70 / largage +0.29 in, 11 s (non prouve)
[315/702] 2026-07-19-1.pdf       C208B-A N=16 ECHEC MTOW : masse au decollage 9283 lbs > MTOW 9062 (depassement 100 kg)
[316/702] 2026-07-19-1.pdf       C208B-A N=16 ECHEC MTOW : masse au decollage 9283 lbs > MTOW 9062 (depassement 100 kg)
[317/702] 2026-07-19-1.pdf       C208B-A N=16 ECHEC MTOW : masse au decollage 9283 lbs > MTOW 9062 (depassement 100 kg)
[318/702] 2026-07-18-7.pdf       C208B-A N=19 ok marge +0.63 / largage +0.06 in, 10 s (non prouve)
[319/702] 2026-07-18-6.pdf       C208B-A N=17 ok marge +1.01 / largage +0.06 in, 15 s (non prouve)
[320/702] 2026-07-18-6.pdf       C208B-A N=17 ok marge +0.51 / largage +0.35 in, 14 s (non prouve)
[321/702] 2026-07-19-11.pdf      C208B-A N=17 ECHEC MTOW : masse au decollage 9111 lbs > MTOW 9062 (depassement 22 kg)
[322/702] 2026-07-19-11.pdf      C208B-A N=17 ECHEC MTOW : masse au decollage 9110 lbs > MTOW 9062 (depassement 22 kg)
[323/702] 2026-07-19-11.pdf      C208B-A N=17 ECHEC MTOW : masse au decollage 9111 lbs > MTOW 9062 (depassement 22 kg)
[324/702] 2026-07-18-9.pdf       C208B-A N=15 ok marge +0.56 / largage +0.13 in, 10 s
[325/702] 2026-07-18-9.pdf       C208B-A N=15 ok marge +0.51 / largage +0.02 in, 8 s
[326/702] 2026-07-18-7.pdf       C208B-A N=19 ok marge +0.64 / largage +0.06 in, 11 s (non prouve)
[327/702] 2026-07-19-13.pdf      C208B-A N=18 ECHEC MTOW : masse au decollage 9134 lbs > MTOW 9062 (depassement 33 kg)
[328/702] 2026-07-19-13.pdf      C208B-A N=18 ECHEC MTOW : masse au decollage 9134 lbs > MTOW 9062 (depassement 33 kg)
[329/702] 2026-07-19-13.pdf      C208B-A N=18 ECHEC MTOW : masse au decollage 9135 lbs > MTOW 9062 (depassement 33 kg)
[330/702] 2026-07-19-10.pdf      C208B-A N=16 ok marge +0.70 / largage +0.07 in, 9 s
[331/702] 2026-07-18-9.pdf       C208B-A N=15 ok marge +0.67 / largage +0.03 in, 11 s
[332/702] 2026-07-19-10.pdf      C208B-A N=16 ok marge +0.67 / largage +0.02 in, 10 s
[333/702] 2026-07-19-2.pdf       C208B-A N=16 ECHEC MTOW : masse au decollage 9227 lbs > MTOW 9062 (depassement 75 kg)
[334/702] 2026-07-19-2.pdf       C208B-A N=16 ECHEC MTOW : masse au decollage 9227 lbs > MTOW 9062 (depassement 75 kg)
[335/702] 2026-07-19-2.pdf       C208B-A N=16 ECHEC MTOW : masse au decollage 9227 lbs > MTOW 9062 (depassement 75 kg)
[336/702] 2026-07-19-10.pdf      C208B-A N=16 ok marge +0.53 / largage +0.13 in, 11 s (non prouve)
[337/702] 2026-07-19-12.pdf      C208B-A N=15 ok marge +0.60 / largage +1.60 in, 11 s (non prouve)
[338/702] 2026-07-19-12.pdf      C208B-A N=15 ok marge +0.50 / largage +1.71 in, 11 s (non prouve)
[339/702] 2026-07-19-14.pdf      C208B-A N=11 ok marge +0.90 / largage +2.94 in, 10 s (non prouve)
[340/702] 2026-07-19-12.pdf      C208B-A N=15 ok marge +0.59 / largage +2.23 in, 11 s (non prouve)
[341/702] 2026-07-19-14.pdf      C208B-A N=11 ok marge +0.51 / largage +2.34 in, 10 s (non prouve)
[342/702] 2026-07-19-14.pdf      C208B-A N=11 ok marge +0.60 / largage +2.89 in, 11 s (non prouve)
[343/702] 2026-07-19-3.pdf       C208B-A N=15 ok marge +0.54 / largage +0.33 in, 12 s (non prouve)
[344/702] 2026-07-19-5.pdf       C208B-A N=17 ok marge +0.77 / largage +0.06 in, 5 s
[345/702] 2026-07-19-3.pdf       C208B-A N=15 ok marge +0.71 / largage +0.28 in, 12 s (non prouve)
[346/702] 2026-07-19-3.pdf       C208B-A N=15 ok marge +0.69 / largage +0.36 in, 12 s (non prouve)
[347/702] 2026-07-19-4.pdf       C208B-A N=15 ok marge +0.63 / largage +1.66 in, 13 s (non prouve)
[348/702] 2026-07-19-4.pdf       C208B-A N=15 ok marge +0.79 / largage +1.68 in, 13 s (non prouve)
[349/702] 2026-07-19-4.pdf       C208B-A N=15 ok marge +0.72 / largage +2.21 in, 14 s (non prouve)
[350/702] 2026-07-19-5.pdf       C208B-A N=17 ok marge +0.60 / largage +0.00 in, 12 s (non prouve)
[351/702] 2026-07-19-5.pdf       C208B-A N=17 ok marge +0.92 / largage +0.48 in, 11 s (non prouve)
[352/702] 2026-07-19-6.pdf       C208B-A N=17 ok marge +0.62 / largage +0.14 in, 11 s (non prouve)
[353/702] 2026-07-19-6.pdf       C208B-A N=17 ok marge +0.72 / largage +0.01 in, 12 s (non prouve)
[354/702] 2026-07-19-9.pdf       C208B-A N=17 ECHEC MTOW : masse au decollage 9400 lbs > MTOW 9062 (depassement 153 kg)
[355/702] 2026-07-19-9.pdf       C208B-A N=17 ECHEC MTOW : masse au decollage 9400 lbs > MTOW 9062 (depassement 153 kg)
[356/702] 2026-07-19-9.pdf       C208B-A N=17 ECHEC MTOW : masse au decollage 9400 lbs > MTOW 9062 (depassement 153 kg)
[357/702] 2026-07-20-1.pdf       C208B-A N=16 ECHEC MTOW : masse au decollage 9157 lbs > MTOW 9062 (depassement 43 kg)
[358/702] 2026-07-20-1.pdf       C208B-A N=16 ECHEC MTOW : masse au decollage 9156 lbs > MTOW 9062 (depassement 43 kg)
[359/702] 2026-07-20-1.pdf       C208B-A N=16 ECHEC MTOW : masse au decollage 9156 lbs > MTOW 9062 (depassement 43 kg)
[360/702] 2026-07-19-6.pdf       C208B-A N=17 ok marge +0.81 / largage +0.02 in, 11 s (non prouve)
[361/702] 2026-07-19-7.pdf       C208B-A N=18 ok (groupes non ordonnes) marge +0.57 / largage +0.03 in, 11 s (non prouve)
[362/702] 2026-07-19-7.pdf       C208B-A N=18 ok (groupes non ordonnes) marge +2.12 / largage +0.06 in, 10 s (non prouve)
[363/702] 2026-07-19-7.pdf       C208B-A N=18 ok (groupes non ordonnes) marge +0.51 / largage +0.33 in, 11 s (non prouve)
[364/702] 2026-07-19-8.pdf       C208B-A N=15 ok marge +0.55 / largage +0.55 in, 11 s (non prouve)
[365/702] 2026-07-19-8.pdf       C208B-A N=15 ok marge +0.64 / largage +0.11 in, 11 s (non prouve)
[366/702] 2026-07-19-8.pdf       C208B-A N=15 ok marge +0.58 / largage +0.39 in, 11 s (non prouve)
[367/702] 2026-07-20-10.pdf      C208B-A N=19 ok marge +0.97 / largage +0.08 in, 11 s (non prouve)
[368/702] 2026-07-20-10.pdf      C208B-A N=19 ok marge +0.52 / largage +0.03 in, 12 s (non prouve)
[369/702] 2026-07-20-13.pdf      C208B-A N=20 ECHEC MTOW : masse au decollage 9331 lbs > MTOW 9062 (depassement 122 kg)
[370/702] 2026-07-20-13.pdf      C208B-A N=20 ECHEC MTOW : masse au decollage 9332 lbs > MTOW 9062 (depassement 122 kg)
[371/702] 2026-07-20-13.pdf      C208B-A N=20 ECHEC MTOW : masse au decollage 9332 lbs > MTOW 9062 (depassement 122 kg)
[372/702] 2026-07-20-14.pdf      C208B-A N=20 ECHEC MTOW : masse au decollage 9187 lbs > MTOW 9062 (depassement 57 kg)
[373/702] 2026-07-20-14.pdf      C208B-A N=20 ECHEC MTOW : masse au decollage 9188 lbs > MTOW 9062 (depassement 57 kg)
[374/702] 2026-07-20-14.pdf      C208B-A N=20 ECHEC MTOW : masse au decollage 9188 lbs > MTOW 9062 (depassement 57 kg)
[375/702] 2026-07-20-11.pdf      C208B-A N=10 ok marge +0.66 / largage +3.64 in, 11 s (non prouve)
[376/702] 2026-07-20-10.pdf      C208B-A N=19 ok marge +0.56 / largage +0.46 in, 12 s (non prouve)
[377/702] 2026-07-20-11.pdf      C208B-A N=10 ok marge +0.54 / largage +2.70 in, 11 s (non prouve)
[378/702] 2026-07-20-11.pdf      C208B-A N=10 ok marge +0.57 / largage +3.15 in, 11 s (non prouve)
[379/702] 2026-07-20-12.pdf      C208B-A N=15 ok marge +0.68 / largage +0.78 in, 12 s (non prouve)
[380/702] 2026-07-20-12.pdf      C208B-A N=15 ok marge +0.53 / largage +1.15 in, 12 s (non prouve)
[381/702] 2026-07-20-12.pdf      C208B-A N=15 ok marge +0.62 / largage +0.32 in, 11 s (non prouve)
[382/702] 2026-07-20-15.pdf      C208B-A N=20 ok marge +1.89 / largage +0.14 in, 12 s (non prouve)
[383/702] 2026-07-20-2.pdf       C208B-A N=16 ok marge +0.66 / largage +0.08 in, 11 s (non prouve)
[384/702] 2026-07-20-15.pdf      C208B-A N=20 ok marge +1.08 / largage +0.01 in, 12 s (non prouve)
[385/702] 2026-07-20-2.pdf       C208B-A N=16 ok marge +0.58 / largage +0.07 in, 12 s (non prouve)
[386/702] 2026-07-20-15.pdf      C208B-A N=20 ok marge +1.41 / largage +0.03 in, 17 s (non prouve)
[387/702] 2026-07-20-2.pdf       C208B-A N=16 ok marge +0.56 / largage +0.51 in, 13 s (non prouve)
[388/702] 2026-07-20-3.pdf       C208B-A N=13 ok marge +0.51 / largage +2.60 in, 11 s (non prouve)
[389/702] 2026-07-20-3.pdf       C208B-A N=13 ok marge +0.74 / largage +2.62 in, 11 s (non prouve)
[390/702] 2026-07-20-3.pdf       C208B-A N=13 ok marge +0.51 / largage +2.12 in, 11 s (non prouve)
[391/702] 2026-07-20-4.pdf       C208B-A N=14 ok marge +0.71 / largage +2.16 in, 11 s (non prouve)
[392/702] 2026-07-20-4.pdf       C208B-A N=14 ok marge +0.55 / largage +1.94 in, 11 s (non prouve)
[393/702] 2026-07-20-4.pdf       C208B-A N=14 ok marge +0.64 / largage +2.44 in, 11 s (non prouve)
[394/702] 2026-07-20-5.pdf       C208B-A N=14 ok marge +0.89 / largage +2.26 in, 12 s (non prouve)
[395/702] 2026-07-20-5.pdf       C208B-A N=14 ok marge +0.55 / largage +2.05 in, 11 s (non prouve)
[396/702] 2026-07-20-6.pdf       C208B-A N=16 ok marge +0.53 / largage +1.71 in, 12 s (non prouve)
[397/702] 2026-07-20-5.pdf       C208B-A N=14 ok marge +0.59 / largage +1.91 in, 13 s (non prouve)
[398/702] 2026-07-20-6.pdf       C208B-A N=16 ok marge +0.68 / largage +1.06 in, 11 s (non prouve)
[399/702] 2026-07-20-6.pdf       C208B-A N=16 ok marge +0.81 / largage +0.80 in, 12 s (non prouve)
[400/702] 2026-07-20-7.pdf       C208B-A N=17 ok marge +0.57 / largage +0.98 in, 13 s (non prouve)
[401/702] 2026-07-20-7.pdf       C208B-A N=17 ok marge +1.03 / largage +0.72 in, 11 s
[402/702] 2026-07-21-1.pdf       C208B-A N=18 ECHEC MTOW : masse au decollage 9459 lbs > MTOW 9062 (depassement 180 kg)
[403/702] 2026-07-21-1.pdf       C208B-A N=18 ECHEC MTOW : masse au decollage 9459 lbs > MTOW 9062 (depassement 180 kg)
[404/702] 2026-07-21-1.pdf       C208B-A N=18 ECHEC MTOW : masse au decollage 9458 lbs > MTOW 9062 (depassement 180 kg)
[405/702] 2026-07-21-10.pdf      C208B-A N=20 ECHEC MTOW : masse au decollage 9681 lbs > MTOW 9062 (depassement 281 kg)
[406/702] 2026-07-21-10.pdf      C208B-A N=20 ECHEC MTOW : masse au decollage 9681 lbs > MTOW 9062 (depassement 281 kg)
[407/702] 2026-07-21-10.pdf      C208B-A N=20 ECHEC MTOW : masse au decollage 9681 lbs > MTOW 9062 (depassement 281 kg)
[408/702] 2026-07-21-11.pdf      C208B-A N=20 ECHEC MTOW : masse au decollage 9505 lbs > MTOW 9062 (depassement 201 kg)
[409/702] 2026-07-21-11.pdf      C208B-A N=20 ECHEC MTOW : masse au decollage 9505 lbs > MTOW 9062 (depassement 201 kg)
[410/702] 2026-07-21-11.pdf      C208B-A N=20 ECHEC MTOW : masse au decollage 9504 lbs > MTOW 9062 (depassement 201 kg)
[411/702] 2026-07-21-12.pdf      C208B-A N=20 ECHEC MTOW : masse au decollage 9423 lbs > MTOW 9062 (depassement 164 kg)
[412/702] 2026-07-21-12.pdf      C208B-A N=20 ECHEC MTOW : masse au decollage 9423 lbs > MTOW 9062 (depassement 164 kg)
[413/702] 2026-07-21-12.pdf      C208B-A N=20 ECHEC MTOW : masse au decollage 9423 lbs > MTOW 9062 (depassement 164 kg)
[414/702] 2026-07-21-13.pdf      C208B-A N=20 ECHEC MTOW : masse au decollage 9277 lbs > MTOW 9062 (depassement 98 kg)
[415/702] 2026-07-21-13.pdf      C208B-A N=20 ECHEC MTOW : masse au decollage 9278 lbs > MTOW 9062 (depassement 98 kg)
[416/702] 2026-07-21-13.pdf      C208B-A N=20 ECHEC MTOW : masse au decollage 9277 lbs > MTOW 9062 (depassement 97 kg)
[417/702] 2026-07-21-14.pdf      C208B-A N=20 ECHEC MTOW : masse au decollage 9221 lbs > MTOW 9062 (depassement 72 kg)
[418/702] 2026-07-21-14.pdf      C208B-A N=20 ECHEC MTOW : masse au decollage 9220 lbs > MTOW 9062 (depassement 72 kg)
[419/702] 2026-07-21-14.pdf      C208B-A N=20 ECHEC MTOW : masse au decollage 9220 lbs > MTOW 9062 (depassement 72 kg)
[420/702] 2026-07-21-15.pdf      C208B-A N=20 ECHEC MTOW : masse au decollage 9154 lbs > MTOW 9062 (depassement 42 kg)
[421/702] 2026-07-21-15.pdf      C208B-A N=20 ECHEC MTOW : masse au decollage 9154 lbs > MTOW 9062 (depassement 42 kg)
[422/702] 2026-07-21-15.pdf      C208B-A N=20 ECHEC MTOW : masse au decollage 9154 lbs > MTOW 9062 (depassement 42 kg)
[423/702] 2026-07-20-8.pdf       C208B-A N=12 ok marge +0.67 / largage +2.86 in, 6 s
[424/702] 2026-07-20-8.pdf       C208B-A N=12 ok marge +0.57 / largage +3.19 in, 9 s
[425/702] 2026-07-20-8.pdf       C208B-A N=12 ok marge +0.55 / largage +2.68 in, 10 s
[426/702] 2026-07-21-3.pdf       C208B-A N=19 ECHEC MTOW : masse au decollage 9198 lbs > MTOW 9062 (depassement 62 kg)
[427/702] 2026-07-21-3.pdf       C208B-A N=19 ECHEC MTOW : masse au decollage 9198 lbs > MTOW 9062 (depassement 62 kg)
[428/702] 2026-07-21-3.pdf       C208B-A N=19 ECHEC MTOW : masse au decollage 9198 lbs > MTOW 9062 (depassement 62 kg)
[429/702] 2026-07-21-4.pdf       C208B-A N=20 ECHEC MTOW : masse au decollage 9418 lbs > MTOW 9062 (depassement 162 kg)
[430/702] 2026-07-21-4.pdf       C208B-A N=20 ECHEC MTOW : masse au decollage 9419 lbs > MTOW 9062 (depassement 162 kg)
[431/702] 2026-07-21-4.pdf       C208B-A N=20 ECHEC MTOW : masse au decollage 9419 lbs > MTOW 9062 (depassement 162 kg)
[432/702] 2026-07-21-5.pdf       C208B-A N=20 ECHEC MTOW : masse au decollage 9273 lbs > MTOW 9062 (depassement 96 kg)
[433/702] 2026-07-21-5.pdf       C208B-A N=20 ECHEC MTOW : masse au decollage 9273 lbs > MTOW 9062 (depassement 96 kg)
[434/702] 2026-07-21-5.pdf       C208B-A N=20 ECHEC MTOW : masse au decollage 9273 lbs > MTOW 9062 (depassement 96 kg)
[435/702] 2026-07-21-6.pdf       C208B-A N=20 ECHEC MTOW : masse au decollage 9263 lbs > MTOW 9062 (depassement 91 kg)
[436/702] 2026-07-21-6.pdf       C208B-A N=20 ECHEC MTOW : masse au decollage 9262 lbs > MTOW 9062 (depassement 91 kg)
[437/702] 2026-07-21-6.pdf       C208B-A N=20 ECHEC MTOW : masse au decollage 9262 lbs > MTOW 9062 (depassement 91 kg)
[438/702] 2026-07-20-7.pdf       C208B-A N=17 ok marge +0.87 / largage +0.77 in, 14 s (non prouve)
[439/702] 2026-07-20-9.pdf       C208B-A N=18 ok marge +1.79 / largage +1.49 in, 14 s (non prouve)
[440/702] 2026-07-20-9.pdf       C208B-A N=18 ok marge +0.81 / largage +0.01 in, 15 s (non prouve)
[441/702] 2026-07-21-8.pdf       C208B-A N=20 ECHEC MTOW : masse au decollage 9079 lbs > MTOW 9062 (depassement 8 kg)
[442/702] 2026-07-21-8.pdf       C208B-A N=20 ECHEC MTOW : masse au decollage 9079 lbs > MTOW 9062 (depassement 8 kg)
[443/702] 2026-07-21-8.pdf       C208B-A N=20 ECHEC MTOW : masse au decollage 9079 lbs > MTOW 9062 (depassement 8 kg)
[444/702] 2026-07-21-9.pdf       C208B-A N=20 ECHEC MTOW : masse au decollage 9555 lbs > MTOW 9062 (depassement 224 kg)
[445/702] 2026-07-21-9.pdf       C208B-A N=20 ECHEC MTOW : masse au decollage 9555 lbs > MTOW 9062 (depassement 224 kg)
[446/702] 2026-07-21-9.pdf       C208B-A N=20 ECHEC MTOW : masse au decollage 9556 lbs > MTOW 9062 (depassement 224 kg)
[447/702] 2026-07-22-1.pdf       C208B-A N=18 ECHEC MTOW : masse au decollage 9313 lbs > MTOW 9062 (depassement 114 kg)
[448/702] 2026-07-22-1.pdf       C208B-A N=18 ECHEC MTOW : masse au decollage 9313 lbs > MTOW 9062 (depassement 114 kg)
[449/702] 2026-07-22-1.pdf       C208B-A N=18 ECHEC MTOW : masse au decollage 9313 lbs > MTOW 9062 (depassement 114 kg)
[450/702] 2026-07-22-10.pdf      C208B-A N=18 ECHEC MTOW : masse au decollage 9127 lbs > MTOW 9062 (depassement 29 kg)
[451/702] 2026-07-22-10.pdf      C208B-A N=18 ECHEC MTOW : masse au decollage 9127 lbs > MTOW 9062 (depassement 29 kg)
[452/702] 2026-07-22-10.pdf      C208B-A N=18 ECHEC MTOW : masse au decollage 9127 lbs > MTOW 9062 (depassement 29 kg)
[453/702] 2026-07-22-11.pdf      C208B-A N=18 ECHEC MTOW : masse au decollage 9086 lbs > MTOW 9062 (depassement 11 kg)
[454/702] 2026-07-22-11.pdf      C208B-A N=18 ECHEC MTOW : masse au decollage 9086 lbs > MTOW 9062 (depassement 11 kg)
[455/702] 2026-07-22-11.pdf      C208B-A N=18 ECHEC MTOW : masse au decollage 9087 lbs > MTOW 9062 (depassement 11 kg)
[456/702] 2026-07-22-12.pdf      C208B-A N=18 ECHEC MTOW : masse au decollage 9090 lbs > MTOW 9062 (depassement 13 kg)
[457/702] 2026-07-20-9.pdf       C208B-A N=18 ok marge +0.66 / largage +2.15 in, 14 s (non prouve)
[458/702] 2026-07-22-12.pdf      C208B-A N=18 ECHEC MTOW : masse au decollage 9090 lbs > MTOW 9062 (depassement 13 kg)
[459/702] 2026-07-22-12.pdf      C208B-A N=18 ECHEC MTOW : masse au decollage 9090 lbs > MTOW 9062 (depassement 13 kg)
[460/702] 2026-07-21-2.pdf       C208B-A N=17 ok (groupes non ordonnes) marge +0.51 / largage +0.05 in, 14 s (non prouve)
[461/702] 2026-07-21-2.pdf       C208B-A N=17 ok (groupes non ordonnes) marge +1.27 / largage +0.03 in, 14 s (non prouve)
[462/702] 2026-07-21-2.pdf       C208B-A N=17 ok (groupes non ordonnes) marge +0.63 / largage +0.04 in, 14 s (non prouve)
[463/702] 2026-07-21-7.pdf       C208B-A N=17 ok marge +0.66 / largage +0.77 in, 12 s (non prouve)
[464/702] 2026-07-21-7.pdf       C208B-A N=17 ok marge +0.75 / largage +1.12 in, 12 s (non prouve)
[465/702] 2026-07-21-7.pdf       C208B-A N=17 ok marge +0.52 / largage +1.26 in, 12 s (non prouve)
[466/702] 2026-07-22-13.pdf      C208B-A N=15 ok marge +0.73 / largage +2.47 in, 11 s (non prouve)
[467/702] 2026-07-22-13.pdf      C208B-A N=15 ok marge +0.62 / largage +2.37 in, 11 s (non prouve)
[468/702] 2026-07-22-2-1.pdf     C208B-B N=16 ECHEC MTOW : masse au decollage 9125 lbs > MTOW 9062 (depassement 28 kg)
[469/702] 2026-07-22-2-1.pdf     C208B-B N=16 ECHEC MTOW : masse au decollage 9124 lbs > MTOW 9062 (depassement 28 kg)
[470/702] 2026-07-22-2-1.pdf     C208B-B N=16 ECHEC MTOW : masse au decollage 9125 lbs > MTOW 9062 (depassement 28 kg)
[471/702] 2026-07-22-13.pdf      C208B-A N=15 ok marge +0.53 / largage +2.52 in, 11 s (non prouve)
[472/702] 2026-07-22-14.pdf      C208B-A N=19 ok (groupes non ordonnes) marge +0.54 / largage +0.29 in, 11 s (non prouve)
[473/702] 2026-07-22-14.pdf      C208B-A N=19 ok (groupes non ordonnes) marge +0.51 / largage +0.03 in, 12 s (non prouve)
[474/702] 2026-07-22-2-3.pdf     C208B-B N= ignore (carburant_absent)  [carburant_absent]
[475/702] 2026-07-22-2-3.pdf     C208B-B N= ignore (carburant_absent)  [carburant_absent]
[476/702] 2026-07-22-2-3.pdf     C208B-B N= ignore (carburant_absent)  [carburant_absent]
[477/702] 2026-07-22-2-4.pdf     C208B-B N=17 ECHEC MTOW : masse au decollage 9211 lbs > MTOW 9062 (depassement 67 kg)
[478/702] 2026-07-22-2-4.pdf     C208B-B N=17 ECHEC MTOW : masse au decollage 9210 lbs > MTOW 9062 (depassement 67 kg)
[479/702] 2026-07-22-2-4.pdf     C208B-B N=17 ECHEC MTOW : masse au decollage 9211 lbs > MTOW 9062 (depassement 67 kg)
[480/702] 2026-07-22-2-5.pdf     C208B-B N=20 ECHEC MTOW : masse au decollage 9669 lbs > MTOW 9062 (depassement 275 kg)
[481/702] 2026-07-22-2-5.pdf     C208B-B N=20 ECHEC MTOW : masse au decollage 9668 lbs > MTOW 9062 (depassement 275 kg)
[482/702] 2026-07-22-2-5.pdf     C208B-B N=20 ECHEC MTOW : masse au decollage 9669 lbs > MTOW 9062 (depassement 275 kg)
[483/702] 2026-07-22-2.pdf       C208B-A N=18 ECHEC MTOW : masse au decollage 9218 lbs > MTOW 9062 (depassement 71 kg)
[484/702] 2026-07-22-2.pdf       C208B-A N=18 ECHEC MTOW : masse au decollage 9218 lbs > MTOW 9062 (depassement 71 kg)
[485/702] 2026-07-22-2.pdf       C208B-A N=18 ECHEC MTOW : masse au decollage 9217 lbs > MTOW 9062 (depassement 70 kg)
[486/702] 2026-07-22-3.pdf       C208B-A N=20 ECHEC MTOW : masse au decollage 9535 lbs > MTOW 9062 (depassement 215 kg)
[487/702] 2026-07-22-3.pdf       C208B-A N=20 ECHEC MTOW : masse au decollage 9536 lbs > MTOW 9062 (depassement 215 kg)
[488/702] 2026-07-22-3.pdf       C208B-A N=20 ECHEC MTOW : masse au decollage 9535 lbs > MTOW 9062 (depassement 215 kg)
[489/702] 2026-07-22-4.pdf       C208B-A N=20 ECHEC MTOW : masse au decollage 9447 lbs > MTOW 9062 (depassement 175 kg)
[490/702] 2026-07-22-4.pdf       C208B-A N=20 ECHEC MTOW : masse au decollage 9447 lbs > MTOW 9062 (depassement 175 kg)
[491/702] 2026-07-22-4.pdf       C208B-A N=20 ECHEC MTOW : masse au decollage 9447 lbs > MTOW 9062 (depassement 175 kg)
[492/702] 2026-07-22-5.pdf       C208B-A N=20 ECHEC MTOW : masse au decollage 9145 lbs > MTOW 9062 (depassement 38 kg)
[493/702] 2026-07-22-5.pdf       C208B-A N=20 ECHEC MTOW : masse au decollage 9145 lbs > MTOW 9062 (depassement 38 kg)
[494/702] 2026-07-22-5.pdf       C208B-A N=20 ECHEC MTOW : masse au decollage 9146 lbs > MTOW 9062 (depassement 38 kg)
[495/702] 2026-07-22-15.pdf      C208B-A N=16 ok marge +0.51 / largage +1.74 in, 11 s (non prouve)
[496/702] 2026-07-22-14.pdf      C208B-A N=19 ok (groupes non ordonnes) marge +0.59 / largage +0.07 in, 14 s (non prouve)
[497/702] 2026-07-22-15.pdf      C208B-A N=16 ok marge +0.53 / largage +2.08 in, 12 s (non prouve)
[498/702] 2026-07-22-15.pdf      C208B-A N=16 ok marge +0.65 / largage +2.19 in, 12 s (non prouve)
[499/702] 2026-07-22-2-2.pdf     C208B-B N=14 ok marge +0.50 / largage +1.42 in, 11 s (non prouve)
[500/702] 2026-07-22-2-2.pdf     C208B-B N=14 ok marge +0.51 / largage +1.81 in, 11 s (non prouve)
[501/702] 2026-07-22-2-2.pdf     C208B-B N=14 ok marge +0.59 / largage +1.18 in, 11 s (non prouve)
[502/702] 2026-07-22-6.pdf       C208B-A N=18 ok marge +0.73 / largage +0.07 in, 12 s (non prouve)
[503/702] 2026-07-22-6.pdf       C208B-A N=18 ok marge +1.34 / largage +0.03 in, 13 s (non prouve)
[504/702] 2026-07-22-9.pdf       C208B-A N=18 ECHEC MTOW : masse au decollage 9452 lbs > MTOW 9062 (depassement 177 kg)
[505/702] 2026-07-22-9.pdf       C208B-A N=18 ECHEC MTOW : masse au decollage 9453 lbs > MTOW 9062 (depassement 177 kg)
[506/702] 2026-07-22-9.pdf       C208B-A N=18 ECHEC MTOW : masse au decollage 9452 lbs > MTOW 9062 (depassement 177 kg)
[507/702] 2026-07-23-1.pdf       C208B-A N= ignore (carburant_absent)  [carburant_absent]
[508/702] 2026-07-23-1.pdf       C208B-A N= ignore (carburant_absent)  [carburant_absent]
[509/702] 2026-07-23-1.pdf       C208B-A N= ignore (carburant_absent)  [carburant_absent]
[510/702] 2026-07-23-10.pdf      C208B-A N=17 ECHEC MTOW : masse au decollage 9194 lbs > MTOW 9062 (depassement 60 kg)
[511/702] 2026-07-23-10.pdf      C208B-A N=17 ECHEC MTOW : masse au decollage 9194 lbs > MTOW 9062 (depassement 60 kg)
[512/702] 2026-07-23-10.pdf      C208B-A N=17 ECHEC MTOW : masse au decollage 9194 lbs > MTOW 9062 (depassement 60 kg)
[513/702] 2026-07-23-11.pdf      C208B-A N=18 ECHEC MTOW : masse au decollage 9167 lbs > MTOW 9062 (depassement 48 kg)
[514/702] 2026-07-23-11.pdf      C208B-A N=18 ECHEC MTOW : masse au decollage 9167 lbs > MTOW 9062 (depassement 48 kg)
[515/702] 2026-07-23-11.pdf      C208B-A N=18 ECHEC MTOW : masse au decollage 9167 lbs > MTOW 9062 (depassement 48 kg)
[516/702] 2026-07-22-7.pdf       C208B-A N=20 ok (groupes non ordonnes) marge +0.63 / largage +0.01 in, 11 s (non prouve)
[517/702] 2026-07-22-6.pdf       C208B-A N=18 ok marge +0.62 / largage +0.73 in, 14 s (non prouve)
[518/702] 2026-07-22-7.pdf       C208B-A N=20 ok (groupes non ordonnes) marge +1.49 / largage +0.10 in, 11 s (non prouve)
[519/702] 2026-07-23-13.pdf      C208B-A N=19 ECHEC MTOW : masse au decollage 9167 lbs > MTOW 9062 (depassement 48 kg)
[520/702] 2026-07-23-13.pdf      C208B-A N=19 ECHEC MTOW : masse au decollage 9168 lbs > MTOW 9062 (depassement 48 kg)
[521/702] 2026-07-23-13.pdf      C208B-A N=19 ECHEC MTOW : masse au decollage 9167 lbs > MTOW 9062 (depassement 48 kg)
[522/702] 2026-07-22-7.pdf       C208B-A N=20 ok (groupes non ordonnes) marge +0.70 / largage +0.03 in, 11 s (non prouve)
[523/702] 2026-07-22-8.pdf       C208B-A N=20 ok (groupes non ordonnes) marge +1.59 / largage +0.01 in, 11 s (non prouve)
[524/702] 2026-07-22-8.pdf       C208B-A N=20 ok (groupes non ordonnes) marge +1.23 / largage +0.26 in, 16 s (non prouve)
[525/702] 2026-07-22-8.pdf       C208B-A N=20 ok (groupes non ordonnes) marge +0.67 / largage +0.30 in, 16 s (non prouve)
[526/702] 2026-07-23-12.pdf      C208B-A N=17 ok (groupes non ordonnes) marge +0.70 / largage +0.13 in, 14 s (non prouve)
[527/702] 2026-07-23-12.pdf      C208B-A N=17 ok (groupes non ordonnes) marge +0.87 / largage +0.06 in, 17 s (non prouve)
[528/702] 2026-07-23-14.pdf      C208B-A N=19 ok marge +0.71 / largage +0.25 in, 12 s (non prouve)
[529/702] 2026-07-23-14.pdf      C208B-A N=19 ok marge +0.56 / largage +0.94 in, 12 s (non prouve)
[530/702] 2026-07-23-12.pdf      C208B-A N=17 ok (groupes non ordonnes) marge +1.07 / largage +0.02 in, 15 s (non prouve)
[531/702] 2026-07-23-14.pdf      C208B-A N=19 ok marge +0.53 / largage +0.06 in, 11 s (non prouve)
[532/702] 2026-07-23-15.pdf      C208B-A N=19 ok (groupes non ordonnes) marge +0.66 / largage +0.14 in, 13 s (non prouve)
[533/702] 2026-07-23-15.pdf      C208B-A N=19 ok (groupes non ordonnes) marge +2.13 / largage +0.45 in, 16 s (non prouve)
[534/702] 2026-07-23-3.pdf       C208B-A N=18 ok (groupes non ordonnes) marge +1.75 / largage +0.24 in, 13 s (non prouve)
[535/702] 2026-07-23-2.pdf       C208B-A N=17 ok marge +0.71 / largage +0.01 in, 14 s (non prouve)
[536/702] 2026-07-23-4.pdf       C208B-A N=18 ok marge +0.57 / largage +0.36 in, 5 s
[537/702] 2026-07-23-2.pdf       C208B-A N=17 ok marge +0.93 / largage +0.00 in, 14 s (non prouve)
[538/702] 2026-07-23-4.pdf       C208B-A N=18 ok marge +0.67 / largage +0.55 in, 1 s
[539/702] 2026-07-23-15.pdf      C208B-A N=19 ok (groupes non ordonnes) marge +0.69 / largage +0.08 in, 16 s (non prouve)
[540/702] 2026-07-23-3.pdf       C208B-A N=18 ok (groupes non ordonnes) marge +0.86 / largage +1.06 in, 15 s (non prouve)
[541/702] 2026-07-23-2.pdf       C208B-A N=17 ok marge +0.73 / largage +0.07 in, 18 s (non prouve)
[542/702] 2026-07-23-3.pdf       C208B-A N=18 ok (groupes non ordonnes) marge +0.51 / largage +0.23 in, 14 s (non prouve)
[543/702] 2026-07-23-4.pdf       C208B-A N=18 ok marge +2.38 / largage +1.71 in, 9 s
[544/702] 2026-07-23-5.pdf       C208B-A N=20 ok marge +1.10 / largage +0.01 in, 13 s (non prouve)
[545/702] 2026-07-23-6.pdf       C208B-A N=20 ok marge +1.74 / largage +0.00 in, 11 s
[546/702] 2026-07-23-5.pdf       C208B-A N=20 ok marge +2.20 / largage +0.01 in, 12 s (non prouve)
[547/702] 2026-07-23-5.pdf       C208B-A N=20 ok marge +0.70 / largage +0.03 in, 17 s (non prouve)
[548/702] 2026-07-23-6.pdf       C208B-A N=20 ok marge +0.86 / largage +0.04 in, 14 s (non prouve)
[549/702] 2026-07-23-9.pdf       C208B-A N= ignore (carburant_absent)  [carburant_absent]
[550/702] 2026-07-23-9.pdf       C208B-A N= ignore (carburant_absent)  [carburant_absent]
[551/702] 2026-07-23-9.pdf       C208B-A N= ignore (carburant_absent)  [carburant_absent]
[552/702] 2026-07-24-1.pdf       C208B-A N=17 ECHEC MTOW : masse au decollage 9253 lbs > MTOW 9062 (depassement 87 kg)
[553/702] 2026-07-24-1.pdf       C208B-A N=17 ECHEC MTOW : masse au decollage 9253 lbs > MTOW 9062 (depassement 87 kg)
[554/702] 2026-07-24-1.pdf       C208B-A N=17 ECHEC MTOW : masse au decollage 9253 lbs > MTOW 9062 (depassement 87 kg)
[555/702] 2026-07-24-2.pdf       C208B-A N=18 ECHEC MTOW : masse au decollage 9321 lbs > MTOW 9062 (depassement 117 kg)
[556/702] 2026-07-24-2.pdf       C208B-A N=18 ECHEC MTOW : masse au decollage 9321 lbs > MTOW 9062 (depassement 117 kg)
[557/702] 2026-07-24-2.pdf       C208B-A N=18 ECHEC MTOW : masse au decollage 9320 lbs > MTOW 9062 (depassement 117 kg)
[558/702] 2026-07-23-6.pdf       C208B-A N=20 ok marge +1.10 / largage +0.02 in, 15 s
[559/702] 2026-07-23-7.pdf       C208B-A N=19 ok marge +0.57 / largage +0.32 in, 16 s (non prouve)
[560/702] 2026-07-23-7.pdf       C208B-A N=19 ok marge +0.51 / largage +0.09 in, 19 s (non prouve)
[561/702] 2026-07-23-8.pdf       C208B-A N=20 ok marge +0.96 / largage +0.28 in, 15 s (non prouve)
[562/702] 2026-07-23-7.pdf       C208B-A N=19 ok marge +0.59 / largage +0.03 in, 17 s (non prouve)
[563/702] 2026-07-24-3.pdf       C208B-A N=17 ok marge +0.69 / largage +0.20 in, 12 s (non prouve)
[564/702] 2026-07-24-3.pdf       C208B-A N=17 ok marge +0.79 / largage +0.04 in, 11 s (non prouve)
[565/702] 2026-07-23-8.pdf       C208B-A N=20 ok marge +0.89 / largage +0.06 in, 20 s (non prouve)
[566/702] 2026-07-24-3.pdf       C208B-A N=17 ok marge +0.55 / largage +0.11 in, 11 s (non prouve)
[567/702] 2026-07-23-8.pdf       C208B-A N=20 ok marge +1.43 / largage +0.63 in, 19 s (non prouve)
[568/702] 2026-07-24-4.pdf       C208B-A N=18 ok marge +0.51 / largage +0.01 in, 12 s (non prouve)
[569/702] 2026-07-24-4.pdf       C208B-A N=18 ok marge +0.51 / largage +0.47 in, 12 s (non prouve)
[570/702] 2026-07-24-7.pdf       C208B-A N=20 ECHEC MTOW : masse au decollage 9089 lbs > MTOW 9062 (depassement 12 kg)
[571/702] 2026-07-24-7.pdf       C208B-A N=20 ECHEC MTOW : masse au decollage 9089 lbs > MTOW 9062 (depassement 12 kg)
[572/702] 2026-07-24-7.pdf       C208B-A N=20 ECHEC MTOW : masse au decollage 9088 lbs > MTOW 9062 (depassement 12 kg)
[573/702] 2026-07-24-4.pdf       C208B-A N=18 ok marge +0.70 / largage +0.19 in, 12 s (non prouve)
[574/702] 2026-07-24-5.pdf       C208B-A N=17 ok marge +0.95 / largage +1.15 in, 12 s (non prouve)
[575/702] 2026-07-24-5.pdf       C208B-A N=17 ok marge +0.59 / largage +0.21 in, 12 s (non prouve)
[576/702] 2026-07-24-5.pdf       C208B-A N=17 ok marge +0.56 / largage +0.03 in, 12 s (non prouve)
[577/702] 2026-07-24-6.pdf       C208B-A N=17 ok marge +1.21 / largage +0.59 in, 11 s (non prouve)
[578/702] 2026-07-24-6.pdf       C208B-A N=17 ok marge +1.21 / largage +0.41 in, 12 s (non prouve)
[579/702] 2026-07-24-6.pdf       C208B-A N=17 ok marge +0.80 / largage +0.74 in, 11 s (non prouve)
[580/702] 2026-07-26-2.pdf       C208B-A N=15 ok marge +0.52 / largage +1.07 in, 11 s (non prouve)
[581/702] 2026-07-26-1.pdf       C208B-A N=16 ok marge +0.32 / largage +0.05 in, 13 s
[582/702] 2026-07-26-2.pdf       C208B-A N=15 ok marge +0.64 / largage +2.09 in, 11 s (non prouve)
[583/702] 2026-07-26-1.pdf       C208B-A N=16 ok marge +0.70 / largage +0.35 in, 15 s (non prouve)
[584/702] 2026-07-26-2.pdf       C208B-A N=15 ok marge +0.83 / largage +1.41 in, 12 s (non prouve)
[585/702] 2026-07-27-1.pdf       C208B-A N=18 ECHEC MTOW : masse au decollage 9309 lbs > MTOW 9062 (depassement 112 kg)
[586/702] 2026-07-27-1.pdf       C208B-A N=18 ECHEC MTOW : masse au decollage 9309 lbs > MTOW 9062 (depassement 112 kg)
[587/702] 2026-07-27-1.pdf       C208B-A N=18 ECHEC MTOW : masse au decollage 9308 lbs > MTOW 9062 (depassement 112 kg)
[588/702] 2026-07-27-2.pdf       C208B-A N=18 ECHEC MTOW : masse au decollage 9249 lbs > MTOW 9062 (depassement 85 kg)
[589/702] 2026-07-27-2.pdf       C208B-A N=18 ECHEC MTOW : masse au decollage 9249 lbs > MTOW 9062 (depassement 85 kg)
[590/702] 2026-07-27-2.pdf       C208B-A N=18 ECHEC MTOW : masse au decollage 9249 lbs > MTOW 9062 (depassement 85 kg)
[591/702] 2026-07-26-1.pdf       C208B-A N=16 ok marge +0.86 / largage +0.07 in, 16 s (non prouve)
[592/702] 2026-07-26-3.pdf       C208B-A N=15 ok marge +0.86 / largage +1.76 in, 11 s (non prouve)
[593/702] 2026-07-26-3.pdf       C208B-A N=15 ok marge +0.56 / largage +2.03 in, 11 s (non prouve)
[594/702] 2026-07-27-4.pdf       C208B-A N=19 ECHEC MTOW : masse au decollage 9212 lbs > MTOW 9062 (depassement 68 kg)
[595/702] 2026-07-27-4.pdf       C208B-A N=19 ECHEC MTOW : masse au decollage 9213 lbs > MTOW 9062 (depassement 68 kg)
[596/702] 2026-07-27-4.pdf       C208B-A N=19 ECHEC MTOW : masse au decollage 9213 lbs > MTOW 9062 (depassement 68 kg)
[597/702] 2026-07-26-3.pdf       C208B-A N=15 ok marge +0.67 / largage +2.15 in, 12 s (non prouve)
[598/702] 2026-07-26-4.pdf       C208B-A N=14 ok marge +0.77 / largage +2.77 in, 11 s (non prouve)
[599/702] 2026-07-26-4.pdf       C208B-A N=14 ok marge +0.62 / largage +2.53 in, 12 s (non prouve)
[600/702] 2026-07-26-4.pdf       C208B-A N=14 ok marge +0.61 / largage +2.68 in, 12 s (non prouve)
[601/702] 2026-07-27-3.pdf       C208B-A N=17 ok marge +0.57 / largage +0.69 in, 11 s (non prouve)
[602/702] 2026-07-27-5.pdf       C208B-A N=11 ok marge +0.69 / largage +2.68 in, 11 s (non prouve)
[603/702] 2026-07-27-3.pdf       C208B-A N=17 ok marge +0.79 / largage +0.06 in, 15 s
[604/702] 2026-07-27-3.pdf       C208B-A N=17 ok marge +0.70 / largage +0.01 in, 15 s (non prouve)
[605/702] 2026-07-27-5.pdf       C208B-A N=11 ok marge +0.59 / largage +2.82 in, 11 s (non prouve)
[606/702] 2026-07-27-5.pdf       C208B-A N=11 ok marge +0.86 / largage +2.50 in, 11 s (non prouve)
[607/702] 2026-07-27-6.pdf       C208B-A N=18 ok marge +1.29 / largage +1.13 in, 14 s (non prouve)
[608/702] 2026-07-27-7.pdf       C208B-A N=17 ok (groupes non ordonnes) marge +0.86 / largage +0.91 in, 11 s (non prouve)
[609/702] 2026-07-27-6.pdf       C208B-A N=18 ok marge +0.74 / largage +0.93 in, 14 s (non prouve)
[610/702] 2026-07-27-7.pdf       C208B-A N=17 ok (groupes non ordonnes) marge +0.58 / largage +0.23 in, 11 s (non prouve)
[611/702] 2026-07-27-7.pdf       C208B-A N=17 ok (groupes non ordonnes) marge +0.90 / largage +0.61 in, 11 s (non prouve)
[612/702] 2026-07-28-11.pdf      C208B-A N=17 ECHEC MTOW : masse au decollage 9088 lbs > MTOW 9062 (depassement 12 kg)
[613/702] 2026-07-28-11.pdf      C208B-A N=17 ECHEC MTOW : masse au decollage 9088 lbs > MTOW 9062 (depassement 12 kg)
[614/702] 2026-07-28-11.pdf      C208B-A N=17 ECHEC MTOW : masse au decollage 9088 lbs > MTOW 9062 (depassement 12 kg)
[615/702] 2026-07-27-6.pdf       C208B-A N=18 ok marge +0.75 / largage +0.11 in, 17 s (non prouve)
[616/702] 2026-07-28-1.pdf       C208B-A N=16 ok marge +0.73 / largage +0.34 in, 12 s (non prouve)
[617/702] 2026-07-28-1.pdf       C208B-A N=16 ok marge +0.74 / largage +0.24 in, 13 s (non prouve)
[618/702] 2026-07-28-1.pdf       C208B-A N=16 ok marge +0.61 / largage +0.49 in, 13 s (non prouve)
[619/702] 2026-07-28-10.pdf      C208B-A N=16 ok marge +0.66 / largage +0.12 in, 13 s (non prouve)
[620/702] 2026-07-28-10.pdf      C208B-A N=16 ok marge +0.60 / largage +0.08 in, 13 s (non prouve)
[621/702] 2026-07-28-10.pdf      C208B-A N=16 ok marge +0.71 / largage +0.17 in, 13 s (non prouve)
[622/702] 2026-07-28-12.pdf      C208B-A N=17 ok (groupes non ordonnes) marge +1.56 / largage +0.41 in, 14 s (non prouve)
[623/702] 2026-07-28-12.pdf      C208B-A N=17 ok marge +0.16 / largage +0.07 in, 14 s
[624/702] 2026-07-28-12.pdf      C208B-A N=17 ok marge +0.99 / largage +0.03 in, 12 s (non prouve)
[625/702] 2026-07-28-13.pdf      C208B-A N=18 ok marge +0.54 / largage +0.04 in, 16 s
[626/702] 2026-07-28-13.pdf      C208B-A N=18 ok marge +0.62 / largage +0.18 in, 13 s (non prouve)
[627/702] 2026-07-28-14.pdf      C208B-A N=16 ok marge +1.22 / largage +1.35 in, 13 s (non prouve)
[628/702] 2026-07-28-13.pdf      C208B-A N=18 ok marge +0.54 / largage +0.45 in, 15 s (non prouve)
[629/702] 2026-07-28-15.pdf      C208B-A N=18 ok marge +0.65 / largage +0.30 in, 12 s (non prouve)
[630/702] 2026-07-28-14.pdf      C208B-A N=16 ok marge +0.87 / largage +0.83 in, 15 s (non prouve)
[631/702] 2026-07-28-14.pdf      C208B-A N=16 ok marge +0.88 / largage +1.47 in, 15 s (non prouve)
[632/702] 2026-07-28-15.pdf      C208B-A N=18 ok marge +1.49 / largage +0.36 in, 12 s (non prouve)
[633/702] 2026-07-28-15.pdf      C208B-A N=18 ok marge +0.50 / largage +0.67 in, 12 s (non prouve)
[634/702] 2026-07-28-16.pdf      C208B-A N=14 ok marge +0.58 / largage +2.48 in, 11 s (non prouve)
[635/702] 2026-07-28-16.pdf      C208B-A N=14 ok marge +0.56 / largage +3.09 in, 11 s (non prouve)
[636/702] 2026-07-28-16.pdf      C208B-A N=14 ok marge +0.50 / largage +2.88 in, 11 s (non prouve)
[637/702] 2026-07-28-17.pdf      C208B-A N=15 ok marge +0.64 / largage +2.31 in, 11 s (non prouve)
[638/702] 2026-07-28-17.pdf      C208B-A N=15 ok marge +0.59 / largage +2.95 in, 11 s (non prouve)
[639/702] 2026-07-28-17.pdf      C208B-A N=15 ok marge +0.82 / largage +3.02 in, 12 s (non prouve)
[640/702] 2026-07-28-2.pdf       C208B-A N=17 ok marge +0.43 / largage +0.00 in, 13 s (non prouve)
[641/702] 2026-07-28-2.pdf       C208B-A N=17 ok (groupes non ordonnes) marge +1.29 / largage +0.00 in, 13 s (non prouve)
[642/702] 2026-07-28-3.pdf       C208B-A N=15 ok marge +0.76 / largage +1.29 in, 11 s (non prouve)
[643/702] 2026-07-28-3.pdf       C208B-A N=15 ok marge +0.77 / largage +1.59 in, 12 s (non prouve)
[644/702] 2026-07-28-3.pdf       C208B-A N=15 ok marge +0.57 / largage +2.34 in, 11 s (non prouve)
[645/702] 2026-07-28-4.pdf       C208B-A N=18 ok marge +0.61 / largage +0.33 in, 11 s (non prouve)
[646/702] 2026-07-28-2.pdf       C208B-A N=17 ok (groupes non ordonnes) marge +0.90 / largage +0.02 in, 14 s (non prouve)
[647/702] 2026-07-28-4.pdf       C208B-A N=18 ok marge +1.12 / largage +0.02 in, 12 s (non prouve)
[648/702] 2026-07-28-6.pdf       C208B-A N=17 ok marge +0.60 / largage +0.05 in, 11 s (non prouve)
[649/702] 2026-07-28-6.pdf       C208B-A N=17 ok marge +0.73 / largage +0.49 in, 11 s (non prouve)
[650/702] 2026-07-28-6.pdf       C208B-A N=17 ok marge +0.75 / largage +0.91 in, 12 s (non prouve)
[651/702] 2026-07-28-5.pdf       C208B-A N=19 ok marge +0.55 / largage +0.01 in, 15 s (non prouve)
[652/702] 2026-07-28-5.pdf       C208B-A N=19 ok marge +0.55 / largage +0.03 in, 17 s (non prouve)
[653/702] 2026-07-28-4.pdf       C208B-A N=18 ok (groupes non ordonnes) marge +1.12 / largage +0.00 in, 23 s (non prouve)
[654/702] 2026-07-28-5.pdf       C208B-A N=19 ok marge +0.77 / largage +0.01 in, 18 s (non prouve)
[655/702] 2026-07-28-7.pdf       C208B-A N=19 ok marge +1.04 / largage +0.22 in, 15 s (non prouve)
[656/702] 2026-07-28-7.pdf       C208B-A N=19 ok marge +0.88 / largage +0.40 in, 13 s (non prouve)
[657/702] 2026-07-29-1pdf        C208B-A N=16 ECHEC MTOW : masse au decollage 9091 lbs > MTOW 9062 (depassement 13 kg)  [groupes 7/6]
[658/702] 2026-07-29-1pdf        C208B-A N=16 ECHEC MTOW : masse au decollage 9090 lbs > MTOW 9062 (depassement 13 kg)  [groupes 7/6]
[659/702] 2026-07-29-1pdf        C208B-A N=16 ECHEC MTOW : masse au decollage 9091 lbs > MTOW 9062 (depassement 13 kg)  [groupes 7/6]
[660/702] 2026-07-29-2.pdf       C208B-A N=17 ECHEC MTOW : masse au decollage 9143 lbs > MTOW 9062 (depassement 37 kg)
[661/702] 2026-07-29-2.pdf       C208B-A N=17 ECHEC MTOW : masse au decollage 9144 lbs > MTOW 9062 (depassement 37 kg)
[662/702] 2026-07-29-2.pdf       C208B-A N=17 ECHEC MTOW : masse au decollage 9144 lbs > MTOW 9062 (depassement 37 kg)
[663/702] 2026-07-28-8.pdf       C208B-A N=15 ok marge +0.61 / largage +0.44 in, 14 s (non prouve)
[664/702] 2026-07-28-7.pdf       C208B-A N=19 ok marge +0.50 / largage +0.39 in, 17 s (non prouve)
[665/702] 2026-07-28-8.pdf       C208B-A N=15 ok marge +0.57 / largage +0.28 in, 12 s (non prouve)
[666/702] 2026-07-28-8.pdf       C208B-A N=15 ok marge +0.63 / largage +0.68 in, 15 s (non prouve)
[667/702] 2026-07-28-9.pdf       C208B-A N=16 ok marge +0.50 / largage +0.20 in, 12 s (non prouve)
[668/702] 2026-07-28-9.pdf       C208B-A N=16 ok marge +0.50 / largage +0.18 in, 11 s (non prouve)
[669/702] 2026-07-28-9.pdf       C208B-A N=16 ok marge +0.51 / largage +0.02 in, 12 s (non prouve)
[670/702] 2026-07-29-3.pdf       C208B-A N=9 ok marge +0.52 / largage +2.67 in, 7 s  [groupes 5/4]
[671/702] 2026-07-29-3.pdf       C208B-A N=9 ok marge +0.58 / largage +2.57 in, 7 s  [groupes 5/4]
[672/702] 2026-07-29-3.pdf       C208B-A N=9 ok marge +0.75 / largage +3.26 in, 8 s  [groupes 5/4]
[673/702] 2026-07-29-4.pdf       C208B-A N=14 ok marge +0.51 / largage +2.26 in, 11 s (non prouve)
[674/702] 2026-07-29-4.pdf       C208B-A N=14 ok marge +0.74 / largage +1.74 in, 11 s (non prouve)
[675/702] 2026-07-29-4.pdf       C208B-A N=14 ok marge +0.62 / largage +2.29 in, 11 s (non prouve)
[676/702] 2026-07-29-5.pdf       C208B-A N=16 ok marge +0.84 / largage +0.00 in, 12 s (non prouve)
[677/702] 2026-07-29-5.pdf       C208B-A N=16 ok marge +0.57 / largage +0.97 in, 12 s (non prouve)
[678/702] 2026-07-29-5.pdf       C208B-A N=16 ok marge +0.78 / largage +0.12 in, 13 s (non prouve)
[679/702] 2026-07-29-6.pdf       C208B-A N=12 ok marge +0.52 / largage +3.31 in, 10 s (non prouve)  [groupes 8/6]
[680/702] 2026-07-29-6.pdf       C208B-A N=12 ok marge +0.62 / largage +3.00 in, 11 s (non prouve)  [groupes 8/6]
[681/702] 2026-07-29-6.pdf       C208B-A N=12 ok marge +0.68 / largage +3.56 in, 11 s (non prouve)  [groupes 8/6]
[682/702] 2026-07-30-2.pdf       C208B-A N=15 ok marge +0.54 / largage +1.50 in, 12 s (non prouve)
[683/702] 2026-07-30-1.pdf       C208B-A N=18 ok marge +0.61 / largage +0.03 in, 15 s (non prouve)
[684/702] 2026-07-30-1.pdf       C208B-A N=18 ok marge +0.69 / largage +0.09 in, 15 s (non prouve)
[685/702] 2026-07-30-2.pdf       C208B-A N=15 ok marge +0.52 / largage +2.33 in, 11 s (non prouve)
[686/702] 2026-07-30-1.pdf       C208B-A N=18 ok marge +0.54 / largage +0.31 in, 15 s (non prouve)
[687/702] 2026-07-30-2.pdf       C208B-A N=15 ok marge +0.59 / largage +2.24 in, 11 s (non prouve)
[688/702] 2026-07-30-3.pdf       C208B-A N=15 ok marge +0.52 / largage +2.05 in, 11 s (non prouve)
[689/702] 2026-07-30-3.pdf       C208B-A N=15 ok marge +0.54 / largage +2.48 in, 11 s (non prouve)
[690/702] 2026-07-30-3.pdf       C208B-A N=15 ok marge +0.60 / largage +2.83 in, 11 s (non prouve)
[691/702] 2026-07-30-4.pdf       C208B-A N=14 ok marge +0.51 / largage +2.38 in, 11 s (non prouve)
[692/702] 2026-07-30-4.pdf       C208B-A N=14 ok marge +0.52 / largage +2.52 in, 11 s (non prouve)
[693/702] 2026-07-30-4.pdf       C208B-A N=14 ok marge +1.31 / largage +3.26 in, 11 s (non prouve)
[694/702] 2026-07-30-5.pdf       C208B-A N=18 ok marge +0.51 / largage +0.01 in, 13 s (non prouve)
[695/702] 2026-07-30-5.pdf       C208B-A N=18 ok marge +0.61 / largage +0.02 in, 13 s (non prouve)
[696/702] 2026-07-30-6.pdf       C208B-A N=17 ok marge +0.58 / largage +0.25 in, 12 s (non prouve)
[697/702] 2026-07-30-5.pdf       C208B-A N=18 ok marge +0.51 / largage +0.04 in, 16 s (non prouve)
[698/702] 2026-07-30-6.pdf       C208B-A N=17 ok marge +0.53 / largage +0.07 in, 11 s (non prouve)
[699/702] 2026-07-30-6.pdf       C208B-A N=17 ok marge +0.53 / largage +0.09 in, 13 s (non prouve)
[700/702] 2026-07-30-7.pdf       C208B-A N=19 ok marge +0.65 / largage +0.05 in, 14 s (non prouve)
[701/702] 2026-07-30-7.pdf       C208B-A N=19 ok marge +1.66 / largage +0.05 in, 18 s (non prouve)
[702/702] 2026-07-30-7.pdf       C208B-A N=19 ok marge +0.65 / largage +0.01 in, 18 s (non prouve)

702 fiches x tirages, 462 placees, 660 s
   426  ok
   192  ECHEC MTOW
    36  ok (groupes non ordonnes)
    24  ignore (avion non Caravan)
    24  ignore (carburant_absent)
marge decollage : min +0.16, mediane +0.65 in ; marge largage : min +0.00, mediane +0.76 in ; optimum prouve 80/462 ; groupes non ordonnes 36
   2026-07-04-1.pdf ignore (carburant_absent) carburant_absent
   2026-07-04-1.pdf ignore (carburant_absent) carburant_absent
   2026-07-04-1.pdf ignore (carburant_absent) carburant_absent
   2026-07-04-11.pdf ECHEC MTOW : masse au decollage 9302 lbs > MTOW 9062 (depassement 109 kg) 
   2026-07-04-11.pdf ECHEC MTOW : masse au decollage 9302 lbs > MTOW 9062 (depassement 109 kg) 
   2026-07-04-11.pdf ECHEC MTOW : masse au decollage 9301 lbs > MTOW 9062 (depassement 109 kg) 
   2026-07-04-12.pdf ECHEC MTOW : masse au decollage 9253 lbs > MTOW 9062 (depassement 87 kg) 
   2026-07-04-12.pdf ECHEC MTOW : masse au decollage 9253 lbs > MTOW 9062 (depassement 87 kg) 
   2026-07-04-12.pdf ECHEC MTOW : masse au decollage 9253 lbs > MTOW 9062 (depassement 87 kg) 
   2026-07-04-13.pdf ECHEC MTOW : masse au decollage 9095 lbs > MTOW 9062 (depassement 15 kg) 
   2026-07-04-13.pdf ECHEC MTOW : masse au decollage 9095 lbs > MTOW 9062 (depassement 15 kg) 
   2026-07-04-13.pdf ECHEC MTOW : masse au decollage 9094 lbs > MTOW 9062 (depassement 15 kg) 
   2026-07-04-14.pdf ECHEC MTOW : masse au decollage 9110 lbs > MTOW 9062 (depassement 22 kg) 
   2026-07-04-14.pdf ECHEC MTOW : masse au decollage 9110 lbs > MTOW 9062 (depassement 22 kg) 
   2026-07-04-14.pdf ECHEC MTOW : masse au decollage 9110 lbs > MTOW 9062 (depassement 22 kg) 
   2026-07-04-15.pdf ECHEC MTOW : masse au decollage 9183 lbs > MTOW 9062 (depassement 55 kg) 
   2026-07-04-15.pdf ECHEC MTOW : masse au decollage 9183 lbs > MTOW 9062 (depassement 55 kg) 
   2026-07-04-15.pdf ECHEC MTOW : masse au decollage 9182 lbs > MTOW 9062 (depassement 55 kg) 
   2026-07-04-2.pdf ignore (carburant_absent) carburant_absent
   2026-07-04-2.pdf ignore (carburant_absent) carburant_absent
   2026-07-04-2.pdf ignore (carburant_absent) carburant_absent
   2026-07-04-3.pdf ignore (carburant_absent) carburant_absent
   2026-07-04-3.pdf ignore (carburant_absent) carburant_absent
   2026-07-04-3.pdf ignore (carburant_absent) carburant_absent
   2026-07-04-4.pdf ignore (carburant_absent) carburant_absent
   2026-07-04-4.pdf ignore (carburant_absent) carburant_absent
   2026-07-04-4.pdf ignore (carburant_absent) carburant_absent
   2026-07-04-9.pdf ECHEC MTOW : masse au decollage 9144 lbs > MTOW 9062 (depassement 37 kg) 
   2026-07-04-9.pdf ECHEC MTOW : masse au decollage 9144 lbs > MTOW 9062 (depassement 37 kg) 
   2026-07-04-9.pdf ECHEC MTOW : masse au decollage 9144 lbs > MTOW 9062 (depassement 37 kg) 
   2026-07-05-12.pdf ECHEC MTOW : masse au decollage 9129 lbs > MTOW 9062 (depassement 30 kg) 
   2026-07-05-12.pdf ECHEC MTOW : masse au decollage 9129 lbs > MTOW 9062 (depassement 30 kg) 
   2026-07-05-12.pdf ECHEC MTOW : masse au decollage 9129 lbs > MTOW 9062 (depassement 31 kg) 
   2026-07-05-7.pdf ECHEC MTOW : masse au decollage 9239 lbs > MTOW 9062 (depassement 80 kg) 
   2026-07-05-7.pdf ECHEC MTOW : masse au decollage 9239 lbs > MTOW 9062 (depassement 80 kg) 
   2026-07-05-7.pdf ECHEC MTOW : masse au decollage 9239 lbs > MTOW 9062 (depassement 81 kg) 
   2026-07-05-8.pdf ECHEC MTOW : masse au decollage 9117 lbs > MTOW 9062 (depassement 25 kg) 
   2026-07-05-8.pdf ECHEC MTOW : masse au decollage 9118 lbs > MTOW 9062 (depassement 25 kg) 
   2026-07-05-8.pdf ECHEC MTOW : masse au decollage 9118 lbs > MTOW 9062 (depassement 25 kg) 
   2026-07-05-9.pdf ECHEC MTOW : masse au decollage 9172 lbs > MTOW 9062 (depassement 50 kg) 
   2026-07-05-9.pdf ECHEC MTOW : masse au decollage 9173 lbs > MTOW 9062 (depassement 50 kg) 
   2026-07-05-9.pdf ECHEC MTOW : masse au decollage 9173 lbs > MTOW 9062 (depassement 50 kg) 
   2026-07-10-7.pdf ignore (carburant_absent) carburant_absent
   2026-07-10-7.pdf ignore (carburant_absent) carburant_absent
   2026-07-10-7.pdf ignore (carburant_absent) carburant_absent
   2026-07-11-7.pdf ECHEC MTOW : masse au decollage 9067 lbs > MTOW 9062 (depassement 2 kg) 
   2026-07-11-7.pdf ECHEC MTOW : masse au decollage 9066 lbs > MTOW 9062 (depassement 2 kg) 
   2026-07-11-7.pdf ECHEC MTOW : masse au decollage 9066 lbs > MTOW 9062 (depassement 2 kg) 
   2026-07-16-1.pdf ECHEC MTOW : masse au decollage 9116 lbs > MTOW 9062 (depassement 25 kg) 
   2026-07-16-1.pdf ECHEC MTOW : masse au decollage 9116 lbs > MTOW 9062 (depassement 24 kg) 
   2026-07-16-1.pdf ECHEC MTOW : masse au decollage 9115 lbs > MTOW 9062 (depassement 24 kg) 
   2026-07-18-1.pdf ECHEC MTOW : masse au decollage 9122 lbs > MTOW 9062 (depassement 27 kg) 
   2026-07-18-1.pdf ECHEC MTOW : masse au decollage 9122 lbs > MTOW 9062 (depassement 27 kg) 
   2026-07-18-1.pdf ECHEC MTOW : masse au decollage 9122 lbs > MTOW 9062 (depassement 27 kg) 
   2026-07-18-10.pdf ECHEC MTOW : masse au decollage 9262 lbs > MTOW 9062 (depassement 91 kg) 
   2026-07-18-10.pdf ECHEC MTOW : masse au decollage 9263 lbs > MTOW 9062 (depassement 91 kg) 
   2026-07-18-10.pdf ECHEC MTOW : masse au decollage 9262 lbs > MTOW 9062 (depassement 91 kg) 
   2026-07-18-11.pdf ECHEC MTOW : masse au decollage 9234 lbs > MTOW 9062 (depassement 78 kg) 
   2026-07-18-11.pdf ECHEC MTOW : masse au decollage 9234 lbs > MTOW 9062 (depassement 78 kg) 
   2026-07-18-11.pdf ECHEC MTOW : masse au decollage 9234 lbs > MTOW 9062 (depassement 78 kg) 
   2026-07-18-2.pdf ECHEC MTOW : masse au decollage 9387 lbs > MTOW 9062 (depassement 147 kg) 
   2026-07-18-2.pdf ECHEC MTOW : masse au decollage 9387 lbs > MTOW 9062 (depassement 147 kg) 
   2026-07-18-2.pdf ECHEC MTOW : masse au decollage 9387 lbs > MTOW 9062 (depassement 147 kg) 
   2026-07-18-4.pdf ECHEC MTOW : masse au decollage 9173 lbs > MTOW 9062 (depassement 50 kg) 
   2026-07-18-4.pdf ECHEC MTOW : masse au decollage 9173 lbs > MTOW 9062 (depassement 50 kg) 
   2026-07-18-4.pdf ECHEC MTOW : masse au decollage 9173 lbs > MTOW 9062 (depassement 50 kg) 
   2026-07-18-5.pdf ECHEC MTOW : masse au decollage 9104 lbs > MTOW 9062 (depassement 19 kg) 
   2026-07-18-5.pdf ECHEC MTOW : masse au decollage 9104 lbs > MTOW 9062 (depassement 19 kg) 
   2026-07-18-5.pdf ECHEC MTOW : masse au decollage 9104 lbs > MTOW 9062 (depassement 19 kg) 
   2026-07-18-8.pdf ECHEC MTOW : masse au decollage 9167 lbs > MTOW 9062 (depassement 48 kg) 
   2026-07-18-8.pdf ECHEC MTOW : masse au decollage 9166 lbs > MTOW 9062 (depassement 47 kg) 
   2026-07-18-8.pdf ECHEC MTOW : masse au decollage 9166 lbs > MTOW 9062 (depassement 47 kg) 
   2026-07-19-1.pdf ECHEC MTOW : masse au decollage 9283 lbs > MTOW 9062 (depassement 100 kg) 
   2026-07-19-1.pdf ECHEC MTOW : masse au decollage 9283 lbs > MTOW 9062 (depassement 100 kg) 
   2026-07-19-1.pdf ECHEC MTOW : masse au decollage 9283 lbs > MTOW 9062 (depassement 100 kg) 
   2026-07-19-11.pdf ECHEC MTOW : masse au decollage 9111 lbs > MTOW 9062 (depassement 22 kg) 
   2026-07-19-11.pdf ECHEC MTOW : masse au decollage 9110 lbs > MTOW 9062 (depassement 22 kg) 
   2026-07-19-11.pdf ECHEC MTOW : masse au decollage 9111 lbs > MTOW 9062 (depassement 22 kg) 
   2026-07-19-13.pdf ECHEC MTOW : masse au decollage 9134 lbs > MTOW 9062 (depassement 33 kg) 
   2026-07-19-13.pdf ECHEC MTOW : masse au decollage 9134 lbs > MTOW 9062 (depassement 33 kg) 
   2026-07-19-13.pdf ECHEC MTOW : masse au decollage 9135 lbs > MTOW 9062 (depassement 33 kg) 
   2026-07-19-2.pdf ECHEC MTOW : masse au decollage 9227 lbs > MTOW 9062 (depassement 75 kg) 
   2026-07-19-2.pdf ECHEC MTOW : masse au decollage 9227 lbs > MTOW 9062 (depassement 75 kg) 
   2026-07-19-2.pdf ECHEC MTOW : masse au decollage 9227 lbs > MTOW 9062 (depassement 75 kg) 
   2026-07-19-9.pdf ECHEC MTOW : masse au decollage 9400 lbs > MTOW 9062 (depassement 153 kg) 
   2026-07-19-9.pdf ECHEC MTOW : masse au decollage 9400 lbs > MTOW 9062 (depassement 153 kg) 
   2026-07-19-9.pdf ECHEC MTOW : masse au decollage 9400 lbs > MTOW 9062 (depassement 153 kg) 
   2026-07-20-1.pdf ECHEC MTOW : masse au decollage 9157 lbs > MTOW 9062 (depassement 43 kg) 
   2026-07-20-1.pdf ECHEC MTOW : masse au decollage 9156 lbs > MTOW 9062 (depassement 43 kg) 
   2026-07-20-1.pdf ECHEC MTOW : masse au decollage 9156 lbs > MTOW 9062 (depassement 43 kg) 
   2026-07-20-13.pdf ECHEC MTOW : masse au decollage 9331 lbs > MTOW 9062 (depassement 122 kg) 
   2026-07-20-13.pdf ECHEC MTOW : masse au decollage 9332 lbs > MTOW 9062 (depassement 122 kg) 
   2026-07-20-13.pdf ECHEC MTOW : masse au decollage 9332 lbs > MTOW 9062 (depassement 122 kg) 
   2026-07-20-14.pdf ECHEC MTOW : masse au decollage 9187 lbs > MTOW 9062 (depassement 57 kg) 
   2026-07-20-14.pdf ECHEC MTOW : masse au decollage 9188 lbs > MTOW 9062 (depassement 57 kg) 
   2026-07-20-14.pdf ECHEC MTOW : masse au decollage 9188 lbs > MTOW 9062 (depassement 57 kg) 
   2026-07-21-1.pdf ECHEC MTOW : masse au decollage 9459 lbs > MTOW 9062 (depassement 180 kg) 
   2026-07-21-1.pdf ECHEC MTOW : masse au decollage 9459 lbs > MTOW 9062 (depassement 180 kg) 
   2026-07-21-1.pdf ECHEC MTOW : masse au decollage 9458 lbs > MTOW 9062 (depassement 180 kg) 
   2026-07-21-10.pdf ECHEC MTOW : masse au decollage 9681 lbs > MTOW 9062 (depassement 281 kg) 
   2026-07-21-10.pdf ECHEC MTOW : masse au decollage 9681 lbs > MTOW 9062 (depassement 281 kg) 
   2026-07-21-10.pdf ECHEC MTOW : masse au decollage 9681 lbs > MTOW 9062 (depassement 281 kg) 
   2026-07-21-11.pdf ECHEC MTOW : masse au decollage 9505 lbs > MTOW 9062 (depassement 201 kg) 
   2026-07-21-11.pdf ECHEC MTOW : masse au decollage 9505 lbs > MTOW 9062 (depassement 201 kg) 
   2026-07-21-11.pdf ECHEC MTOW : masse au decollage 9504 lbs > MTOW 9062 (depassement 201 kg) 
   2026-07-21-12.pdf ECHEC MTOW : masse au decollage 9423 lbs > MTOW 9062 (depassement 164 kg) 
   2026-07-21-12.pdf ECHEC MTOW : masse au decollage 9423 lbs > MTOW 9062 (depassement 164 kg) 
   2026-07-21-12.pdf ECHEC MTOW : masse au decollage 9423 lbs > MTOW 9062 (depassement 164 kg) 
   2026-07-21-13.pdf ECHEC MTOW : masse au decollage 9277 lbs > MTOW 9062 (depassement 98 kg) 
   2026-07-21-13.pdf ECHEC MTOW : masse au decollage 9278 lbs > MTOW 9062 (depassement 98 kg) 
   2026-07-21-13.pdf ECHEC MTOW : masse au decollage 9277 lbs > MTOW 9062 (depassement 97 kg) 
   2026-07-21-14.pdf ECHEC MTOW : masse au decollage 9221 lbs > MTOW 9062 (depassement 72 kg) 
   2026-07-21-14.pdf ECHEC MTOW : masse au decollage 9220 lbs > MTOW 9062 (depassement 72 kg) 
   2026-07-21-14.pdf ECHEC MTOW : masse au decollage 9220 lbs > MTOW 9062 (depassement 72 kg) 
   2026-07-21-15.pdf ECHEC MTOW : masse au decollage 9154 lbs > MTOW 9062 (depassement 42 kg) 
   2026-07-21-15.pdf ECHEC MTOW : masse au decollage 9154 lbs > MTOW 9062 (depassement 42 kg) 
   2026-07-21-15.pdf ECHEC MTOW : masse au decollage 9154 lbs > MTOW 9062 (depassement 42 kg) 
   2026-07-21-3.pdf ECHEC MTOW : masse au decollage 9198 lbs > MTOW 9062 (depassement 62 kg) 
   2026-07-21-3.pdf ECHEC MTOW : masse au decollage 9198 lbs > MTOW 9062 (depassement 62 kg) 
   2026-07-21-3.pdf ECHEC MTOW : masse au decollage 9198 lbs > MTOW 9062 (depassement 62 kg) 
   2026-07-21-4.pdf ECHEC MTOW : masse au decollage 9418 lbs > MTOW 9062 (depassement 162 kg) 
   2026-07-21-4.pdf ECHEC MTOW : masse au decollage 9419 lbs > MTOW 9062 (depassement 162 kg) 
   2026-07-21-4.pdf ECHEC MTOW : masse au decollage 9419 lbs > MTOW 9062 (depassement 162 kg) 
   2026-07-21-5.pdf ECHEC MTOW : masse au decollage 9273 lbs > MTOW 9062 (depassement 96 kg) 
   2026-07-21-5.pdf ECHEC MTOW : masse au decollage 9273 lbs > MTOW 9062 (depassement 96 kg) 
   2026-07-21-5.pdf ECHEC MTOW : masse au decollage 9273 lbs > MTOW 9062 (depassement 96 kg) 
   2026-07-21-6.pdf ECHEC MTOW : masse au decollage 9263 lbs > MTOW 9062 (depassement 91 kg) 
   2026-07-21-6.pdf ECHEC MTOW : masse au decollage 9262 lbs > MTOW 9062 (depassement 91 kg) 
   2026-07-21-6.pdf ECHEC MTOW : masse au decollage 9262 lbs > MTOW 9062 (depassement 91 kg) 
   2026-07-21-8.pdf ECHEC MTOW : masse au decollage 9079 lbs > MTOW 9062 (depassement 8 kg) 
   2026-07-21-8.pdf ECHEC MTOW : masse au decollage 9079 lbs > MTOW 9062 (depassement 8 kg) 
   2026-07-21-8.pdf ECHEC MTOW : masse au decollage 9079 lbs > MTOW 9062 (depassement 8 kg) 
   2026-07-21-9.pdf ECHEC MTOW : masse au decollage 9555 lbs > MTOW 9062 (depassement 224 kg) 
   2026-07-21-9.pdf ECHEC MTOW : masse au decollage 9555 lbs > MTOW 9062 (depassement 224 kg) 
   2026-07-21-9.pdf ECHEC MTOW : masse au decollage 9556 lbs > MTOW 9062 (depassement 224 kg) 
   2026-07-22-1.pdf ECHEC MTOW : masse au decollage 9313 lbs > MTOW 9062 (depassement 114 kg) 
   2026-07-22-1.pdf ECHEC MTOW : masse au decollage 9313 lbs > MTOW 9062 (depassement 114 kg) 
   2026-07-22-1.pdf ECHEC MTOW : masse au decollage 9313 lbs > MTOW 9062 (depassement 114 kg) 
   2026-07-22-10.pdf ECHEC MTOW : masse au decollage 9127 lbs > MTOW 9062 (depassement 29 kg) 
   2026-07-22-10.pdf ECHEC MTOW : masse au decollage 9127 lbs > MTOW 9062 (depassement 29 kg) 
   2026-07-22-10.pdf ECHEC MTOW : masse au decollage 9127 lbs > MTOW 9062 (depassement 29 kg) 
   2026-07-22-11.pdf ECHEC MTOW : masse au decollage 9086 lbs > MTOW 9062 (depassement 11 kg) 
   2026-07-22-11.pdf ECHEC MTOW : masse au decollage 9086 lbs > MTOW 9062 (depassement 11 kg) 
   2026-07-22-11.pdf ECHEC MTOW : masse au decollage 9087 lbs > MTOW 9062 (depassement 11 kg) 
   2026-07-22-12.pdf ECHEC MTOW : masse au decollage 9090 lbs > MTOW 9062 (depassement 13 kg) 
   2026-07-22-12.pdf ECHEC MTOW : masse au decollage 9090 lbs > MTOW 9062 (depassement 13 kg) 
   2026-07-22-12.pdf ECHEC MTOW : masse au decollage 9090 lbs > MTOW 9062 (depassement 13 kg) 
   2026-07-22-2-1.pdf ECHEC MTOW : masse au decollage 9125 lbs > MTOW 9062 (depassement 28 kg) 
   2026-07-22-2-1.pdf ECHEC MTOW : masse au decollage 9124 lbs > MTOW 9062 (depassement 28 kg) 
   2026-07-22-2-1.pdf ECHEC MTOW : masse au decollage 9125 lbs > MTOW 9062 (depassement 28 kg) 
   2026-07-22-2-3.pdf ignore (carburant_absent) carburant_absent
   2026-07-22-2-3.pdf ignore (carburant_absent) carburant_absent
   2026-07-22-2-3.pdf ignore (carburant_absent) carburant_absent
   2026-07-22-2-4.pdf ECHEC MTOW : masse au decollage 9211 lbs > MTOW 9062 (depassement 67 kg) 
   2026-07-22-2-4.pdf ECHEC MTOW : masse au decollage 9210 lbs > MTOW 9062 (depassement 67 kg) 
   2026-07-22-2-4.pdf ECHEC MTOW : masse au decollage 9211 lbs > MTOW 9062 (depassement 67 kg) 
   2026-07-22-2-5.pdf ECHEC MTOW : masse au decollage 9669 lbs > MTOW 9062 (depassement 275 kg) 
   2026-07-22-2-5.pdf ECHEC MTOW : masse au decollage 9668 lbs > MTOW 9062 (depassement 275 kg) 
   2026-07-22-2-5.pdf ECHEC MTOW : masse au decollage 9669 lbs > MTOW 9062 (depassement 275 kg) 
   2026-07-22-2.pdf ECHEC MTOW : masse au decollage 9218 lbs > MTOW 9062 (depassement 71 kg) 
   2026-07-22-2.pdf ECHEC MTOW : masse au decollage 9218 lbs > MTOW 9062 (depassement 71 kg) 
   2026-07-22-2.pdf ECHEC MTOW : masse au decollage 9217 lbs > MTOW 9062 (depassement 70 kg) 
   2026-07-22-3.pdf ECHEC MTOW : masse au decollage 9535 lbs > MTOW 9062 (depassement 215 kg) 
   2026-07-22-3.pdf ECHEC MTOW : masse au decollage 9536 lbs > MTOW 9062 (depassement 215 kg) 
   2026-07-22-3.pdf ECHEC MTOW : masse au decollage 9535 lbs > MTOW 9062 (depassement 215 kg) 
   2026-07-22-4.pdf ECHEC MTOW : masse au decollage 9447 lbs > MTOW 9062 (depassement 175 kg) 
   2026-07-22-4.pdf ECHEC MTOW : masse au decollage 9447 lbs > MTOW 9062 (depassement 175 kg) 
   2026-07-22-4.pdf ECHEC MTOW : masse au decollage 9447 lbs > MTOW 9062 (depassement 175 kg) 
   2026-07-22-5.pdf ECHEC MTOW : masse au decollage 9145 lbs > MTOW 9062 (depassement 38 kg) 
   2026-07-22-5.pdf ECHEC MTOW : masse au decollage 9145 lbs > MTOW 9062 (depassement 38 kg) 
   2026-07-22-5.pdf ECHEC MTOW : masse au decollage 9146 lbs > MTOW 9062 (depassement 38 kg) 
   2026-07-22-9.pdf ECHEC MTOW : masse au decollage 9452 lbs > MTOW 9062 (depassement 177 kg) 
   2026-07-22-9.pdf ECHEC MTOW : masse au decollage 9453 lbs > MTOW 9062 (depassement 177 kg) 
   2026-07-22-9.pdf ECHEC MTOW : masse au decollage 9452 lbs > MTOW 9062 (depassement 177 kg) 
   2026-07-23-1.pdf ignore (carburant_absent) carburant_absent
   2026-07-23-1.pdf ignore (carburant_absent) carburant_absent
   2026-07-23-1.pdf ignore (carburant_absent) carburant_absent
   2026-07-23-10.pdf ECHEC MTOW : masse au decollage 9194 lbs > MTOW 9062 (depassement 60 kg) 
   2026-07-23-10.pdf ECHEC MTOW : masse au decollage 9194 lbs > MTOW 9062 (depassement 60 kg) 
   2026-07-23-10.pdf ECHEC MTOW : masse au decollage 9194 lbs > MTOW 9062 (depassement 60 kg) 
   2026-07-23-11.pdf ECHEC MTOW : masse au decollage 9167 lbs > MTOW 9062 (depassement 48 kg) 
   2026-07-23-11.pdf ECHEC MTOW : masse au decollage 9167 lbs > MTOW 9062 (depassement 48 kg) 
   2026-07-23-11.pdf ECHEC MTOW : masse au decollage 9167 lbs > MTOW 9062 (depassement 48 kg) 
   2026-07-23-13.pdf ECHEC MTOW : masse au decollage 9167 lbs > MTOW 9062 (depassement 48 kg) 
   2026-07-23-13.pdf ECHEC MTOW : masse au decollage 9168 lbs > MTOW 9062 (depassement 48 kg) 
   2026-07-23-13.pdf ECHEC MTOW : masse au decollage 9167 lbs > MTOW 9062 (depassement 48 kg) 
   2026-07-23-9.pdf ignore (carburant_absent) carburant_absent
   2026-07-23-9.pdf ignore (carburant_absent) carburant_absent
   2026-07-23-9.pdf ignore (carburant_absent) carburant_absent
   2026-07-24-1.pdf ECHEC MTOW : masse au decollage 9253 lbs > MTOW 9062 (depassement 87 kg) 
   2026-07-24-1.pdf ECHEC MTOW : masse au decollage 9253 lbs > MTOW 9062 (depassement 87 kg) 
   2026-07-24-1.pdf ECHEC MTOW : masse au decollage 9253 lbs > MTOW 9062 (depassement 87 kg) 
   2026-07-24-2.pdf ECHEC MTOW : masse au decollage 9321 lbs > MTOW 9062 (depassement 117 kg) 
   2026-07-24-2.pdf ECHEC MTOW : masse au decollage 9321 lbs > MTOW 9062 (depassement 117 kg) 
   2026-07-24-2.pdf ECHEC MTOW : masse au decollage 9320 lbs > MTOW 9062 (depassement 117 kg) 
   2026-07-24-7.pdf ECHEC MTOW : masse au decollage 9089 lbs > MTOW 9062 (depassement 12 kg) 
   2026-07-24-7.pdf ECHEC MTOW : masse au decollage 9089 lbs > MTOW 9062 (depassement 12 kg) 
   2026-07-24-7.pdf ECHEC MTOW : masse au decollage 9088 lbs > MTOW 9062 (depassement 12 kg) 
   2026-07-27-1.pdf ECHEC MTOW : masse au decollage 9309 lbs > MTOW 9062 (depassement 112 kg) 
   2026-07-27-1.pdf ECHEC MTOW : masse au decollage 9309 lbs > MTOW 9062 (depassement 112 kg) 
   2026-07-27-1.pdf ECHEC MTOW : masse au decollage 9308 lbs > MTOW 9062 (depassement 112 kg) 
   2026-07-27-2.pdf ECHEC MTOW : masse au decollage 9249 lbs > MTOW 9062 (depassement 85 kg) 
   2026-07-27-2.pdf ECHEC MTOW : masse au decollage 9249 lbs > MTOW 9062 (depassement 85 kg) 
   2026-07-27-2.pdf ECHEC MTOW : masse au decollage 9249 lbs > MTOW 9062 (depassement 85 kg) 
   2026-07-27-4.pdf ECHEC MTOW : masse au decollage 9212 lbs > MTOW 9062 (depassement 68 kg) 
   2026-07-27-4.pdf ECHEC MTOW : masse au decollage 9213 lbs > MTOW 9062 (depassement 68 kg) 
   2026-07-27-4.pdf ECHEC MTOW : masse au decollage 9213 lbs > MTOW 9062 (depassement 68 kg) 
   2026-07-28-11.pdf ECHEC MTOW : masse au decollage 9088 lbs > MTOW 9062 (depassement 12 kg) 
   2026-07-28-11.pdf ECHEC MTOW : masse au decollage 9088 lbs > MTOW 9062 (depassement 12 kg) 
   2026-07-28-11.pdf ECHEC MTOW : masse au decollage 9088 lbs > MTOW 9062 (depassement 12 kg) 
   2026-07-29-1pdf ECHEC MTOW : masse au decollage 9091 lbs > MTOW 9062 (depassement 13 kg) groupes 7/6
   2026-07-29-1pdf ECHEC MTOW : masse au decollage 9090 lbs > MTOW 9062 (depassement 13 kg) groupes 7/6
   2026-07-29-1pdf ECHEC MTOW : masse au decollage 9091 lbs > MTOW 9062 (depassement 13 kg) groupes 7/6
   2026-07-29-2.pdf ECHEC MTOW : masse au decollage 9143 lbs > MTOW 9062 (depassement 37 kg) 
   2026-07-29-2.pdf ECHEC MTOW : masse au decollage 9144 lbs > MTOW 9062 (depassement 37 kg) 
   2026-07-29-2.pdf ECHEC MTOW : masse au decollage 9144 lbs > MTOW 9062 (depassement 37 kg) 
   2026-07-29-3.pdf ok groupes 5/4
   2026-07-29-3.pdf ok groupes 5/4
   2026-07-29-3.pdf ok groupes 5/4
   2026-07-29-6.pdf ok groupes 8/6
   2026-07-29-6.pdf ok groupes 8/6
   2026-07-29-6.pdf ok groupes 8/6
